Archive member included to satisfy reference by file (symbol)

app/libapp.a(main.c.obj)      (--whole-archive)
zephyr/libzephyr.a(cbprintf_packaged.c.obj)
                              (--whole-archive)
zephyr/libzephyr.a(dec.c.obj)
                              (--whole-archive)
zephyr/libzephyr.a(fdtable.c.obj)
                              (--whole-archive)
zephyr/libzephyr.a(hex.c.obj)
                              (--whole-archive)
zephyr/libzephyr.a(printk.c.obj)
                              (--whole-archive)
zephyr/libzephyr.a(rb.c.obj)  (--whole-archive)
zephyr/libzephyr.a(sem.c.obj)
                              (--whole-archive)
zephyr/libzephyr.a(thread_entry.c.obj)
                              (--whole-archive)
zephyr/libzephyr.a(timeutil.c.obj)
                              (--whole-archive)
zephyr/libzephyr.a(heap.c.obj)
                              (--whole-archive)
zephyr/libzephyr.a(heap-validate.c.obj)
                              (--whole-archive)
zephyr/libzephyr.a(bitarray.c.obj)
                              (--whole-archive)
zephyr/libzephyr.a(multi_heap.c.obj)
                              (--whole-archive)
zephyr/libzephyr.a(cbprintf_complete.c.obj)
                              (--whole-archive)
zephyr/libzephyr.a(cbprintf.c.obj)
                              (--whole-archive)
zephyr/libzephyr.a(assert.c.obj)
                              (--whole-archive)
zephyr/libzephyr.a(configs.c.obj)
                              (--whole-archive)
zephyr/libzephyr.a(soc.c.obj)
                              (--whole-archive)
zephyr/libzephyr.a(stm32cube_hal.c.obj)
                              (--whole-archive)
zephyr/libzephyr.a(soc_config.c.obj)
                              (--whole-archive)
zephyr/libzephyr.a(tracing_none.c.obj)
                              (--whole-archive)
zephyr/arch/common/libarch__common.a(sw_isr_common.c.obj)
                              (--whole-archive)
zephyr/arch/arch/arm/core/aarch32/libarch__arm__core__aarch32.a(cpu_idle.S.obj)
                              (--whole-archive)
zephyr/arch/arch/arm/core/aarch32/libarch__arm__core__aarch32.a(fatal.c.obj)
                              (--whole-archive)
zephyr/arch/arch/arm/core/aarch32/libarch__arm__core__aarch32.a(irq_manage.c.obj)
                              (--whole-archive)
zephyr/arch/arch/arm/core/aarch32/libarch__arm__core__aarch32.a(nmi.c.obj)
                              (--whole-archive)
zephyr/arch/arch/arm/core/aarch32/libarch__arm__core__aarch32.a(nmi_on_reset.S.obj)
                              (--whole-archive)
zephyr/arch/arch/arm/core/aarch32/libarch__arm__core__aarch32.a(prep_c.c.obj)
                              (--whole-archive)
zephyr/arch/arch/arm/core/aarch32/libarch__arm__core__aarch32.a(swap.c.obj)
                              (--whole-archive)
zephyr/arch/arch/arm/core/aarch32/libarch__arm__core__aarch32.a(swap_helper.S.obj)
                              (--whole-archive)
zephyr/arch/arch/arm/core/aarch32/libarch__arm__core__aarch32.a(thread.c.obj)
                              (--whole-archive)
zephyr/arch/arch/arm/core/aarch32/libarch__arm__core__aarch32.a(isr_wrapper.S.obj)
                              (--whole-archive)
zephyr/arch/arch/arm/core/aarch32/cortex_m/libarch__arm__core__aarch32__cortex_m.a(exc_exit.S.obj)
                              (--whole-archive)
zephyr/arch/arch/arm/core/aarch32/cortex_m/libarch__arm__core__aarch32__cortex_m.a(fault.c.obj)
                              (--whole-archive)
zephyr/arch/arch/arm/core/aarch32/cortex_m/libarch__arm__core__aarch32__cortex_m.a(fault_s.S.obj)
                              (--whole-archive)
zephyr/arch/arch/arm/core/aarch32/cortex_m/libarch__arm__core__aarch32__cortex_m.a(fpu.c.obj)
                              (--whole-archive)
zephyr/arch/arch/arm/core/aarch32/cortex_m/libarch__arm__core__aarch32__cortex_m.a(irq_init.c.obj)
                              (--whole-archive)
zephyr/arch/arch/arm/core/aarch32/cortex_m/libarch__arm__core__aarch32__cortex_m.a(reset.S.obj)
                              (--whole-archive)
zephyr/arch/arch/arm/core/aarch32/cortex_m/libarch__arm__core__aarch32__cortex_m.a(scb.c.obj)
                              (--whole-archive)
zephyr/arch/arch/arm/core/aarch32/cortex_m/libarch__arm__core__aarch32__cortex_m.a(thread_abort.c.obj)
                              (--whole-archive)
zephyr/arch/arch/arm/core/aarch32/cortex_m/libarch__arm__core__aarch32__cortex_m.a(vector_table.S.obj)
                              (--whole-archive)
zephyr/lib/libc/minimal/liblib__libc__minimal.a(atoi.c.obj)
                              (--whole-archive)
zephyr/lib/libc/minimal/liblib__libc__minimal.a(strtol.c.obj)
                              (--whole-archive)
zephyr/lib/libc/minimal/liblib__libc__minimal.a(strtoul.c.obj)
                              (--whole-archive)
zephyr/lib/libc/minimal/liblib__libc__minimal.a(strtoll.c.obj)
                              (--whole-archive)
[...]
Memory Configuration

Name             Origin             Length             Attributes
FLASH            0x0000000008000000 0x0000000000010000 xr
RAM              0x0000000020000000 0x0000000000005000 xw
IDT_LIST         0x00000000fffff7ff 0x0000000000000800 xw
*default*        0x0000000000000000 0xffffffffffffffff

Linker script and memory map

LOAD zephyr/CMakeFiles/zephyr_final.dir/misc/empty_file.c.obj
LOAD zephyr/CMakeFiles/zephyr_final.dir/isr_tables.c.obj
LOAD zephyr/CMakeFiles/offsets.dir/./arch/arm/core/offsets/offsets.c.obj
LOAD app/libapp.a
LOAD zephyr/libzephyr.a
LOAD zephyr/arch/common/libarch__common.a
LOAD zephyr/arch/arch/arm/core/aarch32/libarch__arm__core__aarch32.a
LOAD zephyr/arch/arch/arm/core/aarch32/cortex_m/libarch__arm__core__aarch32__cortex_m.a
LOAD zephyr/lib/libc/minimal/liblib__libc__minimal.a
LOAD zephyr/lib/libc/common/liblib__libc__common.a
LOAD zephyr/drivers/interrupt_controller/libdrivers__interrupt_controller.a
LOAD zephyr/drivers/clock_control/libdrivers__clock_control.a
LOAD zephyr/drivers/gpio/libdrivers__gpio.a
LOAD zephyr/drivers/pinctrl/libdrivers__pinctrl.a
LOAD zephyr/drivers/timer/libdrivers__timer.a
LOAD modules/stm32/stm32cube/lib..__modules__hal__stm32__stm32cube.a
LOAD zephyr/kernel/libkernel.a
LOAD d:/desktop/source/zephyr-sdk-0.16.1/arm-zephyr-eabi/bin/../lib/gcc/arm-zephyr-eabi/12.2.0/thumb/v7-m/nofp\libgcc.a
LOAD zephyr/arch/common/libisr_tables.a
                0x0000000000000004                _region_min_align = 0x4

.rel.plt        0x0000000008000000        0x0
 *(SORT_BY_ALIGNMENT(.rel.plt))
                [!provide]                        PROVIDE (__rel_iplt_start = .)
 *(SORT_BY_ALIGNMENT(.rel.iplt))
 .rel.iplt      0x0000000008000000        0x0 zephyr/CMakeFiles/zephyr_final.dir/isr_tables.c.obj
                [!provide]                        PROVIDE (__rel_iplt_end = .)

.rela.plt       0x0000000000000000        0x0
 *(SORT_BY_ALIGNMENT(.rela.plt))
                [!provide]                        PROVIDE (__rela_iplt_start = .)
 *(SORT_BY_ALIGNMENT(.rela.iplt))
                [!provide]                        PROVIDE (__rela_iplt_end = .)

.rel.dyn
 *(SORT_BY_ALIGNMENT(.rel.*))

.rela.dyn
 *(SORT_BY_ALIGNMENT(.rela.*))

/DISCARD/
 *(SORT_BY_ALIGNMENT(.plt))

/DISCARD/
 *(SORT_BY_ALIGNMENT(.iplt))
                0x0000000008000000                __rom_region_start = 0x8000000

rom_start       0x0000000008000000      0x130
                0x0000000008000000                __rom_start_address = .
                0x0000000008000000                . = (. + (0x0 - (. - __rom_start_address)))
                0x0000000008000000                . = ALIGN (0x4)
                0x0000000008000000                . = ALIGN (0x80)
                0x0000000008000000                . = ALIGN (0x200)
                0x0000000008000000                _vector_start = .
 *(SORT_BY_ALIGNMENT(.exc_vector_table))
 *(SORT_BY_ALIGNMENT(.exc_vector_table.*))
 .exc_vector_table._vector_table_section
                0x0000000008000000       0x40 zephyr/arch/arch/arm/core/aarch32/cortex_m/libarch__arm__core__aarch32__cortex_m.a(vector_table.S.obj)
                0x0000000008000000                _vector_table
 *(SORT_BY_ALIGNMENT(.vectors))
                0x0000000008000130                _vector_end = .
                0x0000000008000040                . = ALIGN (0x4)
 *(SORT_BY_ALIGNMENT(.gnu.linkonce.irq_vector_table*))
 .gnu.linkonce.irq_vector_table
                0x0000000008000040       0xf0 zephyr/CMakeFiles/zephyr_final.dir/isr_tables.c.obj
                0x0000000008000040                _irq_vector_table
                0x0000000008000130                _vector_end = .

text            0x0000000008000130     0x2798
                0x0000000008000130                __text_region_start = .
 *(SORT_BY_ALIGNMENT(.text))
 .text          0x0000000008000130       0x30 d:/desktop/source/zephyr-sdk-0.16.1/arm-zephyr-eabi/bin/../lib/gcc/arm-zephyr-eabi/12.2.0/thumb/v7-m/nofp\libgcc.a(_aeabi_uldivmod.o)
                0x0000000008000130                __aeabi_uldivmod
 .text          0x0000000008000160        0x4 d:/desktop/source/zephyr-sdk-0.16.1/arm-zephyr-eabi/bin/../lib/gcc/arm-zephyr-eabi/12.2.0/thumb/v7-m/nofp\libgcc.a(_dvmd_tls.o)
                0x0000000008000160                __aeabi_idiv0
                0x0000000008000160                __aeabi_ldiv0
 .text          0x0000000008000164      0x2a0 d:/desktop/source/zephyr-sdk-0.16.1/arm-zephyr-eabi/bin/../lib/gcc/arm-zephyr-eabi/12.2.0/thumb/v7-m/nofp\libgcc.a(_udivmoddi4.o)
                0x0000000008000164                __udivmoddi4
 *(SORT_BY_ALIGNMENT(.text.*))
 .text.main     0x0000000008000404       0x5c app/libapp.a(main.c.obj)
                0x0000000008000404                main
 .text.char_out
                0x0000000008000460        0xc zephyr/libzephyr.a(printk.c.obj)
 .text.vprintk  0x000000000800046c       0x1c zephyr/libzephyr.a(printk.c.obj)
                0x000000000800046c                vprintk
 .text.z_cbvprintf_impl
                0x0000000008000488      0x764 zephyr/libzephyr.a(cbprintf_complete.c.obj)
                0x0000000008000488                z_cbvprintf_impl
 .text.stm32f1_init
                0x0000000008000bec       0x14 zephyr/libzephyr.a(soc.c.obj)
 .text.z_arm_cpu_idle_init
                0x0000000008000c00        0xc zephyr/arch/arch/arm/core/aarch32/libarch__arm__core__aarch32.a(cpu_idle.S.obj)
                0x0000000008000c00                z_arm_cpu_idle_init
 .text.arch_cpu_idle
                0x0000000008000c0c       0x1c zephyr/arch/arch/arm/core/aarch32/libarch__arm__core__aarch32.a(cpu_idle.S.obj)
                0x0000000008000c0c                arch_cpu_idle
 .text.arch_irq_enable
                0x0000000008000c28       0x1c zephyr/arch/arch/arm/core/aarch32/libarch__arm__core__aarch32.a(irq_manage.c.obj)
                0x0000000008000c28                arch_irq_enable
 .text.z_arm_irq_priority_set
                0x0000000008000c44       0x2c zephyr/arch/arch/arm/core/aarch32/libarch__arm__core__aarch32.a(irq_manage.c.obj)
                0x0000000008000c44                z_arm_irq_priority_set
 .text.z_SysNmiOnReset
                0x0000000008000c70        0x8 zephyr/arch/arch/arm/core/aarch32/libarch__arm__core__aarch32.a(nmi_on_reset.S.obj)
                0x0000000008000c70                z_SysNmiOnReset
 .text.z_arm_prep_c
                0x0000000008000c78       0x30 zephyr/arch/arch/arm/core/aarch32/libarch__arm__core__aarch32.a(prep_c.c.obj)
                0x0000000008000c78                z_arm_prep_c
 .text.arch_swap
                0x0000000008000ca8       0x34 zephyr/arch/arch/arm/core/aarch32/libarch__arm__core__aarch32.a(swap.c.obj)
                0x0000000008000ca8                arch_swap
 .text.z_arm_pendsv
                0x0000000008000cdc       0x48 zephyr/arch/arch/arm/core/aarch32/libarch__arm__core__aarch32.a(swap_helper.S.obj)
                0x0000000008000cdc                z_arm_pendsv
 .text.z_arm_svc
                0x0000000008000d24       0x20 zephyr/arch/arch/arm/core/aarch32/libarch__arm__core__aarch32.a(swap_helper.S.obj)
                0x0000000008000d24                z_arm_svc
 .text.arch_new_thread
                0x0000000008000d44       0x38 zephyr/arch/arch/arm/core/aarch32/libarch__arm__core__aarch32.a(thread.c.obj)
                0x0000000008000d44                arch_new_thread
 .text.arch_switch_to_main_thread
                0x0000000008000d7c       0x24 zephyr/arch/arch/arm/core/aarch32/libarch__arm__core__aarch32.a(thread.c.obj)
                0x0000000008000d7c                arch_switch_to_main_thread
 .text._isr_wrapper
                0x0000000008000da0       0x28 zephyr/arch/arch/arm/core/aarch32/libarch__arm__core__aarch32.a(isr_wrapper.S.obj)
                0x0000000008000da0                _isr_wrapper
 .text._HandlerModeExit
                0x0000000008000dc8       0x1c zephyr/arch/arch/arm/core/aarch32/cortex_m/libarch__arm__core__aarch32__cortex_m.a(exc_exit.S.obj)
                0x0000000008000dc8                z_arm_int_exit
                0x0000000008000dc8                z_arm_exc_exit
 .text.usage_fault.constprop.0
                0x0000000008000de4       0x54 zephyr/arch/arch/arm/core/aarch32/cortex_m/libarch__arm__core__aarch32__cortex_m.a(fault.c.obj)
 .text.bus_fault.constprop.0
                0x0000000008000e38       0x60 zephyr/arch/arch/arm/core/aarch32/cortex_m/libarch__arm__core__aarch32__cortex_m.a(fault.c.obj)
 .text.mem_manage_fault.constprop.0
                0x0000000008000e98       0x5c zephyr/arch/arch/arm/core/aarch32/cortex_m/libarch__arm__core__aarch32__cortex_m.a(fault.c.obj)
 .text.z_arm_fault
                0x0000000008000ef4      0x118 zephyr/arch/arch/arm/core/aarch32/cortex_m/libarch__arm__core__aarch32__cortex_m.a(fault.c.obj)
                0x0000000008000ef4                z_arm_fault
 .text.z_arm_fault_init
                0x000000000800100c       0x10 zephyr/arch/arch/arm/core/aarch32/cortex_m/libarch__arm__core__aarch32__cortex_m.a(fault.c.obj)
                0x000000000800100c                z_arm_fault_init
 .text.__fault  0x000000000800101c       0x14 zephyr/arch/arch/arm/core/aarch32/cortex_m/libarch__arm__core__aarch32__cortex_m.a(fault_s.S.obj)
                0x000000000800101c                z_arm_usage_fault
                0x000000000800101c                z_arm_mpu_fault
                0x000000000800101c                z_arm_exc_spurious
                0x000000000800101c                z_arm_debug_monitor
                0x000000000800101c                z_arm_hard_fault
                0x000000000800101c                z_arm_bus_fault
 .text.z_arm_interrupt_init
                0x0000000008001030       0x18 zephyr/arch/arch/arm/core/aarch32/cortex_m/libarch__arm__core__aarch32__cortex_m.a(irq_init.c.obj)
                0x0000000008001030                z_arm_interrupt_init
 .text._reset_section
                0x0000000008001048       0x2c zephyr/arch/arch/arm/core/aarch32/cortex_m/libarch__arm__core__aarch32__cortex_m.a(reset.S.obj)
                0x0000000008001048                __start
                0x0000000008001048                z_arm_reset
 .text.z_impl_k_thread_abort
                0x0000000008001074       0x2c zephyr/arch/arch/arm/core/aarch32/cortex_m/libarch__arm__core__aarch32__cortex_m.a(thread_abort.c.obj)
                0x0000000008001074                z_impl_k_thread_abort
 .text.stm32_exti_isr
                0x00000000080010a0       0x4c zephyr/drivers/interrupt_controller/libdrivers__interrupt_controller.a(intc_exti_stm32.c.obj)
 .text.stm32_fill_irq_table
                0x00000000080010ec       0x18 zephyr/drivers/interrupt_controller/libdrivers__interrupt_controller.a(intc_exti_stm32.c.obj)
 .text.stm32_exti_enable
                0x0000000008001104       0x24 zephyr/drivers/interrupt_controller/libdrivers__interrupt_controller.a(intc_exti_stm32.c.obj)
                0x0000000008001104                stm32_exti_enable
 .text.stm32_exti_disable
                0x0000000008001128       0x18 zephyr/drivers/interrupt_controller/libdrivers__interrupt_controller.a(intc_exti_stm32.c.obj)
                0x0000000008001128                stm32_exti_disable
 .text.stm32_exti_trigger
                0x0000000008001140       0x60 zephyr/drivers/interrupt_controller/libdrivers__interrupt_controller.a(intc_exti_stm32.c.obj)
                0x0000000008001140                stm32_exti_trigger
 .text.stm32_exti_set_callback
                0x00000000080011a0       0x30 zephyr/drivers/interrupt_controller/libdrivers__interrupt_controller.a(intc_exti_stm32.c.obj)
                0x00000000080011a0                stm32_exti_set_callback
 .text.stm32_exti_unset_callback
                0x00000000080011d0       0x14 zephyr/drivers/interrupt_controller/libdrivers__interrupt_controller.a(intc_exti_stm32.c.obj)
                0x00000000080011d0                stm32_exti_unset_callback
 .text.stm32_clock_control_get_subsys_rate
                0x00000000080011e4       0x44 zephyr/drivers/clock_control/libdrivers__clock_control.a(clock_stm32_ll_common.c.obj)
 .text.stm32_clock_control_init
                0x0000000008001228       0xe8 zephyr/drivers/clock_control/libdrivers__clock_control.a(clock_stm32_ll_common.c.obj)
                0x0000000008001228                stm32_clock_control_init
 .text.config_pll_sysclock
                0x0000000008001310       0x1c zephyr/drivers/clock_control/libdrivers__clock_control.a(clock_stm32f1.c.obj)
                0x0000000008001310                config_pll_sysclock
 .text.gpio_stm32_init
                0x000000000800132c       0x30 zephyr/drivers/gpio/libdrivers__gpio.a(gpio_stm32.c.obj)
 .text.gpio_stm32_pin_interrupt_configure
                0x000000000800135c       0xe0 zephyr/drivers/gpio/libdrivers__gpio.a(gpio_stm32.c.obj)
 .text.elapsed  0x000000000800143c       0x3c zephyr/drivers/timer/libdrivers__timer.a(cortex_m_systick.c.obj)
 .text.sys_clock_driver_init
                0x0000000008001478       0x34 zephyr/drivers/timer/libdrivers__timer.a(cortex_m_systick.c.obj)
 .text.sys_clock_isr
                0x00000000080014ac       0x54 zephyr/drivers/timer/libdrivers__timer.a(cortex_m_systick.c.obj)
                0x00000000080014ac                sys_clock_isr
 .text.sys_clock_set_timeout
                0x0000000008001500       0xf4 zephyr/drivers/timer/libdrivers__timer.a(cortex_m_systick.c.obj)
                0x0000000008001500                sys_clock_set_timeout
 .text.sys_clock_elapsed
                0x00000000080015f4       0x3c zephyr/drivers/timer/libdrivers__timer.a(cortex_m_systick.c.obj)
                0x00000000080015f4                sys_clock_elapsed
 .text.HAL_RCC_GetSysClockFreq
                0x0000000008001630       0x74 modules/stm32/stm32cube/lib..__modules__hal__stm32__stm32cube.a(stm32f1xx_hal_rcc.c.obj)
                0x0000000008001630                HAL_RCC_GetSysClockFreq
 .text.LL_SetFlashLatency
                0x00000000080016a4       0x4c modules/stm32/stm32cube/lib..__modules__hal__stm32__stm32cube.a(stm32f1xx_ll_utils.c.obj)
                0x00000000080016a4                LL_SetFlashLatency
 .text.z_sys_init_run_level
                0x00000000080016f0       0x48 zephyr/kernel/libkernel.a(init.c.obj)
 .text.bg_thread_main
                0x0000000008001738       0x34 zephyr/kernel/libkernel.a(init.c.obj)
 .text.z_bss_zero
                0x000000000800176c       0x18 zephyr/kernel/libkernel.a(init.c.obj)
                0x000000000800176c                z_bss_zero
 .text.z_init_cpu
                0x0000000008001784       0x84 zephyr/kernel/libkernel.a(init.c.obj)
                0x0000000008001784                z_init_cpu
 .text.z_cstart
                0x0000000008001808       0xcc zephyr/kernel/libkernel.a(init.c.obj)
                0x0000000008001808                z_cstart
 .text.z_setup_new_thread
                0x00000000080018d4       0x54 zephyr/kernel/libkernel.a(thread.c.obj)
                0x00000000080018d4                z_setup_new_thread
 .text.z_init_static_threads
                0x0000000008001928       0x98 zephyr/kernel/libkernel.a(thread.c.obj)
                0x0000000008001928                z_init_static_threads
 .text.sliceable
                0x00000000080019c0       0x3c zephyr/kernel/libkernel.a(sched.c.obj)
 .text.slice_timeout
                0x00000000080019fc       0x20 zephyr/kernel/libkernel.a(sched.c.obj)
 .text.z_reset_time_slice
                0x0000000008001a1c       0x50 zephyr/kernel/libkernel.a(sched.c.obj)
                0x0000000008001a1c                z_reset_time_slice
 .text.update_cache
                0x0000000008001a6c       0x3c zephyr/kernel/libkernel.a(sched.c.obj)
 .text.move_thread_to_end_of_prio_q
                0x0000000008001aa8       0x74 zephyr/kernel/libkernel.a(sched.c.obj)
 .text.ready_thread
                0x0000000008001b1c       0x68 zephyr/kernel/libkernel.a(sched.c.obj)
 .text.unready_thread
                0x0000000008001b84       0x30 zephyr/kernel/libkernel.a(sched.c.obj)
 .text.z_time_slice
                0x0000000008001bb4       0x60 zephyr/kernel/libkernel.a(sched.c.obj)
                0x0000000008001bb4                z_time_slice
 .text.z_reschedule
                0x0000000008001c14       0x24 zephyr/kernel/libkernel.a(sched.c.obj)
                0x0000000008001c14                z_reschedule
 .text.z_sched_start
                0x0000000008001c38       0x3c zephyr/kernel/libkernel.a(sched.c.obj)
                0x0000000008001c38                z_sched_start
 .text.z_impl_k_thread_suspend
                0x0000000008001c74       0x64 zephyr/kernel/libkernel.a(sched.c.obj)
                0x0000000008001c74                z_impl_k_thread_suspend
 .text.k_sched_lock
                0x0000000008001cd8       0x28 zephyr/kernel/libkernel.a(sched.c.obj)
                0x0000000008001cd8                k_sched_lock
 .text.k_sched_unlock
                0x0000000008001d00       0x38 zephyr/kernel/libkernel.a(sched.c.obj)
                0x0000000008001d00                k_sched_unlock
 .text.z_sched_init
                0x0000000008001d38       0x10 zephyr/kernel/libkernel.a(sched.c.obj)
                0x0000000008001d38                z_sched_init
 .text.z_impl_k_yield
                0x0000000008001d48       0x7c zephyr/kernel/libkernel.a(sched.c.obj)
                0x0000000008001d48                z_impl_k_yield
 .text.z_tick_sleep
                0x0000000008001dc4       0x88 zephyr/kernel/libkernel.a(sched.c.obj)
 .text.z_impl_k_sleep
                0x0000000008001e4c       0x30 zephyr/kernel/libkernel.a(sched.c.obj)
                0x0000000008001e4c                z_impl_k_sleep
 .text.z_impl_z_current_get
                0x0000000008001e7c        0xc zephyr/kernel/libkernel.a(sched.c.obj)
                0x0000000008001e7c                z_impl_z_current_get
 .text.z_thread_abort
                0x0000000008001e88       0xc0 zephyr/kernel/libkernel.a(sched.c.obj)
                0x0000000008001e88                z_thread_abort
 .text.z_data_copy
                0x0000000008001f48       0x34 zephyr/kernel/libkernel.a(xip.c.obj)
                0x0000000008001f48                z_data_copy
 .text.elapsed  0x0000000008001f7c       0x14 zephyr/kernel/libkernel.a(timeout.c.obj)
 .text.next_timeout
                0x0000000008001f90       0x40 zephyr/kernel/libkernel.a(timeout.c.obj)
 .text.remove_timeout
                0x0000000008001fd0       0x38 zephyr/kernel/libkernel.a(timeout.c.obj)
 .text.z_add_timeout
                0x0000000008002008       0xec zephyr/kernel/libkernel.a(timeout.c.obj)
                0x0000000008002008                z_add_timeout
 .text.sys_clock_announce
                0x00000000080020f4       0xd4 zephyr/kernel/libkernel.a(timeout.c.obj)
                0x00000000080020f4                sys_clock_announce
 .text.sys_clock_tick_get
                0x00000000080021c8       0x34 zephyr/kernel/libkernel.a(timeout.c.obj)
                0x00000000080021c8                sys_clock_tick_get
 .text.boot_banner
                0x00000000080021fc        0xc zephyr/kernel/libkernel.a(banner.c.obj)
                0x00000000080021fc                boot_banner
 .text._OffsetAbsSyms
                0x0000000008002208        0x2 zephyr/CMakeFiles/offsets.dir/./arch/arm/core/offsets/offsets.c.obj
                0x0000000008002208                _OffsetAbsSyms
 .text.gpio_pin_set.isra.0
                0x000000000800220a       0x20 app/libapp.a(main.c.obj)
 .text.k_msleep.isra.0
                0x000000000800222a        0xa app/libapp.a(main.c.obj)
 .text.arch_printk_char_out
                0x0000000008002234        0x4 zephyr/libzephyr.a(printk.c.obj)
                0x0000000008002234                arch_printk_char_out
 .text.printk   0x0000000008002238       0x1a zephyr/libzephyr.a(printk.c.obj)
                0x0000000008002238                printk
 .text.z_thread_entry
                0x0000000008002252       0x14 zephyr/libzephyr.a(thread_entry.c.obj)
                0x0000000008002252                z_thread_entry
 .text.encode_uint
                0x0000000008002266       0x8c zephyr/libzephyr.a(cbprintf_complete.c.obj)
 .text.outs     0x00000000080022f2       0x2e zephyr/libzephyr.a(cbprintf_complete.c.obj)
 .text._ConfigAbsSyms
                0x0000000008002320        0x2 zephyr/libzephyr.a(configs.c.obj)
                0x0000000008002320                _ConfigAbsSyms
 .text.st_stm32_common_config
                0x0000000008002322        0x4 zephyr/libzephyr.a(soc_config.c.obj)
 .text.z_arm_fatal_error
                0x0000000008002326        0x4 zephyr/arch/arch/arm/core/aarch32/libarch__arm__core__aarch32.a(fatal.c.obj)
                0x0000000008002326                z_arm_fatal_error
 .text.z_do_kernel_oops
                0x000000000800232a        0x8 zephyr/arch/arch/arm/core/aarch32/libarch__arm__core__aarch32.a(fatal.c.obj)
                0x000000000800232a                z_do_kernel_oops
 .text.z_irq_spurious
                0x0000000008002332        0x8 zephyr/arch/arch/arm/core/aarch32/libarch__arm__core__aarch32.a(irq_manage.c.obj)
                0x0000000008002332                z_irq_spurious
 .text.z_arm_nmi
                0x000000000800233a        0xe zephyr/arch/arch/arm/core/aarch32/libarch__arm__core__aarch32.a(nmi.c.obj)
                0x000000000800233a                z_arm_nmi
 .text.strlen   0x0000000008002348        0xe zephyr/lib/libc/minimal/liblib__libc__minimal.a(string.c.obj)
                0x0000000008002348                strlen
 .text.memcpy   0x0000000008002356       0x16 zephyr/lib/libc/minimal/liblib__libc__minimal.a(string.c.obj)
                0x0000000008002356                memcpy
 .text.memset   0x000000000800236c       0x12 zephyr/lib/libc/minimal/liblib__libc__minimal.a(string.c.obj)
                0x000000000800236c                memset
 .text.strnlen  0x000000000800237e       0x12 zephyr/lib/libc/common/liblib__libc__common.a(strnlen.c.obj)
                0x000000000800237e                strnlen
 .text.stm32_exti_init
                0x0000000008002390       0x92 zephyr/drivers/interrupt_controller/libdrivers__interrupt_controller.a(intc_exti_stm32.c.obj)
 .text.stm32_clock_control_on
                0x0000000008002422       0x24 zephyr/drivers/clock_control/libdrivers__clock_control.a(clock_stm32_ll_common.c.obj)
 .text.stm32_clock_control_off
                0x0000000008002446       0x24 zephyr/drivers/clock_control/libdrivers__clock_control.a(clock_stm32_ll_common.c.obj)
 .text.stm32_clock_control_get_status
                0x000000000800246a       0x2e zephyr/drivers/clock_control/libdrivers__clock_control.a(clock_stm32_ll_common.c.obj)
 .text.stm32_clock_control_configure
                0x0000000008002498       0x56 zephyr/drivers/clock_control/libdrivers__clock_control.a(clock_stm32_ll_common.c.obj)
 .text.config_enable_default_clocks
                0x00000000080024ee        0x2 zephyr/drivers/clock_control/libdrivers__clock_control.a(clock_stm32f1.c.obj)
                0x00000000080024ee                config_enable_default_clocks
 .text.gpio_stm32_port_get_raw
                0x00000000080024f0        0xc zephyr/drivers/gpio/libdrivers__gpio.a(gpio_stm32.c.obj)
 .text.gpio_stm32_port_set_masked_raw
                0x00000000080024fc       0x12 zephyr/drivers/gpio/libdrivers__gpio.a(gpio_stm32.c.obj)
 .text.gpio_stm32_port_set_bits_raw
                0x000000000800250e        0xa zephyr/drivers/gpio/libdrivers__gpio.a(gpio_stm32.c.obj)
 .text.gpio_stm32_port_clear_bits_raw
                0x0000000008002518        0xa zephyr/drivers/gpio/libdrivers__gpio.a(gpio_stm32.c.obj)
 .text.gpio_stm32_port_toggle_bits
                0x0000000008002522        0xe zephyr/drivers/gpio/libdrivers__gpio.a(gpio_stm32.c.obj)
 .text.gpio_stm32_manage_callback
                0x0000000008002530       0x52 zephyr/drivers/gpio/libdrivers__gpio.a(gpio_stm32.c.obj)
 .text.LL_GPIO_SetPinMode
                0x0000000008002582       0x2c zephyr/drivers/gpio/libdrivers__gpio.a(gpio_stm32.c.obj)
 .text.LL_GPIO_SetPinSpeed
                0x00000000080025ae       0x2c zephyr/drivers/gpio/libdrivers__gpio.a(gpio_stm32.c.obj)
 .text.LL_GPIO_SetPinOutputType
                0x00000000080025da       0x2c zephyr/drivers/gpio/libdrivers__gpio.a(gpio_stm32.c.obj)
 .text.gpio_stm32_isr
                0x0000000008002606       0x2e zephyr/drivers/gpio/libdrivers__gpio.a(gpio_stm32.c.obj)
 .text.gpio_stm32_configure_raw.constprop.0.isra.0
                0x0000000008002634       0xaa zephyr/drivers/gpio/libdrivers__gpio.a(gpio_stm32.c.obj)
 .text.gpio_stm32_config
                0x00000000080026de       0x72 zephyr/drivers/gpio/libdrivers__gpio.a(gpio_stm32.c.obj)
 .text.z_device_state_init
                0x0000000008002750        0x2 zephyr/kernel/libkernel.a(device.c.obj)
                0x0000000008002750                z_device_state_init
 .text.z_device_is_ready
                0x0000000008002752       0x16 zephyr/kernel/libkernel.a(device.c.obj)
                0x0000000008002752                z_device_is_ready
 .text.arch_system_halt
                0x0000000008002768       0x12 zephyr/kernel/libkernel.a(fatal.c.obj)
                0x0000000008002768                arch_system_halt
 .text.k_sys_fatal_error_handler
                0x000000000800277a        0x6 zephyr/kernel/libkernel.a(fatal.c.obj)
                0x000000000800277a                k_sys_fatal_error_handler
 .text.z_fatal_error
                0x0000000008002780       0x36 zephyr/kernel/libkernel.a(fatal.c.obj)
                0x0000000008002780                z_fatal_error
 .text.z_early_memset
                0x00000000080027b6        0x4 zephyr/kernel/libkernel.a(init.c.obj)
                0x00000000080027b6                z_early_memset
 .text.z_early_memcpy
                0x00000000080027ba        0x4 zephyr/kernel/libkernel.a(init.c.obj)
                0x00000000080027ba                z_early_memcpy
 .text.idle     0x00000000080027be       0x18 zephyr/kernel/libkernel.a(idle.c.obj)
                0x00000000080027be                idle
 .text.sys_dlist_remove
                0x00000000080027d6       0x10 zephyr/kernel/libkernel.a(sched.c.obj)
 .text.unpend_thread_no_timeout
                0x00000000080027e6       0x14 zephyr/kernel/libkernel.a(sched.c.obj)
 .text.z_ready_thread
                0x00000000080027fa       0x20 zephyr/kernel/libkernel.a(sched.c.obj)
                0x00000000080027fa                z_ready_thread
 .text.z_sched_wake_thread
                0x000000000800281a       0x44 zephyr/kernel/libkernel.a(sched.c.obj)
                0x000000000800281a                z_sched_wake_thread
 .text.z_thread_timeout
                0x000000000800285e        0x8 zephyr/kernel/libkernel.a(sched.c.obj)
                0x000000000800285e                z_thread_timeout
 .text.z_reschedule_irqlock
                0x0000000008002866       0x18 zephyr/kernel/libkernel.a(sched.c.obj)
                0x0000000008002866                z_reschedule_irqlock
 .text.z_reschedule_unlocked
                0x000000000800287e       0x14 zephyr/kernel/libkernel.a(sched.c.obj)
 .text.z_abort_timeout
                0x0000000008002892       0x2c zephyr/kernel/libkernel.a(timeout.c.obj)
                0x0000000008002892                z_abort_timeout
 .text.sys_clock_tick_get_32
                0x00000000080028be        0x8 zephyr/kernel/libkernel.a(timeout.c.obj)
                0x00000000080028be                sys_clock_tick_get_32
 *(SORT_BY_ALIGNMENT(.TEXT.*))
 *(SORT_BY_ALIGNMENT(.gnu.linkonce.t.*))
 *(SORT_BY_ALIGNMENT(.glue_7t))
 .glue_7t       0x00000000080028c6        0x0 linker stubs
 *(SORT_BY_ALIGNMENT(.glue_7))
 .glue_7        0x00000000080028c6        0x0 linker stubs
 *(SORT_BY_ALIGNMENT(.vfp11_veneer))
 .vfp11_veneer  0x00000000080028c6        0x0 linker stubs
 *(SORT_BY_ALIGNMENT(.v4_bx))
 .v4_bx         0x00000000080028c6        0x0 linker stubs
                0x00000000080028c8                . = ALIGN (0x4)
 *fill*         0x00000000080028c6        0x2 
                0x00000000080028c8                __text_region_end = .

.ARM.exidx      0x00000000080028c8        0x8
                0x00000000080028c8                __exidx_start = .
 *(SORT_BY_ALIGNMENT(.ARM.exidx*) SORT_BY_ALIGNMENT(gnu.linkonce.armexidx.*))
 .ARM.exidx     0x00000000080028c8        0x8 d:/desktop/source/zephyr-sdk-0.16.1/arm-zephyr-eabi/bin/../lib/gcc/arm-zephyr-eabi/12.2.0/thumb/v7-m/nofp\libgcc.a(_udivmoddi4.o)
                0x00000000080028d0                __exidx_end = .
                0x00000000080028d0                __rodata_region_start = .

initlevel       0x00000000080028d0       0x50
                0x00000000080028d0                __init_start = .
                0x00000000080028d0                __init_EARLY_start = .
 *(SORT_BY_NAME(SORT_BY_ALIGNMENT(.z_init_EARLY?_*)))
 *(SORT_BY_NAME(SORT_BY_ALIGNMENT(.z_init_EARLY??_*)))
                0x00000000080028d0                __init_PRE_KERNEL_1_start = .
 *(SORT_BY_NAME(SORT_BY_ALIGNMENT(.z_init_PRE_KERNEL_1?_*)))
 .z_init_PRE_KERNEL_10_0_
                0x00000000080028d0        0x8 zephyr/libzephyr.a(soc.c.obj)
 .z_init_PRE_KERNEL_11_00008_
                0x00000000080028d8        0x8 zephyr/drivers/clock_control/libdrivers__clock_control.a(clock_stm32_ll_common.c.obj)
 .z_init_PRE_KERNEL_11_0_
                0x00000000080028e0        0x8 zephyr/libzephyr.a(soc_config.c.obj)
 *(SORT_BY_NAME(SORT_BY_ALIGNMENT(.z_init_PRE_KERNEL_1??_*)))
 .z_init_PRE_KERNEL_140_00019_
                0x00000000080028e8        0x8 zephyr/drivers/gpio/libdrivers__gpio.a(gpio_stm32.c.obj)
 .z_init_PRE_KERNEL_140_00025_
                0x00000000080028f0        0x8 zephyr/drivers/interrupt_controller/libdrivers__interrupt_controller.a(intc_exti_stm32.c.obj)
 .z_init_PRE_KERNEL_140_00040_
                0x00000000080028f8        0x8 zephyr/drivers/gpio/libdrivers__gpio.a(gpio_stm32.c.obj)
 .z_init_PRE_KERNEL_140_00041_
                0x0000000008002900        0x8 zephyr/drivers/gpio/libdrivers__gpio.a(gpio_stm32.c.obj)
 .z_init_PRE_KERNEL_140_00042_
                0x0000000008002908        0x8 zephyr/drivers/gpio/libdrivers__gpio.a(gpio_stm32.c.obj)
 .z_init_PRE_KERNEL_140_00043_
                0x0000000008002910        0x8 zephyr/drivers/gpio/libdrivers__gpio.a(gpio_stm32.c.obj)
                0x0000000008002918                __init_PRE_KERNEL_2_start = .
 *(SORT_BY_NAME(SORT_BY_ALIGNMENT(.z_init_PRE_KERNEL_2?_*)))
 .z_init_PRE_KERNEL_20_0_
                0x0000000008002918        0x8 zephyr/drivers/timer/libdrivers__timer.a(cortex_m_systick.c.obj)
 *(SORT_BY_NAME(SORT_BY_ALIGNMENT(.z_init_PRE_KERNEL_2??_*)))
                0x0000000008002920                __init_POST_KERNEL_start = .
 *(SORT_BY_NAME(SORT_BY_ALIGNMENT(.z_init_POST_KERNEL?_*)))
 *(SORT_BY_NAME(SORT_BY_ALIGNMENT(.z_init_POST_KERNEL??_*)))
                0x0000000008002920                __init_APPLICATION_start = .
 *(SORT_BY_NAME(SORT_BY_ALIGNMENT(.z_init_APPLICATION?_*)))
 *(SORT_BY_NAME(SORT_BY_ALIGNMENT(.z_init_APPLICATION??_*)))
                0x0000000008002920                __init_SMP_start = .
 *(SORT_BY_NAME(SORT_BY_ALIGNMENT(.z_init_SMP?_*)))
 *(SORT_BY_NAME(SORT_BY_ALIGNMENT(.z_init_SMP??_*)))
                0x0000000008002920                __init_end = .

device_area     0x0000000008002920       0x8c
                0x0000000008002920                _device_list_start = .
 *(SORT_BY_NAME(SORT_BY_ALIGNMENT(._device.static.*_?_*)))
 ._device.static.1_1_
                0x0000000008002920       0x14 zephyr/drivers/clock_control/libdrivers__clock_control.a(clock_stm32_ll_common.c.obj)
                0x0000000008002920                __device_dts_ord_8
 *(SORT_BY_NAME(SORT_BY_ALIGNMENT(._device.static.*_??_*)))
 ._device.static.1_40_
                0x0000000008002934       0x14 zephyr/drivers/interrupt_controller/libdrivers__interrupt_controller.a(intc_exti_stm32.c.obj)
                0x0000000008002934                __device_dts_ord_25
 ._device.static.1_40_
                0x0000000008002948       0x64 zephyr/drivers/gpio/libdrivers__gpio.a(gpio_stm32.c.obj)
                0x0000000008002948                __device_dts_ord_43
                0x000000000800295c                __device_dts_ord_42
                0x0000000008002970                __device_dts_ord_19
                0x0000000008002984                __device_dts_ord_41
                0x0000000008002998                __device_dts_ord_40
                0x00000000080029ac                _device_list_end = .

sw_isr_table    0x00000000080029ac      0x1e0
                0x00000000080029ac                . = ALIGN (0x4)
 *(SORT_BY_ALIGNMENT(.gnu.linkonce.sw_isr_table*))
 .gnu.linkonce.sw_isr_table
                0x00000000080029ac      0x1e0 zephyr/CMakeFiles/zephyr_final.dir/isr_tables.c.obj
                0x00000000080029ac                _sw_isr_table

initlevel_error
                0x00000000080028d0        0x0
 *(SORT_BY_NAME(SORT_BY_ALIGNMENT(.z_init_[_A-Z0-9]*)))
                0x0000000000000001                ASSERT ((SIZEOF (initlevel_error) == 0x0), Undefined initialization levels used.)

app_shmem_regions
                0x0000000008002b8c        0x0
                0x0000000008002b8c                __app_shmem_regions_start = .
 *(SORT_BY_NAME(SORT_BY_ALIGNMENT(.app_regions.*)))
                0x0000000008002b8c                __app_shmem_regions_end = .

k_p4wq_initparam_area
                0x0000000008002b8c        0x0
                0x0000000008002b8c                _k_p4wq_initparam_list_start = .
 *(SORT_BY_NAME(SORT_BY_ALIGNMENT(._k_p4wq_initparam.static.*)))
                0x0000000008002b8c                _k_p4wq_initparam_list_end = .

_static_thread_data_area
                0x0000000008002b8c        0x0
                0x0000000008002b8c                __static_thread_data_list_start = .
 *(SORT_BY_NAME(SORT_BY_ALIGNMENT(.__static_thread_data.static.*)))
                0x0000000008002b8c                __static_thread_data_list_end = .

device_deps     0x0000000008002b8c        0x0
                0x0000000008002b8c                __device_deps_start = .
 *(SORT_BY_NAME(SORT_BY_ALIGNMENT(.__device_deps_pass2*)))
                0x0000000008002b8c                __device_deps_end = .

ztest           0x0000000008002b8c        0x0
                0x0000000008002b8c                _ztest_expected_result_entry_list_start = .
 *(SORT_BY_NAME(SORT_BY_ALIGNMENT(._ztest_expected_result_entry.static.*)))
                0x0000000008002b8c                _ztest_expected_result_entry_list_end = .
                0x0000000008002b8c                _ztest_suite_node_list_start = .
 *(SORT_BY_NAME(SORT_BY_ALIGNMENT(._ztest_suite_node.static.*)))
                0x0000000008002b8c                _ztest_suite_node_list_end = .
                0x0000000008002b8c                _ztest_unit_test_list_start = .
 *(SORT_BY_NAME(SORT_BY_ALIGNMENT(._ztest_unit_test.static.*)))
                0x0000000008002b8c                _ztest_unit_test_list_end = .
                0x0000000008002b8c                _ztest_test_rule_list_start = .
 *(SORT_BY_NAME(SORT_BY_ALIGNMENT(._ztest_test_rule.static.*)))
                0x0000000008002b8c                _ztest_test_rule_list_end = .

bt_l2cap_fixed_chan_area
                0x0000000008002b8c        0x0
                0x0000000008002b8c                _bt_l2cap_fixed_chan_list_start = .
 *(SORT_BY_NAME(SORT_BY_ALIGNMENT(._bt_l2cap_fixed_chan.static.*)))
                0x0000000008002b8c                _bt_l2cap_fixed_chan_list_end = .

bt_gatt_service_static_area
                0x0000000008002b8c        0x0
                0x0000000008002b8c                _bt_gatt_service_static_list_start = .
 *(SORT_BY_NAME(SORT_BY_ALIGNMENT(._bt_gatt_service_static.static.*)))
                0x0000000008002b8c                _bt_gatt_service_static_list_end = .

log_strings_area
                0x0000000008002b8c        0x0
                0x0000000008002b8c                _log_strings_list_start = .
 *(SORT_BY_NAME(SORT_BY_ALIGNMENT(._log_strings.static.*)))
                0x0000000008002b8c                _log_strings_list_end = .

log_const_area  0x0000000008002b8c       0x10
                0x0000000008002b8c                _log_const_list_start = .
 *(SORT_BY_NAME(SORT_BY_ALIGNMENT(._log_const.static.*)))
 ._log_const.static.log_const_cbprintf_package_
                0x0000000008002b8c        0x8 zephyr/libzephyr.a(cbprintf_packaged.c.obj)
                0x0000000008002b8c                log_const_cbprintf_package
 ._log_const.static.log_const_os_
                0x0000000008002b94        0x8 zephyr/kernel/libkernel.a(init.c.obj)
                0x0000000008002b94                log_const_os
                0x0000000008002b9c                _log_const_list_end = .

log_backend_area
                0x0000000008002b9c        0x0
                0x0000000008002b9c                _log_backend_list_start = .
 *(SORT_BY_NAME(SORT_BY_ALIGNMENT(._log_backend.static.*)))
                0x0000000008002b9c                _log_backend_list_end = .

log_link_area   0x0000000008002b9c        0x0
                0x0000000008002b9c                _log_link_list_start = .
 *(SORT_BY_NAME(SORT_BY_ALIGNMENT(._log_link.static.*)))
                0x0000000008002b9c                _log_link_list_end = .

tracing_backend_area
                0x0000000008002b9c        0x0
                0x0000000008002b9c                _tracing_backend_list_start = .
 *(SORT_BY_NAME(SORT_BY_ALIGNMENT(._tracing_backend.static.*)))
                0x0000000008002b9c                _tracing_backend_list_end = .

zephyr_dbg_info
 *(SORT_BY_ALIGNMENT(.dbg_thread_info))

symbol_to_keep  0x0000000008002b9c        0x0
                0x0000000008002b9c                __symbol_to_keep_start = .
 *(SORT_BY_NAME(SORT_BY_ALIGNMENT(.symbol_to_keep*)))
                0x0000000008002b9c                __symbol_to_keep_end = .

shell_area      0x0000000008002b9c        0x0
                0x0000000008002b9c                _shell_list_start = .
 *(SORT_BY_NAME(SORT_BY_ALIGNMENT(._shell.static.*)))
                0x0000000008002b9c                _shell_list_end = .

shell_root_cmds_area
                0x0000000008002b9c        0x0
                0x0000000008002b9c                _shell_root_cmds_list_start = .
 *(SORT_BY_NAME(SORT_BY_ALIGNMENT(._shell_root_cmds.static.*)))
                0x0000000008002b9c                _shell_root_cmds_list_end = .

shell_subcmds_area
                0x0000000008002b9c        0x0
                0x0000000008002b9c                _shell_subcmds_list_start = .
 *(SORT_BY_NAME(SORT_BY_ALIGNMENT(._shell_subcmds.static.*)))
                0x0000000008002b9c                _shell_subcmds_list_end = .

shell_dynamic_subcmds_area
                0x0000000008002b9c        0x0
                0x0000000008002b9c                _shell_dynamic_subcmds_list_start = .
 *(SORT_BY_NAME(SORT_BY_ALIGNMENT(._shell_dynamic_subcmds.static.*)))
                0x0000000008002b9c                _shell_dynamic_subcmds_list_end = .

cfb_font_area   0x0000000008002b9c        0x0
                0x0000000008002b9c                _cfb_font_list_start = .
 *(SORT_BY_NAME(SORT_BY_ALIGNMENT(._cfb_font.static.*)))
                0x0000000008002b9c                _cfb_font_list_end = .

rodata          0x0000000008002b9c      0x188
 *(SORT_BY_ALIGNMENT(.rodata))
 *(SORT_BY_ALIGNMENT(.rodata.*))
 .rodata.gpio_stm32_cfg_e
                0x0000000008002b9c       0x14 zephyr/drivers/gpio/libdrivers__gpio.a(gpio_stm32.c.obj)
 .rodata.gpio_stm32_cfg_d
                0x0000000008002bb0       0x14 zephyr/drivers/gpio/libdrivers__gpio.a(gpio_stm32.c.obj)
 .rodata.gpio_stm32_cfg_c
                0x0000000008002bc4       0x14 zephyr/drivers/gpio/libdrivers__gpio.a(gpio_stm32.c.obj)
 .rodata.gpio_stm32_cfg_b
                0x0000000008002bd8       0x14 zephyr/drivers/gpio/libdrivers__gpio.a(gpio_stm32.c.obj)
 .rodata.gpio_stm32_cfg_a
                0x0000000008002bec       0x14 zephyr/drivers/gpio/libdrivers__gpio.a(gpio_stm32.c.obj)
 .rodata.gpio_stm32_driver
                0x0000000008002c00       0x24 zephyr/drivers/gpio/libdrivers__gpio.a(gpio_stm32.c.obj)
 .rodata._k_neg_eagain
                0x0000000008002c24        0x4 zephyr/kernel/libkernel.a(errno.c.obj)
                0x0000000008002c24                _k_neg_eagain
 .rodata.levels.0
                0x0000000008002c28       0x18 zephyr/kernel/libkernel.a(init.c.obj)
 .rodata.str1.1
                0x0000000008002c40       0x11 zephyr/libzephyr.a(cbprintf_packaged.c.obj)
 .rodata.z_cbvprintf_impl.str1.1
                0x0000000008002c51        0x6 zephyr/libzephyr.a(cbprintf_complete.c.obj)
 .rodata.line_range_6.0
                0x0000000008002c57        0x2 zephyr/drivers/interrupt_controller/libdrivers__interrupt_controller.a(intc_exti_stm32.c.obj)
 .rodata.line_range_5.1
                0x0000000008002c59        0x2 zephyr/drivers/interrupt_controller/libdrivers__interrupt_controller.a(intc_exti_stm32.c.obj)
 .rodata.line_range_4.2
                0x0000000008002c5b        0x2 zephyr/drivers/interrupt_controller/libdrivers__interrupt_controller.a(intc_exti_stm32.c.obj)
 .rodata.line_range_3.3
                0x0000000008002c5d        0x2 zephyr/drivers/interrupt_controller/libdrivers__interrupt_controller.a(intc_exti_stm32.c.obj)
 .rodata.line_range_2.4
                0x0000000008002c5f        0x2 zephyr/drivers/interrupt_controller/libdrivers__interrupt_controller.a(intc_exti_stm32.c.obj)
 .rodata.line_range_1.5
                0x0000000008002c61        0x2 zephyr/drivers/interrupt_controller/libdrivers__interrupt_controller.a(intc_exti_stm32.c.obj)
 .rodata.line_range_0.6
                0x0000000008002c63        0x2 zephyr/drivers/interrupt_controller/libdrivers__interrupt_controller.a(intc_exti_stm32.c.obj)
 .rodata.str1.1
                0x0000000008002c65       0x1e zephyr/drivers/interrupt_controller/libdrivers__interrupt_controller.a(intc_exti_stm32.c.obj)
 .rodata.str1.1
                0x0000000008002c83        0xd zephyr/drivers/clock_control/libdrivers__clock_control.a(clock_stm32_ll_common.c.obj)
 .rodata.str1.1
                0x0000000008002c90       0x46 zephyr/drivers/gpio/libdrivers__gpio.a(gpio_stm32.c.obj)
 .rodata.AHBPrescTable
                0x0000000008002cd6       0x10 modules/stm32/stm32cube/lib..__modules__hal__stm32__stm32cube.a(system_stm32f1xx.c.obj)
                0x0000000008002cd6                AHBPrescTable
 .rodata.HAL_RCC_GetSysClockFreq.str1.1
                0x0000000008002ce6       0x11 modules/stm32/stm32cube/lib..__modules__hal__stm32__stm32cube.a(stm32f1xx_hal_rcc.c.obj)
 .rodata.z_cstart.str1.1
                0x0000000008002cf7        0x5 zephyr/kernel/libkernel.a(init.c.obj)
 .rodata.str1.1
                0x0000000008002cfc        0x3 zephyr/kernel/libkernel.a(init.c.obj)
 .rodata.boot_banner.str1.1
                0x0000000008002cff       0x22 zephyr/kernel/libkernel.a(banner.c.obj)
 *(SORT_BY_ALIGNMENT(.gnu.linkonce.r.*))
                0x0000000008002d24                . = ALIGN (0x4)
 *fill*         0x0000000008002d21        0x3 
                0x0000000008002d24                __rodata_region_end = .
                0x0000000008002d24                . = ALIGN (_region_min_align)
                0x0000000008002d24                __rom_region_end = ((__rom_region_start + .) - ADDR (rom_start))

/DISCARD/
 *(SORT_BY_ALIGNMENT(.got.plt))
 *(SORT_BY_ALIGNMENT(.igot.plt))
 *(SORT_BY_ALIGNMENT(.got))
 *(SORT_BY_ALIGNMENT(.igot))
                0x0000000020000000                . = 0x20000000
                0x0000000020000000                . = ALIGN (_region_min_align)
                0x0000000020000000                _image_ram_start = .

.ramfunc        0x0000000020000000        0x0 load address 0x0000000008002d24
                0x0000000020000000                . = ALIGN (_region_min_align)
                0x0000000020000000                __ramfunc_start = .
 *(SORT_BY_ALIGNMENT(.ramfunc))
 *(SORT_BY_ALIGNMENT(.ramfunc.*))
                0x0000000020000000                . = ALIGN (_region_min_align)
                0x0000000020000000                __ramfunc_end = .
                0x0000000000000000                __ramfunc_size = (__ramfunc_end - __ramfunc_start)
                0x0000000008002d24                __ramfunc_load_start = LOADADDR (.ramfunc)

datas           0x0000000020000000       0x3c load address 0x0000000008002d24
                0x0000000020000000                __data_region_start = .
                0x0000000020000000                __data_start = .
 *(SORT_BY_ALIGNMENT(.data))
 *(SORT_BY_ALIGNMENT(.data.*))
 .data._char_out
                0x0000000020000000        0x4 zephyr/libzephyr.a(printk.c.obj)
                0x0000000020000000                _char_out
 .data.stm32_clock_control_api
                0x0000000020000004       0x1c zephyr/drivers/clock_control/libdrivers__clock_control.a(clock_stm32_ll_common.c.obj)
 .data.SystemCoreClock
                0x0000000020000020        0x4 modules/stm32/stm32cube/lib..__modules__hal__stm32__stm32cube.a(system_stm32f1xx.c.obj)
                0x0000000020000020                SystemCoreClock
 .data.timeout_list
                0x0000000020000024        0x8 zephyr/kernel/libkernel.a(timeout.c.obj)
 .data.exti_irq_table
                0x000000002000002c       0x10 zephyr/drivers/interrupt_controller/libdrivers__interrupt_controller.a(intc_exti_stm32.c.obj)
 *(SORT_BY_ALIGNMENT(.kernel.*))
                0x000000002000003c                __data_end = .
                0x000000000000003c                __data_size = (__data_end - __data_start)
                0x0000000008002d24                __data_load_start = LOADADDR (datas)
                0x0000000008002d24                __data_region_load_start = LOADADDR (datas)

device_states   0x000000002000003c        0xe load address 0x0000000008002d60
                0x000000002000003c                __device_states_start = .
 *(SORT_BY_ALIGNMENT(.z_devstate))
 .z_devstate    0x000000002000003c        0x2 zephyr/drivers/interrupt_controller/libdrivers__interrupt_controller.a(intc_exti_stm32.c.obj)
 .z_devstate    0x000000002000003e        0x2 zephyr/drivers/clock_control/libdrivers__clock_control.a(clock_stm32_ll_common.c.obj)
 .z_devstate    0x0000000020000040        0xa zephyr/drivers/gpio/libdrivers__gpio.a(gpio_stm32.c.obj)
 *(SORT_BY_ALIGNMENT(.z_devstate.*))
                0x000000002000004a                __device_states_end = .

log_mpsc_pbuf_area
                0x000000002000004a        0x0 load address 0x0000000008002d6e
                0x000000002000004a                _log_mpsc_pbuf_list_start = .
 *(SORT_BY_NAME(SORT_BY_ALIGNMENT(._log_mpsc_pbuf.static.*)))
                0x000000002000004a                _log_mpsc_pbuf_list_end = .

log_msg_ptr_area
                0x000000002000004a        0x0 load address 0x0000000008002d6e
                0x000000002000004a                _log_msg_ptr_list_start = .
 *(SORT_BY_NAME(SORT_BY_ALIGNMENT(._log_msg_ptr.static.*)))
                0x000000002000004a                _log_msg_ptr_list_end = .

log_dynamic_area
                0x000000002000004a        0x0 load address 0x0000000008002d6e
                0x000000002000004a                _log_dynamic_list_start = .
 *(SORT_BY_NAME(SORT_BY_ALIGNMENT(._log_dynamic.static.*)))
                0x000000002000004a                _log_dynamic_list_end = .

k_timer_area    0x000000002000004a        0x0 load address 0x0000000008002d6e
                0x000000002000004a                _k_timer_list_start = .
 *(SORT_BY_NAME(SORT_BY_ALIGNMENT(._k_timer.static.*)))
                0x000000002000004a                _k_timer_list_end = .

k_mem_slab_area
                0x000000002000004a        0x0 load address 0x0000000008002d6e
                0x000000002000004a                _k_mem_slab_list_start = .
 *(SORT_BY_NAME(SORT_BY_ALIGNMENT(._k_mem_slab.static.*)))
                0x000000002000004a                _k_mem_slab_list_end = .

k_heap_area     0x000000002000004a        0x0 load address 0x0000000008002d6e
                0x000000002000004a                _k_heap_list_start = .
 *(SORT_BY_NAME(SORT_BY_ALIGNMENT(._k_heap.static.*)))
                0x000000002000004a                _k_heap_list_end = .

k_mutex_area    0x000000002000004a        0x0 load address 0x0000000008002d6e
                0x000000002000004a                _k_mutex_list_start = .
 *(SORT_BY_NAME(SORT_BY_ALIGNMENT(._k_mutex.static.*)))
                0x000000002000004a                _k_mutex_list_end = .

k_stack_area    0x000000002000004a        0x0 load address 0x0000000008002d6e
                0x000000002000004a                _k_stack_list_start = .
 *(SORT_BY_NAME(SORT_BY_ALIGNMENT(._k_stack.static.*)))
                0x000000002000004a                _k_stack_list_end = .

k_msgq_area     0x000000002000004a        0x0 load address 0x0000000008002d6e
                0x000000002000004a                _k_msgq_list_start = .
 *(SORT_BY_NAME(SORT_BY_ALIGNMENT(._k_msgq.static.*)))
                0x000000002000004a                _k_msgq_list_end = .

k_mbox_area     0x000000002000004a        0x0 load address 0x0000000008002d6e
                0x000000002000004a                _k_mbox_list_start = .
 *(SORT_BY_NAME(SORT_BY_ALIGNMENT(._k_mbox.static.*)))
                0x000000002000004a                _k_mbox_list_end = .

k_pipe_area     0x000000002000004a        0x0 load address 0x0000000008002d6e
                0x000000002000004a                _k_pipe_list_start = .
 *(SORT_BY_NAME(SORT_BY_ALIGNMENT(._k_pipe.static.*)))
                0x000000002000004a                _k_pipe_list_end = .

k_sem_area      0x000000002000004a        0x0 load address 0x0000000008002d6e
                0x000000002000004a                _k_sem_list_start = .
 *(SORT_BY_NAME(SORT_BY_ALIGNMENT(._k_sem.static.*)))
                0x000000002000004a                _k_sem_list_end = .

k_event_area    0x000000002000004a        0x0 load address 0x0000000008002d6e
                0x000000002000004a                _k_event_list_start = .
 *(SORT_BY_NAME(SORT_BY_ALIGNMENT(._k_event.static.*)))
                0x000000002000004a                _k_event_list_end = .

k_queue_area    0x000000002000004a        0x0 load address 0x0000000008002d6e
                0x000000002000004a                _k_queue_list_start = .
 *(SORT_BY_NAME(SORT_BY_ALIGNMENT(._k_queue.static.*)))
                0x000000002000004a                _k_queue_list_end = .

k_condvar_area  0x000000002000004a        0x0 load address 0x0000000008002d6e
                0x000000002000004a                _k_condvar_list_start = .
 *(SORT_BY_NAME(SORT_BY_ALIGNMENT(._k_condvar.static.*)))
                0x000000002000004a                _k_condvar_list_end = .

net_buf_pool_area
                0x000000002000004a        0x0 load address 0x0000000008002d6e
                0x000000002000004a                _net_buf_pool_list_start = .
 *(SORT_BY_NAME(SORT_BY_ALIGNMENT(._net_buf_pool.static.*)))
                0x000000002000004a                _net_buf_pool_list_end = .
                0x000000002000004a                __data_region_end = .

bss             0x0000000020000050      0x21e
                0x0000000020000050                . = ALIGN (0x4)
                0x0000000020000050                __bss_start = .
                0x0000000020000050                __kernel_ram_start = .
 *(SORT_BY_ALIGNMENT(.bss))
 *(SORT_BY_ALIGNMENT(.bss.*))
 .bss.announced_cycles
                0x0000000020000050        0x8 zephyr/drivers/timer/libdrivers__timer.a(cortex_m_systick.c.obj)
 .bss.cycle_count
                0x0000000020000058        0x8 zephyr/drivers/timer/libdrivers__timer.a(cortex_m_systick.c.obj)
 .bss.z_idle_threads
                0x0000000020000060       0x70 zephyr/kernel/libkernel.a(init.c.obj)
                0x0000000020000060                z_idle_threads
 .bss.z_main_thread
                0x00000000200000d0       0x70 zephyr/kernel/libkernel.a(init.c.obj)
                0x00000000200000d0                z_main_thread
 .bss.slice_timeouts
                0x0000000020000140       0x18 zephyr/kernel/libkernel.a(sched.c.obj)
 .bss.curr_tick
                0x0000000020000158        0x8 zephyr/kernel/libkernel.a(timeout.c.obj)
 .bss.exti_data
                0x0000000020000160       0x80 zephyr/drivers/interrupt_controller/libdrivers__interrupt_controller.a(intc_exti_stm32.c.obj)
 .bss.gpio_stm32_data_e
                0x00000000200001e0       0x10 zephyr/drivers/gpio/libdrivers__gpio.a(gpio_stm32.c.obj)
 .bss.gpio_stm32_data_d
                0x00000000200001f0       0x10 zephyr/drivers/gpio/libdrivers__gpio.a(gpio_stm32.c.obj)
 .bss.gpio_stm32_data_c
                0x0000000020000200       0x10 zephyr/drivers/gpio/libdrivers__gpio.a(gpio_stm32.c.obj)
 .bss.gpio_stm32_data_b
                0x0000000020000210       0x10 zephyr/drivers/gpio/libdrivers__gpio.a(gpio_stm32.c.obj)
 .bss.gpio_stm32_data_a
                0x0000000020000220       0x10 zephyr/drivers/gpio/libdrivers__gpio.a(gpio_stm32.c.obj)
 .bss.overflow_cyc
                0x0000000020000230        0x4 zephyr/drivers/timer/libdrivers__timer.a(cortex_m_systick.c.obj)
 .bss.last_load
                0x0000000020000234        0x4 zephyr/drivers/timer/libdrivers__timer.a(cortex_m_systick.c.obj)
 .bss._cpus_active
                0x0000000020000238        0x4 zephyr/kernel/libkernel.a(init.c.obj)
                0x0000000020000238                _cpus_active
 .bss._kernel   0x000000002000023c       0x20 zephyr/kernel/libkernel.a(init.c.obj)
                0x000000002000023c                _kernel
 .bss.pending_current
                0x000000002000025c        0x4 zephyr/kernel/libkernel.a(sched.c.obj)
 .bss.slice_max_prio
                0x0000000020000260        0x4 zephyr/kernel/libkernel.a(sched.c.obj)
 .bss.slice_ticks
                0x0000000020000264        0x4 zephyr/kernel/libkernel.a(sched.c.obj)
 .bss.announce_remaining
                0x0000000020000268        0x4 zephyr/kernel/libkernel.a(timeout.c.obj)
 .bss.z_sys_post_kernel
                0x000000002000026c        0x1 zephyr/kernel/libkernel.a(init.c.obj)
                0x000000002000026c                z_sys_post_kernel
 .bss.slice_expired
                0x000000002000026d        0x1 zephyr/kernel/libkernel.a(sched.c.obj)
 .bss.sched_spinlock
                0x000000002000026e        0x0 zephyr/kernel/libkernel.a(sched.c.obj)
                0x000000002000026e                sched_spinlock
 *(SORT_BY_ALIGNMENT(COMMON))
 *(SORT_BY_ALIGNMENT(.kernel_bss.*))
                0x0000000020000270                __bss_end = ALIGN (0x4)

noinit          0x0000000020000270      0xd00
 *(SORT_BY_ALIGNMENT(.noinit))
 *(SORT_BY_ALIGNMENT(.noinit.*))
 .noinit."WEST_TOPDIR/zephyr/kernel/init.c".2
                0x0000000020000270      0x800 zephyr/kernel/libkernel.a(init.c.obj)
                0x0000000020000270                z_interrupt_stacks
 .noinit."WEST_TOPDIR/zephyr/kernel/init.c".1
                0x0000000020000a70      0x100 zephyr/kernel/libkernel.a(init.c.obj)
 .noinit."WEST_TOPDIR/zephyr/kernel/init.c".0
                0x0000000020000b70      0x400 zephyr/kernel/libkernel.a(init.c.obj)
                0x0000000020000b70                z_main_stack
 *(SORT_BY_ALIGNMENT(.kernel_noinit.*))
                0x0000000020005000                __kernel_ram_end = 0x20005000
                0x0000000000004fb0                __kernel_ram_size = (__kernel_ram_end - __kernel_ram_start)

/DISCARD/
 *(SORT_BY_ALIGNMENT(.irq_info*))
 *(SORT_BY_ALIGNMENT(.intList*))

.last_ram_section
                0x0000000020000f70        0x0
                0x0000000020000f70                _image_ram_end = .
                0x0000000020000f70                _end = .
                0x0000000020000f70                z_mapped_end = .

.stab
 *(SORT_BY_ALIGNMENT(.stab))

.stabstr
 *(SORT_BY_ALIGNMENT(.stabstr))

.stab.excl
 *(SORT_BY_ALIGNMENT(.stab.excl))

.stab.exclstr
 *(SORT_BY_ALIGNMENT(.stab.exclstr))

.stab.index
 *(SORT_BY_ALIGNMENT(.stab.index))

.stab.indexstr
 *(SORT_BY_ALIGNMENT(.stab.indexstr))

.gnu.build.attributes
 *(SORT_BY_ALIGNMENT(.gnu.build.attributes) SORT_BY_ALIGNMENT(.gnu.build.attributes.*))

.comment        0x0000000000000000       0x20
 *(SORT_BY_ALIGNMENT(.comment))
 .comment       0x0000000000000000       0x20 zephyr/CMakeFiles/zephyr_final.dir/isr_tables.c.obj
                                         0x21 (size before relaxing)
 .comment       0x0000000000000020       0x21 zephyr/CMakeFiles/offsets.dir/./arch/arm/core/offsets/offsets.c.obj
 .comment       0x0000000000000020       0x21 app/libapp.a(main.c.obj)
 .comment       0x0000000000000020       0x21 zephyr/libzephyr.a(cbprintf_packaged.c.obj)
 .comment       0x0000000000000020       0x21 zephyr/libzephyr.a(printk.c.obj)
 .comment       0x0000000000000020       0x21 zephyr/libzephyr.a(thread_entry.c.obj)
 .comment       0x0000000000000020       0x21 zephyr/libzephyr.a(cbprintf_complete.c.obj)
 .comment       0x0000000000000020       0x21 zephyr/libzephyr.a(configs.c.obj)
 .comment       0x0000000000000020       0x21 zephyr/libzephyr.a(soc.c.obj)
 .comment       0x0000000000000020       0x21 zephyr/libzephyr.a(soc_config.c.obj)
 .comment       0x0000000000000020       0x21 zephyr/arch/arch/arm/core/aarch32/libarch__arm__core__aarch32.a(fatal.c.obj)
 .comment       0x0000000000000020       0x21 zephyr/arch/arch/arm/core/aarch32/libarch__arm__core__aarch32.a(irq_manage.c.obj)
 .comment       0x0000000000000020       0x21 zephyr/arch/arch/arm/core/aarch32/libarch__arm__core__aarch32.a(nmi.c.obj)
 .comment       0x0000000000000020       0x21 zephyr/arch/arch/arm/core/aarch32/libarch__arm__core__aarch32.a(prep_c.c.obj)
 .comment       0x0000000000000020       0x21 zephyr/arch/arch/arm/core/aarch32/libarch__arm__core__aarch32.a(swap.c.obj)
 .comment       0x0000000000000020       0x21 zephyr/arch/arch/arm/core/aarch32/libarch__arm__core__aarch32.a(thread.c.obj)
 .comment       0x0000000000000020       0x21 zephyr/arch/arch/arm/core/aarch32/cortex_m/libarch__arm__core__aarch32__cortex_m.a(fault.c.obj)
 .comment       0x0000000000000020       0x21 zephyr/arch/arch/arm/core/aarch32/cortex_m/libarch__arm__core__aarch32__cortex_m.a(irq_init.c.obj)
 .comment       0x0000000000000020       0x21 zephyr/arch/arch/arm/core/aarch32/cortex_m/libarch__arm__core__aarch32__cortex_m.a(thread_abort.c.obj)
 .comment       0x0000000000000020       0x21 zephyr/lib/libc/minimal/liblib__libc__minimal.a(string.c.obj)
 .comment       0x0000000000000020       0x21 zephyr/lib/libc/common/liblib__libc__common.a(strnlen.c.obj)
 .comment       0x0000000000000020       0x21 zephyr/drivers/interrupt_controller/libdrivers__interrupt_controller.a(intc_exti_stm32.c.obj)
 .comment       0x0000000000000020       0x21 zephyr/drivers/clock_control/libdrivers__clock_control.a(clock_stm32_ll_common.c.obj)
 .comment       0x0000000000000020       0x21 zephyr/drivers/clock_control/libdrivers__clock_control.a(clock_stm32f1.c.obj)
 .comment       0x0000000000000020       0x21 zephyr/drivers/gpio/libdrivers__gpio.a(gpio_stm32.c.obj)
 .comment       0x0000000000000020       0x21 zephyr/drivers/timer/libdrivers__timer.a(cortex_m_systick.c.obj)
 .comment       0x0000000000000020       0x21 modules/stm32/stm32cube/lib..__modules__hal__stm32__stm32cube.a(system_stm32f1xx.c.obj)
 .comment       0x0000000000000020       0x21 modules/stm32/stm32cube/lib..__modules__hal__stm32__stm32cube.a(stm32f1xx_hal_rcc.c.obj)
 .comment       0x0000000000000020       0x21 modules/stm32/stm32cube/lib..__modules__hal__stm32__stm32cube.a(stm32f1xx_ll_utils.c.obj)
 .comment       0x0000000000000020       0x21 zephyr/kernel/libkernel.a(device.c.obj)
 .comment       0x0000000000000020       0x21 zephyr/kernel/libkernel.a(errno.c.obj)
 .comment       0x0000000000000020       0x21 zephyr/kernel/libkernel.a(fatal.c.obj)
 .comment       0x0000000000000020       0x21 zephyr/kernel/libkernel.a(init.c.obj)
 .comment       0x0000000000000020       0x21 zephyr/kernel/libkernel.a(thread.c.obj)
 .comment       0x0000000000000020       0x21 zephyr/kernel/libkernel.a(idle.c.obj)
 .comment       0x0000000000000020       0x21 zephyr/kernel/libkernel.a(sched.c.obj)
 .comment       0x0000000000000020       0x21 zephyr/kernel/libkernel.a(xip.c.obj)
 .comment       0x0000000000000020       0x21 zephyr/kernel/libkernel.a(timeout.c.obj)
 .comment       0x0000000000000020       0x21 zephyr/kernel/libkernel.a(banner.c.obj)

.debug
 *(SORT_BY_ALIGNMENT(.debug))

.line
 *(SORT_BY_ALIGNMENT(.line))

.debug_srcinfo
 *(SORT_BY_ALIGNMENT(.debug_srcinfo))

.debug_sfnames
 *(SORT_BY_ALIGNMENT(.debug_sfnames))

.debug_aranges  0x0000000000000000      0xc58
 *(SORT_BY_ALIGNMENT(.debug_aranges))
 .debug_aranges
                0x0000000000000000       0x30 zephyr/arch/arch/arm/core/aarch32/libarch__arm__core__aarch32.a(cpu_idle.S.obj)
 .debug_aranges
                0x0000000000000030       0x20 zephyr/arch/arch/arm/core/aarch32/libarch__arm__core__aarch32.a(nmi_on_reset.S.obj)
 .debug_aranges
                0x0000000000000050       0x28 zephyr/arch/arch/arm/core/aarch32/libarch__arm__core__aarch32.a(swap_helper.S.obj)
 .debug_aranges
                0x0000000000000078       0x20 zephyr/arch/arch/arm/core/aarch32/libarch__arm__core__aarch32.a(isr_wrapper.S.obj)
 .debug_aranges
                0x0000000000000098       0x20 zephyr/arch/arch/arm/core/aarch32/cortex_m/libarch__arm__core__aarch32__cortex_m.a(exc_exit.S.obj)
 .debug_aranges
                0x00000000000000b8       0x20 zephyr/arch/arch/arm/core/aarch32/cortex_m/libarch__arm__core__aarch32__cortex_m.a(fault_s.S.obj)
 .debug_aranges
                0x00000000000000d8       0x20 zephyr/arch/arch/arm/core/aarch32/cortex_m/libarch__arm__core__aarch32__cortex_m.a(reset.S.obj)
 .debug_aranges
                0x00000000000000f8       0x18 zephyr/CMakeFiles/zephyr_final.dir/isr_tables.c.obj
 .debug_aranges
                0x0000000000000110       0x20 zephyr/CMakeFiles/offsets.dir/./arch/arm/core/offsets/offsets.c.obj
 .debug_aranges
                0x0000000000000130       0x30 app/libapp.a(main.c.obj)
 .debug_aranges
                0x0000000000000160       0x40 zephyr/libzephyr.a(cbprintf_packaged.c.obj)
 .debug_aranges
                0x00000000000001a0       0x68 zephyr/libzephyr.a(printk.c.obj)
 .debug_aranges
                0x0000000000000208       0x20 zephyr/libzephyr.a(thread_entry.c.obj)
 .debug_aranges
                0x0000000000000228       0x30 zephyr/libzephyr.a(cbprintf_complete.c.obj)
 .debug_aranges
                0x0000000000000258       0x20 zephyr/libzephyr.a(configs.c.obj)
 .debug_aranges
                0x0000000000000278       0x20 zephyr/libzephyr.a(soc.c.obj)
 .debug_aranges
                0x0000000000000298       0x20 zephyr/libzephyr.a(soc_config.c.obj)
 .debug_aranges
                0x00000000000002b8       0x30 zephyr/arch/arch/arm/core/aarch32/libarch__arm__core__aarch32.a(fatal.c.obj)
 .debug_aranges
                0x00000000000002e8       0x40 zephyr/arch/arch/arm/core/aarch32/libarch__arm__core__aarch32.a(irq_manage.c.obj)
 .debug_aranges
                0x0000000000000328       0x20 zephyr/arch/arch/arm/core/aarch32/libarch__arm__core__aarch32.a(nmi.c.obj)
 .debug_aranges
                0x0000000000000348       0x20 zephyr/arch/arch/arm/core/aarch32/libarch__arm__core__aarch32.a(prep_c.c.obj)
 .debug_aranges
                0x0000000000000368       0x20 zephyr/arch/arch/arm/core/aarch32/libarch__arm__core__aarch32.a(swap.c.obj)
 .debug_aranges
                0x0000000000000388       0x28 zephyr/arch/arch/arm/core/aarch32/libarch__arm__core__aarch32.a(thread.c.obj)
 .debug_aranges
                0x00000000000003b0       0x40 zephyr/arch/arch/arm/core/aarch32/cortex_m/libarch__arm__core__aarch32__cortex_m.a(fault.c.obj)
 .debug_aranges
                0x00000000000003f0       0x20 zephyr/arch/arch/arm/core/aarch32/cortex_m/libarch__arm__core__aarch32__cortex_m.a(irq_init.c.obj)
 .debug_aranges
                0x0000000000000410       0x20 zephyr/arch/arch/arm/core/aarch32/cortex_m/libarch__arm__core__aarch32__cortex_m.a(thread_abort.c.obj)
 .debug_aranges
                0x0000000000000430       0x90 zephyr/lib/libc/minimal/liblib__libc__minimal.a(string.c.obj)
 .debug_aranges
                0x00000000000004c0       0x20 zephyr/lib/libc/common/liblib__libc__common.a(strnlen.c.obj)
 .debug_aranges
                0x00000000000004e0       0x58 zephyr/drivers/interrupt_controller/libdrivers__interrupt_controller.a(intc_exti_stm32.c.obj)
 .debug_aranges
                0x0000000000000538       0x48 zephyr/drivers/clock_control/libdrivers__clock_control.a(clock_stm32_ll_common.c.obj)
 .debug_aranges
                0x0000000000000580       0x28 zephyr/drivers/clock_control/libdrivers__clock_control.a(clock_stm32f1.c.obj)
 .debug_aranges
                0x00000000000005a8       0x90 zephyr/drivers/gpio/libdrivers__gpio.a(gpio_stm32.c.obj)
 .debug_aranges
                0x0000000000000638       0x60 zephyr/drivers/timer/libdrivers__timer.a(cortex_m_systick.c.obj)
 .debug_aranges
                0x0000000000000698       0x28 modules/stm32/stm32cube/lib..__modules__hal__stm32__stm32cube.a(system_stm32f1xx.c.obj)
 .debug_aranges
                0x00000000000006c0       0x88 modules/stm32/stm32cube/lib..__modules__hal__stm32__stm32cube.a(stm32f1xx_hal_rcc.c.obj)
 .debug_aranges
                0x0000000000000748       0x50 modules/stm32/stm32cube/lib..__modules__hal__stm32__stm32cube.a(stm32f1xx_ll_utils.c.obj)
 .debug_aranges
                0x0000000000000798       0x38 zephyr/kernel/libkernel.a(device.c.obj)
 .debug_aranges
                0x00000000000007d0       0x20 zephyr/kernel/libkernel.a(errno.c.obj)
 .debug_aranges
                0x00000000000007f0       0x60 zephyr/kernel/libkernel.a(fatal.c.obj)
 .debug_aranges
                0x0000000000000850       0x50 zephyr/kernel/libkernel.a(init.c.obj)
 .debug_aranges
                0x00000000000008a0       0xb8 zephyr/kernel/libkernel.a(thread.c.obj)
 .debug_aranges
                0x0000000000000958       0x30 zephyr/kernel/libkernel.a(idle.c.obj)
 .debug_aranges
                0x0000000000000988      0x200 zephyr/kernel/libkernel.a(sched.c.obj)
 .debug_aranges
                0x0000000000000b88       0x20 zephyr/kernel/libkernel.a(xip.c.obj)
 .debug_aranges
                0x0000000000000ba8       0x90 zephyr/kernel/libkernel.a(timeout.c.obj)
 .debug_aranges
                0x0000000000000c38       0x20 zephyr/kernel/libkernel.a(banner.c.obj)

.debug_pubnames
 *(SORT_BY_ALIGNMENT(.debug_pubnames))

.debug_info     0x0000000000000000    0x2c4c8
 *(SORT_BY_ALIGNMENT(.debug_info) SORT_BY_ALIGNMENT(.gnu.linkonce.wi.*))
 .debug_info    0x0000000000000000      0x17d zephyr/CMakeFiles/zephyr_final.dir/isr_tables.c.obj
 .debug_info    0x000000000000017d       0xdc zephyr/CMakeFiles/offsets.dir/./arch/arm/core/offsets/offsets.c.obj
 .debug_info    0x0000000000000259      0xe2a app/libapp.a(main.c.obj)
 .debug_info    0x0000000000001083     0x1e0c zephyr/libzephyr.a(cbprintf_packaged.c.obj)
 .debug_info    0x0000000000002e8f      0x6de zephyr/libzephyr.a(printk.c.obj)
 .debug_info    0x000000000000356d      0x5d2 zephyr/libzephyr.a(thread_entry.c.obj)
 .debug_info    0x0000000000003b3f     0x1063 zephyr/libzephyr.a(cbprintf_complete.c.obj)
 .debug_info    0x0000000000004ba2       0x38 zephyr/libzephyr.a(configs.c.obj)
 .debug_info    0x0000000000004bda      0x1e9 zephyr/libzephyr.a(soc.c.obj)
 .debug_info    0x0000000000004dc3      0x208 zephyr/libzephyr.a(soc_config.c.obj)
 .debug_info    0x0000000000004fcb       0x22 zephyr/arch/arch/arm/core/aarch32/libarch__arm__core__aarch32.a(cpu_idle.S.obj)
 .debug_info    0x0000000000004fed     0x253e zephyr/arch/arch/arm/core/aarch32/libarch__arm__core__aarch32.a(fatal.c.obj)
 .debug_info    0x000000000000752b      0x923 zephyr/arch/arch/arm/core/aarch32/libarch__arm__core__aarch32.a(irq_manage.c.obj)
 .debug_info    0x0000000000007e4e       0xb6 zephyr/arch/arch/arm/core/aarch32/libarch__arm__core__aarch32.a(nmi.c.obj)
 .debug_info    0x0000000000007f04       0x23 zephyr/arch/arch/arm/core/aarch32/libarch__arm__core__aarch32.a(nmi_on_reset.S.obj)
 .debug_info    0x0000000000007f27      0x3b6 zephyr/arch/arch/arm/core/aarch32/libarch__arm__core__aarch32.a(prep_c.c.obj)
 .debug_info    0x00000000000082dd      0x76e zephyr/arch/arch/arm/core/aarch32/libarch__arm__core__aarch32.a(swap.c.obj)
 .debug_info    0x0000000000008a4b       0x22 zephyr/arch/arch/arm/core/aarch32/libarch__arm__core__aarch32.a(swap_helper.S.obj)
 .debug_info    0x0000000000008a6d      0x7cc zephyr/arch/arch/arm/core/aarch32/libarch__arm__core__aarch32.a(thread.c.obj)
 .debug_info    0x0000000000009239       0x23 zephyr/arch/arch/arm/core/aarch32/libarch__arm__core__aarch32.a(isr_wrapper.S.obj)
 .debug_info    0x000000000000925c       0x23 zephyr/arch/arch/arm/core/aarch32/cortex_m/libarch__arm__core__aarch32__cortex_m.a(exc_exit.S.obj)
 .debug_info    0x000000000000927f     0xb089 zephyr/arch/arch/arm/core/aarch32/cortex_m/libarch__arm__core__aarch32__cortex_m.a(fault.c.obj)
 .debug_info    0x0000000000014308       0x23 zephyr/arch/arch/arm/core/aarch32/cortex_m/libarch__arm__core__aarch32__cortex_m.a(fault_s.S.obj)
 .debug_info    0x000000000001432b      0x5cc zephyr/arch/arch/arm/core/aarch32/cortex_m/libarch__arm__core__aarch32__cortex_m.a(irq_init.c.obj)
 .debug_info    0x00000000000148f7       0x23 zephyr/arch/arch/arm/core/aarch32/cortex_m/libarch__arm__core__aarch32__cortex_m.a(reset.S.obj)
 .debug_info    0x000000000001491a      0x7ae zephyr/arch/arch/arm/core/aarch32/cortex_m/libarch__arm__core__aarch32__cortex_m.a(thread_abort.c.obj)
 .debug_info    0x00000000000150c8      0x6de zephyr/lib/libc/minimal/liblib__libc__minimal.a(string.c.obj)
 .debug_info    0x00000000000157a6       0xd7 zephyr/lib/libc/common/liblib__libc__common.a(strnlen.c.obj)
 .debug_info    0x000000000001587d      0xf0b zephyr/drivers/interrupt_controller/libdrivers__interrupt_controller.a(intc_exti_stm32.c.obj)
 .debug_info    0x0000000000016788      0xed8 zephyr/drivers/clock_control/libdrivers__clock_control.a(clock_stm32_ll_common.c.obj)
 .debug_info    0x0000000000017660      0x223 zephyr/drivers/clock_control/libdrivers__clock_control.a(clock_stm32f1.c.obj)
 .debug_info    0x0000000000017883     0x2975 zephyr/drivers/gpio/libdrivers__gpio.a(gpio_stm32.c.obj)
 .debug_info    0x000000000001a1f8      0xe2d zephyr/drivers/timer/libdrivers__timer.a(cortex_m_systick.c.obj)
 .debug_info    0x000000000001b025      0x229 modules/stm32/stm32cube/lib..__modules__hal__stm32__stm32cube.a(system_stm32f1xx.c.obj)
 .debug_info    0x000000000001b24e      0xa55 modules/stm32/stm32cube/lib..__modules__hal__stm32__stm32cube.a(stm32f1xx_hal_rcc.c.obj)
 .debug_info    0x000000000001bca3      0xb98 modules/stm32/stm32cube/lib..__modules__hal__stm32__stm32cube.a(stm32f1xx_ll_utils.c.obj)
 .debug_info    0x000000000001c83b      0x32b zephyr/kernel/libkernel.a(device.c.obj)
 .debug_info    0x000000000001cb66      0x621 zephyr/kernel/libkernel.a(errno.c.obj)
 .debug_info    0x000000000001d187     0x27a5 zephyr/kernel/libkernel.a(fatal.c.obj)
 .debug_info    0x000000000001f92c     0x1947 zephyr/kernel/libkernel.a(init.c.obj)
 .debug_info    0x0000000000021273     0x26f7 zephyr/kernel/libkernel.a(thread.c.obj)
 .debug_info    0x000000000002396a      0x269 zephyr/kernel/libkernel.a(idle.c.obj)
 .debug_info    0x0000000000023bd3     0x7129 zephyr/kernel/libkernel.a(sched.c.obj)
 .debug_info    0x000000000002acfc      0x136 zephyr/kernel/libkernel.a(xip.c.obj)
 .debug_info    0x000000000002ae32     0x15d1 zephyr/kernel/libkernel.a(timeout.c.obj)
 .debug_info    0x000000000002c403       0xc5 zephyr/kernel/libkernel.a(banner.c.obj)

.debug_abbrev   0x0000000000000000     0x69b0
 *(SORT_BY_ALIGNMENT(.debug_abbrev))
 .debug_abbrev  0x0000000000000000      0x118 zephyr/CMakeFiles/zephyr_final.dir/isr_tables.c.obj
 .debug_abbrev  0x0000000000000118       0x62 zephyr/CMakeFiles/offsets.dir/./arch/arm/core/offsets/offsets.c.obj
 .debug_abbrev  0x000000000000017a      0x389 app/libapp.a(main.c.obj)
 .debug_abbrev  0x0000000000000503      0x4eb zephyr/libzephyr.a(cbprintf_packaged.c.obj)
 .debug_abbrev  0x00000000000009ee      0x322 zephyr/libzephyr.a(printk.c.obj)
 .debug_abbrev  0x0000000000000d10      0x23a zephyr/libzephyr.a(thread_entry.c.obj)
 .debug_abbrev  0x0000000000000f4a      0x3f1 zephyr/libzephyr.a(cbprintf_complete.c.obj)
 .debug_abbrev  0x000000000000133b       0x2e zephyr/libzephyr.a(configs.c.obj)
 .debug_abbrev  0x0000000000001369      0x14e zephyr/libzephyr.a(soc.c.obj)
 .debug_abbrev  0x00000000000014b7      0x159 zephyr/libzephyr.a(soc_config.c.obj)
 .debug_abbrev  0x0000000000001610       0x12 zephyr/arch/arch/arm/core/aarch32/libarch__arm__core__aarch32.a(cpu_idle.S.obj)
 .debug_abbrev  0x0000000000001622      0x2c9 zephyr/arch/arch/arm/core/aarch32/libarch__arm__core__aarch32.a(fatal.c.obj)
 .debug_abbrev  0x00000000000018eb      0x28c zephyr/arch/arch/arm/core/aarch32/libarch__arm__core__aarch32.a(irq_manage.c.obj)
 .debug_abbrev  0x0000000000001b77       0x70 zephyr/arch/arch/arm/core/aarch32/libarch__arm__core__aarch32.a(nmi.c.obj)
 .debug_abbrev  0x0000000000001be7       0x14 zephyr/arch/arch/arm/core/aarch32/libarch__arm__core__aarch32.a(nmi_on_reset.S.obj)
 .debug_abbrev  0x0000000000001bfb      0x17d zephyr/arch/arch/arm/core/aarch32/libarch__arm__core__aarch32.a(prep_c.c.obj)
 .debug_abbrev  0x0000000000001d78      0x1d9 zephyr/arch/arch/arm/core/aarch32/libarch__arm__core__aarch32.a(swap.c.obj)
 .debug_abbrev  0x0000000000001f51       0x12 zephyr/arch/arch/arm/core/aarch32/libarch__arm__core__aarch32.a(swap_helper.S.obj)
 .debug_abbrev  0x0000000000001f63      0x207 zephyr/arch/arch/arm/core/aarch32/libarch__arm__core__aarch32.a(thread.c.obj)
 .debug_abbrev  0x000000000000216a       0x14 zephyr/arch/arch/arm/core/aarch32/libarch__arm__core__aarch32.a(isr_wrapper.S.obj)
 .debug_abbrev  0x000000000000217e       0x14 zephyr/arch/arch/arm/core/aarch32/cortex_m/libarch__arm__core__aarch32__cortex_m.a(exc_exit.S.obj)
 .debug_abbrev  0x0000000000002192      0x45c zephyr/arch/arch/arm/core/aarch32/cortex_m/libarch__arm__core__aarch32__cortex_m.a(fault.c.obj)
 .debug_abbrev  0x00000000000025ee       0x14 zephyr/arch/arch/arm/core/aarch32/cortex_m/libarch__arm__core__aarch32__cortex_m.a(fault_s.S.obj)
 .debug_abbrev  0x0000000000002602      0x168 zephyr/arch/arch/arm/core/aarch32/cortex_m/libarch__arm__core__aarch32__cortex_m.a(irq_init.c.obj)
 .debug_abbrev  0x000000000000276a       0x14 zephyr/arch/arch/arm/core/aarch32/cortex_m/libarch__arm__core__aarch32__cortex_m.a(reset.S.obj)
 .debug_abbrev  0x000000000000277e      0x227 zephyr/arch/arch/arm/core/aarch32/cortex_m/libarch__arm__core__aarch32__cortex_m.a(thread_abort.c.obj)
 .debug_abbrev  0x00000000000029a5      0x171 zephyr/lib/libc/minimal/liblib__libc__minimal.a(string.c.obj)
 .debug_abbrev  0x0000000000002b16       0xa0 zephyr/lib/libc/common/liblib__libc__common.a(strnlen.c.obj)
 .debug_abbrev  0x0000000000002bb6      0x482 zephyr/drivers/interrupt_controller/libdrivers__interrupt_controller.a(intc_exti_stm32.c.obj)
 .debug_abbrev  0x0000000000003038      0x4c3 zephyr/drivers/clock_control/libdrivers__clock_control.a(clock_stm32_ll_common.c.obj)
 .debug_abbrev  0x00000000000034fb      0x145 zephyr/drivers/clock_control/libdrivers__clock_control.a(clock_stm32f1.c.obj)
 .debug_abbrev  0x0000000000003640      0x581 zephyr/drivers/gpio/libdrivers__gpio.a(gpio_stm32.c.obj)
 .debug_abbrev  0x0000000000003bc1      0x48c zephyr/drivers/timer/libdrivers__timer.a(cortex_m_systick.c.obj)
 .debug_abbrev  0x000000000000404d      0x13e modules/stm32/stm32cube/lib..__modules__hal__stm32__stm32cube.a(system_stm32f1xx.c.obj)
 .debug_abbrev  0x000000000000418b      0x2f2 modules/stm32/stm32cube/lib..__modules__hal__stm32__stm32cube.a(stm32f1xx_hal_rcc.c.obj)
 .debug_abbrev  0x000000000000447d      0x325 modules/stm32/stm32cube/lib..__modules__hal__stm32__stm32cube.a(stm32f1xx_ll_utils.c.obj)
 .debug_abbrev  0x00000000000047a2      0x1bc zephyr/kernel/libkernel.a(device.c.obj)
 .debug_abbrev  0x000000000000495e      0x191 zephyr/kernel/libkernel.a(errno.c.obj)
 .debug_abbrev  0x0000000000004aef      0x424 zephyr/kernel/libkernel.a(fatal.c.obj)
 .debug_abbrev  0x0000000000004f13      0x678 zephyr/kernel/libkernel.a(init.c.obj)
 .debug_abbrev  0x000000000000558b      0x5c9 zephyr/kernel/libkernel.a(thread.c.obj)
 .debug_abbrev  0x0000000000005b54      0x18d zephyr/kernel/libkernel.a(idle.c.obj)
 .debug_abbrev  0x0000000000005ce1      0x6d6 zephyr/kernel/libkernel.a(sched.c.obj)
 .debug_abbrev  0x00000000000063b7       0xbe zephyr/kernel/libkernel.a(xip.c.obj)
 .debug_abbrev  0x0000000000006475      0x4ac zephyr/kernel/libkernel.a(timeout.c.obj)
 .debug_abbrev  0x0000000000006921       0x8f zephyr/kernel/libkernel.a(banner.c.obj)

.debug_line     0x0000000000000000     0xf9bf
 *(SORT_BY_ALIGNMENT(.debug_line) SORT_BY_ALIGNMENT(.debug_line.*) SORT_BY_ALIGNMENT(.debug_line_end))
 .debug_line    0x0000000000000000      0x107 zephyr/CMakeFiles/zephyr_final.dir/isr_tables.c.obj
 .debug_line    0x0000000000000107      0x13b zephyr/CMakeFiles/offsets.dir/./arch/arm/core/offsets/offsets.c.obj
 .debug_line    0x0000000000000242      0x42c app/libapp.a(main.c.obj)
 .debug_line    0x000000000000066e      0xfe3 zephyr/libzephyr.a(cbprintf_packaged.c.obj)
 .debug_line    0x0000000000001651      0x447 zephyr/libzephyr.a(printk.c.obj)
 .debug_line    0x0000000000001a98      0x326 zephyr/libzephyr.a(thread_entry.c.obj)
 .debug_line    0x0000000000001dbe      0xc77 zephyr/libzephyr.a(cbprintf_complete.c.obj)
 .debug_line    0x0000000000002a35      0x1ce zephyr/libzephyr.a(configs.c.obj)
 .debug_line    0x0000000000002c03      0x178 zephyr/libzephyr.a(soc.c.obj)
 .debug_line    0x0000000000002d7b      0x126 zephyr/libzephyr.a(soc_config.c.obj)
 .debug_line    0x0000000000002ea1       0xaa zephyr/arch/arch/arm/core/aarch32/libarch__arm__core__aarch32.a(cpu_idle.S.obj)
 .debug_line    0x0000000000002f4b      0x2f6 zephyr/arch/arch/arm/core/aarch32/libarch__arm__core__aarch32.a(fatal.c.obj)
 .debug_line    0x0000000000003241      0x34a zephyr/arch/arch/arm/core/aarch32/libarch__arm__core__aarch32.a(irq_manage.c.obj)
 .debug_line    0x000000000000358b       0xd1 zephyr/arch/arch/arm/core/aarch32/libarch__arm__core__aarch32.a(nmi.c.obj)
 .debug_line    0x000000000000365c       0x7a zephyr/arch/arch/arm/core/aarch32/libarch__arm__core__aarch32.a(nmi_on_reset.S.obj)
 .debug_line    0x00000000000036d6      0x2c0 zephyr/arch/arch/arm/core/aarch32/libarch__arm__core__aarch32.a(prep_c.c.obj)
 .debug_line    0x0000000000003996      0x35d zephyr/arch/arch/arm/core/aarch32/libarch__arm__core__aarch32.a(swap.c.obj)
 .debug_line    0x0000000000003cf3       0xcb zephyr/arch/arch/arm/core/aarch32/libarch__arm__core__aarch32.a(swap_helper.S.obj)
 .debug_line    0x0000000000003dbe      0x39a zephyr/arch/arch/arm/core/aarch32/libarch__arm__core__aarch32.a(thread.c.obj)
 .debug_line    0x0000000000004158       0x91 zephyr/arch/arch/arm/core/aarch32/libarch__arm__core__aarch32.a(isr_wrapper.S.obj)
 .debug_line    0x00000000000041e9       0x8d zephyr/arch/arch/arm/core/aarch32/cortex_m/libarch__arm__core__aarch32__cortex_m.a(exc_exit.S.obj)
 .debug_line    0x0000000000004276      0x80a zephyr/arch/arch/arm/core/aarch32/cortex_m/libarch__arm__core__aarch32__cortex_m.a(fault.c.obj)
 .debug_line    0x0000000000004a80       0x87 zephyr/arch/arch/arm/core/aarch32/cortex_m/libarch__arm__core__aarch32__cortex_m.a(fault_s.S.obj)
 .debug_line    0x0000000000004b07      0x1ef zephyr/arch/arch/arm/core/aarch32/cortex_m/libarch__arm__core__aarch32__cortex_m.a(irq_init.c.obj)
 .debug_line    0x0000000000004cf6       0x8c zephyr/arch/arch/arm/core/aarch32/cortex_m/libarch__arm__core__aarch32__cortex_m.a(reset.S.obj)
 .debug_line    0x0000000000004d82      0x401 zephyr/arch/arch/arm/core/aarch32/cortex_m/libarch__arm__core__aarch32__cortex_m.a(thread_abort.c.obj)
 .debug_line    0x0000000000005183      0x528 zephyr/lib/libc/minimal/liblib__libc__minimal.a(string.c.obj)
 .debug_line    0x00000000000056ab      0x14f zephyr/lib/libc/common/liblib__libc__common.a(strnlen.c.obj)
 .debug_line    0x00000000000057fa      0x6ec zephyr/drivers/interrupt_controller/libdrivers__interrupt_controller.a(intc_exti_stm32.c.obj)
 .debug_line    0x0000000000005ee6      0x8e8 zephyr/drivers/clock_control/libdrivers__clock_control.a(clock_stm32_ll_common.c.obj)
 .debug_line    0x00000000000067ce      0x1ea zephyr/drivers/clock_control/libdrivers__clock_control.a(clock_stm32f1.c.obj)
 .debug_line    0x00000000000069b8      0xfc4 zephyr/drivers/gpio/libdrivers__gpio.a(gpio_stm32.c.obj)
 .debug_line    0x000000000000797c      0x7ff zephyr/drivers/timer/libdrivers__timer.a(cortex_m_systick.c.obj)
 .debug_line    0x000000000000817b      0x1a3 modules/stm32/stm32cube/lib..__modules__hal__stm32__stm32cube.a(system_stm32f1xx.c.obj)
 .debug_line    0x000000000000831e      0xba0 modules/stm32/stm32cube/lib..__modules__hal__stm32__stm32cube.a(stm32f1xx_hal_rcc.c.obj)
 .debug_line    0x0000000000008ebe      0x7dc modules/stm32/stm32cube/lib..__modules__hal__stm32__stm32cube.a(stm32f1xx_ll_utils.c.obj)
 .debug_line    0x000000000000969a      0x2b3 zephyr/kernel/libkernel.a(device.c.obj)
 .debug_line    0x000000000000994d      0x32f zephyr/kernel/libkernel.a(errno.c.obj)
 .debug_line    0x0000000000009c7c      0x59a zephyr/kernel/libkernel.a(fatal.c.obj)
 .debug_line    0x000000000000a216      0xa37 zephyr/kernel/libkernel.a(init.c.obj)
 .debug_line    0x000000000000ac4d      0xb58 zephyr/kernel/libkernel.a(thread.c.obj)
 .debug_line    0x000000000000b7a5      0x2ba zephyr/kernel/libkernel.a(idle.c.obj)
 .debug_line    0x000000000000ba5f     0x2f9d zephyr/kernel/libkernel.a(sched.c.obj)
 .debug_line    0x000000000000e9fc      0x1be zephyr/kernel/libkernel.a(xip.c.obj)
 .debug_line    0x000000000000ebba      0xd5a zephyr/kernel/libkernel.a(timeout.c.obj)
 .debug_line    0x000000000000f914       0xab zephyr/kernel/libkernel.a(banner.c.obj)

.debug_frame    0x0000000000000000     0x19bc
 *(SORT_BY_ALIGNMENT(.debug_frame))
 .debug_frame   0x0000000000000000       0x20 zephyr/CMakeFiles/offsets.dir/./arch/arm/core/offsets/offsets.c.obj
 .debug_frame   0x0000000000000020       0x48 app/libapp.a(main.c.obj)
 .debug_frame   0x0000000000000068       0xec zephyr/libzephyr.a(cbprintf_packaged.c.obj)
 .debug_frame   0x0000000000000154      0x118 zephyr/libzephyr.a(printk.c.obj)
 .debug_frame   0x000000000000026c       0x28 zephyr/libzephyr.a(thread_entry.c.obj)
 .debug_frame   0x0000000000000294       0x88 zephyr/libzephyr.a(cbprintf_complete.c.obj)
 .debug_frame   0x000000000000031c       0x20 zephyr/libzephyr.a(configs.c.obj)
 .debug_frame   0x000000000000033c       0x20 zephyr/libzephyr.a(soc.c.obj)
 .debug_frame   0x000000000000035c       0x20 zephyr/libzephyr.a(soc_config.c.obj)
 .debug_frame   0x000000000000037c       0x48 zephyr/arch/arch/arm/core/aarch32/libarch__arm__core__aarch32.a(fatal.c.obj)
 .debug_frame   0x00000000000003c4       0x60 zephyr/arch/arch/arm/core/aarch32/libarch__arm__core__aarch32.a(irq_manage.c.obj)
 .debug_frame   0x0000000000000424       0x2c zephyr/arch/arch/arm/core/aarch32/libarch__arm__core__aarch32.a(nmi.c.obj)
 .debug_frame   0x0000000000000450       0x28 zephyr/arch/arch/arm/core/aarch32/libarch__arm__core__aarch32.a(prep_c.c.obj)
 .debug_frame   0x0000000000000478       0x20 zephyr/arch/arch/arm/core/aarch32/libarch__arm__core__aarch32.a(swap.c.obj)
 .debug_frame   0x0000000000000498       0x30 zephyr/arch/arch/arm/core/aarch32/libarch__arm__core__aarch32.a(thread.c.obj)
 .debug_frame   0x00000000000004c8       0x84 zephyr/arch/arch/arm/core/aarch32/cortex_m/libarch__arm__core__aarch32__cortex_m.a(fault.c.obj)
 .debug_frame   0x000000000000054c       0x20 zephyr/arch/arch/arm/core/aarch32/cortex_m/libarch__arm__core__aarch32__cortex_m.a(irq_init.c.obj)
 .debug_frame   0x000000000000056c       0x20 zephyr/arch/arch/arm/core/aarch32/cortex_m/libarch__arm__core__aarch32__cortex_m.a(thread_abort.c.obj)
 .debug_frame   0x000000000000058c      0x160 zephyr/lib/libc/minimal/liblib__libc__minimal.a(string.c.obj)
 .debug_frame   0x00000000000006ec       0x20 zephyr/lib/libc/common/liblib__libc__common.a(strnlen.c.obj)
 .debug_frame   0x000000000000070c       0xc0 zephyr/drivers/interrupt_controller/libdrivers__interrupt_controller.a(intc_exti_stm32.c.obj)
 .debug_frame   0x00000000000007cc       0x84 zephyr/drivers/clock_control/libdrivers__clock_control.a(clock_stm32_ll_common.c.obj)
 .debug_frame   0x0000000000000850       0x30 zephyr/drivers/clock_control/libdrivers__clock_control.a(clock_stm32f1.c.obj)
 .debug_frame   0x0000000000000880      0x18c zephyr/drivers/gpio/libdrivers__gpio.a(gpio_stm32.c.obj)
 .debug_frame   0x0000000000000a0c       0xe4 zephyr/drivers/timer/libdrivers__timer.a(cortex_m_systick.c.obj)
 .debug_frame   0x0000000000000af0       0x30 modules/stm32/stm32cube/lib..__modules__hal__stm32__stm32cube.a(system_stm32f1xx.c.obj)
 .debug_frame   0x0000000000000b20      0x150 modules/stm32/stm32cube/lib..__modules__hal__stm32__stm32cube.a(stm32f1xx_hal_rcc.c.obj)
 .debug_frame   0x0000000000000c70       0xc8 modules/stm32/stm32cube/lib..__modules__hal__stm32__stm32cube.a(stm32f1xx_ll_utils.c.obj)
 .debug_frame   0x0000000000000d38       0x5c zephyr/kernel/libkernel.a(device.c.obj)
 .debug_frame   0x0000000000000d94       0x20 zephyr/kernel/libkernel.a(errno.c.obj)
 .debug_frame   0x0000000000000db4       0xc8 zephyr/kernel/libkernel.a(fatal.c.obj)
 .debug_frame   0x0000000000000e7c       0xbc zephyr/kernel/libkernel.a(init.c.obj)
 .debug_frame   0x0000000000000f38      0x1c4 zephyr/kernel/libkernel.a(thread.c.obj)
 .debug_frame   0x00000000000010fc       0x48 zephyr/kernel/libkernel.a(idle.c.obj)
 .debug_frame   0x0000000000001144      0x628 zephyr/kernel/libkernel.a(sched.c.obj)
 .debug_frame   0x000000000000176c       0x2c zephyr/kernel/libkernel.a(xip.c.obj)
 .debug_frame   0x0000000000001798      0x1a4 zephyr/kernel/libkernel.a(timeout.c.obj)
 .debug_frame   0x000000000000193c       0x20 zephyr/kernel/libkernel.a(banner.c.obj)
 .debug_frame   0x000000000000195c       0x2c d:/desktop/source/zephyr-sdk-0.16.1/arm-zephyr-eabi/bin/../lib/gcc/arm-zephyr-eabi/12.2.0/thumb/v7-m/nofp\libgcc.a(_aeabi_uldivmod.o)
 .debug_frame   0x0000000000001988       0x34 d:/desktop/source/zephyr-sdk-0.16.1/arm-zephyr-eabi/bin/../lib/gcc/arm-zephyr-eabi/12.2.0/thumb/v7-m/nofp\libgcc.a(_udivmoddi4.o)

.debug_str      0x0000000000000000     0x5e5c
 *(SORT_BY_ALIGNMENT(.debug_str))
 .debug_str     0x0000000000000000      0x2f6 zephyr/CMakeFiles/zephyr_final.dir/isr_tables.c.obj
                                        0x32f (size before relaxing)
 .debug_str     0x00000000000002f6      0x14b zephyr/CMakeFiles/offsets.dir/./arch/arm/core/offsets/offsets.c.obj
                                        0x354 (size before relaxing)
 .debug_str     0x0000000000000441      0x528 app/libapp.a(main.c.obj)
                                        0x91b (size before relaxing)
 .debug_str     0x0000000000000969      0x6a9 zephyr/libzephyr.a(cbprintf_packaged.c.obj)
                                        0xa55 (size before relaxing)
 .debug_str     0x0000000000001012      0x104 zephyr/libzephyr.a(printk.c.obj)
                                        0x5ac (size before relaxing)
 .debug_str     0x0000000000001116      0x1ee zephyr/libzephyr.a(thread_entry.c.obj)
                                        0x4bb (size before relaxing)
 .debug_str     0x0000000000001304      0x36b zephyr/libzephyr.a(cbprintf_complete.c.obj)
                                        0x63c (size before relaxing)
 .debug_str     0x000000000000166f       0x63 zephyr/libzephyr.a(configs.c.obj)
                                        0x1d1 (size before relaxing)
 .debug_str     0x00000000000016d2       0x78 zephyr/libzephyr.a(soc.c.obj)
                                        0x2ef (size before relaxing)
 .debug_str     0x000000000000174a       0x67 zephyr/libzephyr.a(soc_config.c.obj)
                                        0x377 (size before relaxing)
 .debug_str     0x00000000000017b1       0x51 zephyr/arch/arch/arm/core/aarch32/libarch__arm__core__aarch32.a(cpu_idle.S.obj)
                                         0x85 (size before relaxing)
 .debug_str     0x0000000000001802       0xf1 zephyr/arch/arch/arm/core/aarch32/libarch__arm__core__aarch32.a(fatal.c.obj)
                                        0x7d1 (size before relaxing)
 .debug_str     0x00000000000018f3      0x560 zephyr/arch/arch/arm/core/aarch32/libarch__arm__core__aarch32.a(irq_manage.c.obj)
                                        0x863 (size before relaxing)
 .debug_str     0x0000000000001e53       0x69 zephyr/arch/arch/arm/core/aarch32/libarch__arm__core__aarch32.a(nmi.c.obj)
                                        0x272 (size before relaxing)
 .debug_str     0x0000000000001ebc       0x49 zephyr/arch/arch/arm/core/aarch32/libarch__arm__core__aarch32.a(nmi_on_reset.S.obj)
                                         0x89 (size before relaxing)
 .debug_str     0x0000000000001f05       0xdf zephyr/arch/arch/arm/core/aarch32/libarch__arm__core__aarch32.a(prep_c.c.obj)
                                        0x39f (size before relaxing)
 .debug_str     0x0000000000001fe4       0x92 zephyr/arch/arch/arm/core/aarch32/libarch__arm__core__aarch32.a(swap.c.obj)
                                        0x523 (size before relaxing)
 .debug_str     0x0000000000002076       0x48 zephyr/arch/arch/arm/core/aarch32/libarch__arm__core__aarch32.a(swap_helper.S.obj)
                                         0x88 (size before relaxing)
 .debug_str     0x00000000000020be       0xc4 zephyr/arch/arch/arm/core/aarch32/libarch__arm__core__aarch32.a(thread.c.obj)
                                        0x57a (size before relaxing)
 .debug_str     0x0000000000002182       0x48 zephyr/arch/arch/arm/core/aarch32/libarch__arm__core__aarch32.a(isr_wrapper.S.obj)
                                         0x88 (size before relaxing)
 .debug_str     0x00000000000021ca       0x4e zephyr/arch/arch/arm/core/aarch32/cortex_m/libarch__arm__core__aarch32__cortex_m.a(exc_exit.S.obj)
                                         0x8e (size before relaxing)
 .debug_str     0x0000000000002218      0x64e zephyr/arch/arch/arm/core/aarch32/cortex_m/libarch__arm__core__aarch32__cortex_m.a(fault.c.obj)
                                        0xe7c (size before relaxing)
 .debug_str     0x0000000000002866       0x4d zephyr/arch/arch/arm/core/aarch32/cortex_m/libarch__arm__core__aarch32__cortex_m.a(fault_s.S.obj)
                                         0x8d (size before relaxing)
 .debug_str     0x00000000000028b3       0x4e zephyr/arch/arch/arm/core/aarch32/cortex_m/libarch__arm__core__aarch32__cortex_m.a(irq_init.c.obj)
                                        0x721 (size before relaxing)
 .debug_str     0x0000000000002901       0x4b zephyr/arch/arch/arm/core/aarch32/cortex_m/libarch__arm__core__aarch32__cortex_m.a(reset.S.obj)
                                         0x8b (size before relaxing)
 .debug_str     0x000000000000294c       0x82 zephyr/arch/arch/arm/core/aarch32/cortex_m/libarch__arm__core__aarch32__cortex_m.a(thread_abort.c.obj)
                                        0x561 (size before relaxing)
 .debug_str     0x00000000000029ce      0x213 zephyr/lib/libc/minimal/liblib__libc__minimal.a(string.c.obj)
                                        0x2fd (size before relaxing)
 .debug_str     0x0000000000002be1       0x53 zephyr/lib/libc/common/liblib__libc__common.a(strnlen.c.obj)
                                        0x259 (size before relaxing)
 .debug_str     0x0000000000002c34      0x45f zephyr/drivers/interrupt_controller/libdrivers__interrupt_controller.a(intc_exti_stm32.c.obj)
                                        0xd36 (size before relaxing)
 .debug_str     0x0000000000003093      0x5b8 zephyr/drivers/clock_control/libdrivers__clock_control.a(clock_stm32_ll_common.c.obj)
                                        0xac3 (size before relaxing)
 .debug_str     0x000000000000364b       0xac zephyr/drivers/clock_control/libdrivers__clock_control.a(clock_stm32f1.c.obj)
                                        0x335 (size before relaxing)
 .debug_str     0x00000000000036f7      0x6e0 zephyr/drivers/gpio/libdrivers__gpio.a(gpio_stm32.c.obj)
                                       0x11a6 (size before relaxing)
 .debug_str     0x0000000000003dd7      0x213 zephyr/drivers/timer/libdrivers__timer.a(cortex_m_systick.c.obj)
                                        0xa41 (size before relaxing)
 .debug_str     0x0000000000003fea       0xa1 modules/stm32/stm32cube/lib..__modules__hal__stm32__stm32cube.a(system_stm32f1xx.c.obj)
                                        0x301 (size before relaxing)
 .debug_str     0x000000000000408b      0x3e8 modules/stm32/stm32cube/lib..__modules__hal__stm32__stm32cube.a(stm32f1xx_hal_rcc.c.obj)
                                        0x6bd (size before relaxing)
 .debug_str     0x0000000000004473      0x26c modules/stm32/stm32cube/lib..__modules__hal__stm32__stm32cube.a(stm32f1xx_ll_utils.c.obj)
                                        0x6e2 (size before relaxing)
 .debug_str     0x00000000000046df       0xb4 zephyr/kernel/libkernel.a(device.c.obj)
                                        0x32f (size before relaxing)
 .debug_str     0x0000000000004793       0x42 zephyr/kernel/libkernel.a(errno.c.obj)
                                        0x6c2 (size before relaxing)
 .debug_str     0x00000000000047d5      0x22f zephyr/kernel/libkernel.a(fatal.c.obj)
                                        0xb8b (size before relaxing)
 .debug_str     0x0000000000004a04      0x3d7 zephyr/kernel/libkernel.a(init.c.obj)
                                       0x10a8 (size before relaxing)
 .debug_str     0x0000000000004ddb      0x443 zephyr/kernel/libkernel.a(thread.c.obj)
                                        0xeab (size before relaxing)
 .debug_str     0x000000000000521e       0x78 zephyr/kernel/libkernel.a(idle.c.obj)
                                        0x352 (size before relaxing)
 .debug_str     0x0000000000005296      0x99c zephyr/kernel/libkernel.a(sched.c.obj)
                                       0x15d4 (size before relaxing)
 .debug_str     0x0000000000005c32       0xa4 zephyr/kernel/libkernel.a(xip.c.obj)