Archive member included to satisfy reference by file (symbol)

app/libapp.a(main.c.obj)      (--whole-archive)
zephyr/libzephyr.a(cbprintf_packaged.c.obj)
                              (--whole-archive)
zephyr/libzephyr.a(dec.c.obj)
                              (--whole-archive)
zephyr/libzephyr.a(fdtable.c.obj)
                              (--whole-archive)
zephyr/libzephyr.a(hex.c.obj)
                              (--whole-archive)
zephyr/libzephyr.a(printk.c.obj)
                              (--whole-archive)
zephyr/libzephyr.a(rb.c.obj)  (--whole-archive)
zephyr/libzephyr.a(sem.c.obj)
                              (--whole-archive)
zephyr/libzephyr.a(thread_entry.c.obj)
                              (--whole-archive)
zephyr/libzephyr.a(timeutil.c.obj)
                              (--whole-archive)
zephyr/libzephyr.a(heap.c.obj)
                              (--whole-archive)
zephyr/libzephyr.a(heap-validate.c.obj)
                              (--whole-archive)
zephyr/libzephyr.a(bitarray.c.obj)
                              (--whole-archive)
zephyr/libzephyr.a(multi_heap.c.obj)
                              (--whole-archive)
zephyr/libzephyr.a(cbprintf_complete.c.obj)
                              (--whole-archive)
zephyr/libzephyr.a(cbprintf.c.obj)
                              (--whole-archive)
zephyr/libzephyr.a(assert.c.obj)
                              (--whole-archive)
zephyr/libzephyr.a(configs.c.obj)
                              (--whole-archive)
zephyr/libzephyr.a(soc.c.obj)
                              (--whole-archive)
zephyr/libzephyr.a(stm32cube_hal.c.obj)
                              (--whole-archive)
zephyr/libzephyr.a(soc_config.c.obj)
                              (--whole-archive)
zephyr/libzephyr.a(tracing_none.c.obj)
                              (--whole-archive)
zephyr/arch/common/libarch__common.a(sw_isr_common.c.obj)
                              (--whole-archive)
zephyr/arch/arch/arm/core/aarch32/libarch__arm__core__aarch32.a(cpu_idle.S.obj)
                              (--whole-archive)
zephyr/arch/arch/arm/core/aarch32/libarch__arm__core__aarch32.a(fatal.c.obj)
                              (--whole-archive)
zephyr/arch/arch/arm/core/aarch32/libarch__arm__core__aarch32.a(irq_manage.c.obj)
                              (--whole-archive)
zephyr/arch/arch/arm/core/aarch32/libarch__arm__core__aarch32.a(nmi.c.obj)
                              (--whole-archive)
zephyr/arch/arch/arm/core/aarch32/libarch__arm__core__aarch32.a(nmi_on_reset.S.obj)
                              (--whole-archive)
zephyr/arch/arch/arm/core/aarch32/libarch__arm__core__aarch32.a(prep_c.c.obj)
                              (--whole-archive)
zephyr/arch/arch/arm/core/aarch32/libarch__arm__core__aarch32.a(swap.c.obj)
                              (--whole-archive)
zephyr/arch/arch/arm/core/aarch32/libarch__arm__core__aarch32.a(swap_helper.S.obj)
                              (--whole-archive)
zephyr/arch/arch/arm/core/aarch32/libarch__arm__core__aarch32.a(thread.c.obj)
                              (--whole-archive)
zephyr/arch/arch/arm/core/aarch32/libarch__arm__core__aarch32.a(isr_wrapper.S.obj)
                              (--whole-archive)
zephyr/arch/arch/arm/core/aarch32/cortex_m/libarch__arm__core__aarch32__cortex_m.a(exc_exit.S.obj)
                              (--whole-archive)
zephyr/arch/arch/arm/core/aarch32/cortex_m/libarch__arm__core__aarch32__cortex_m.a(fault.c.obj)
                              (--whole-archive)
zephyr/arch/arch/arm/core/aarch32/cortex_m/libarch__arm__core__aarch32__cortex_m.a(fault_s.S.obj)
                              (--whole-archive)
zephyr/arch/arch/arm/core/aarch32/cortex_m/libarch__arm__core__aarch32__cortex_m.a(fpu.c.obj)
                              (--whole-archive)
zephyr/arch/arch/arm/core/aarch32/cortex_m/libarch__arm__core__aarch32__cortex_m.a(irq_init.c.obj)
                              (--whole-archive)
zephyr/arch/arch/arm/core/aarch32/cortex_m/libarch__arm__core__aarch32__cortex_m.a(reset.S.obj)
                              (--whole-archive)
zephyr/arch/arch/arm/core/aarch32/cortex_m/libarch__arm__core__aarch32__cortex_m.a(scb.c.obj)
                              (--whole-archive)
zephyr/arch/arch/arm/core/aarch32/cortex_m/libarch__arm__core__aarch32__cortex_m.a(thread_abort.c.obj)
                              (--whole-archive)
zephyr/arch/arch/arm/core/aarch32/cortex_m/libarch__arm__core__aarch32__cortex_m.a(vector_table.S.obj)
                              (--whole-archive)
zephyr/lib/libc/minimal/liblib__libc__minimal.a(atoi.c.obj)
                              (--whole-archive)
zephyr/lib/libc/minimal/liblib__libc__minimal.a(strtol.c.obj)
                              (--whole-archive)
zephyr/lib/libc/minimal/liblib__libc__minimal.a(strtoul.c.obj)
                              (--whole-archive)
zephyr/lib/libc/minimal/liblib__libc__minimal.a(strtoll.c.obj)
                              (--whole-archive)
[...]
Memory Configuration

Name             Origin             Length             Attributes
FLASH            0x0000000008000000 0x0000000000010000 xr
RAM              0x0000000020000000 0x0000000000005000 xw
IDT_LIST         0x00000000fffff7ff 0x0000000000000800 xw
*default*        0x0000000000000000 0xffffffffffffffff

Linker script and memory map

LOAD zephyr/CMakeFiles/zephyr_pre0.dir/misc/empty_file.c.obj
LOAD zephyr/CMakeFiles/offsets.dir/./arch/arm/core/offsets/offsets.c.obj
LOAD app/libapp.a
LOAD zephyr/libzephyr.a
LOAD zephyr/arch/common/libarch__common.a
LOAD zephyr/arch/arch/arm/core/aarch32/libarch__arm__core__aarch32.a
LOAD zephyr/arch/arch/arm/core/aarch32/cortex_m/libarch__arm__core__aarch32__cortex_m.a
LOAD zephyr/lib/libc/minimal/liblib__libc__minimal.a
LOAD zephyr/lib/libc/common/liblib__libc__common.a
LOAD zephyr/drivers/interrupt_controller/libdrivers__interrupt_controller.a
LOAD zephyr/drivers/clock_control/libdrivers__clock_control.a
LOAD zephyr/drivers/gpio/libdrivers__gpio.a
LOAD zephyr/drivers/pinctrl/libdrivers__pinctrl.a
LOAD zephyr/drivers/timer/libdrivers__timer.a
LOAD modules/stm32/stm32cube/lib..__modules__hal__stm32__stm32cube.a
LOAD zephyr/kernel/libkernel.a
LOAD d:/desktop/source/zephyr-sdk-0.16.1/arm-zephyr-eabi/bin/../lib/gcc/arm-zephyr-eabi/12.2.0/thumb/v7-m/nofp\libgcc.a
LOAD zephyr/arch/common/libisr_tables.a
                0x0000000000000004                _region_min_align = 0x4

.rel.plt        0x0000000008000000        0x0
 *(SORT_BY_ALIGNMENT(.rel.plt))
                [!provide]                        PROVIDE (__rel_iplt_start = .)
 *(SORT_BY_ALIGNMENT(.rel.iplt))
 .rel.iplt      0x0000000008000000        0x0 app/libapp.a(main.c.obj)
                [!provide]                        PROVIDE (__rel_iplt_end = .)

.rela.plt       0x0000000000000000        0x0
 *(SORT_BY_ALIGNMENT(.rela.plt))
                [!provide]                        PROVIDE (__rela_iplt_start = .)
 *(SORT_BY_ALIGNMENT(.rela.iplt))
                [!provide]                        PROVIDE (__rela_iplt_end = .)

.rel.dyn
 *(SORT_BY_ALIGNMENT(.rel.*))

.rela.dyn
 *(SORT_BY_ALIGNMENT(.rela.*))

/DISCARD/
 *(SORT_BY_ALIGNMENT(.plt))

/DISCARD/
 *(SORT_BY_ALIGNMENT(.iplt))
                0x0000000008000000                __rom_region_start = 0x8000000

rom_start       0x0000000008000000      0x130
                0x0000000008000000                __rom_start_address = .
                0x0000000008000000                . = (. + (0x0 - (. - __rom_start_address)))
                0x0000000008000000                . = ALIGN (0x4)
                0x0000000008000000                . = ALIGN (0x80)
                0x0000000008000000                . = ALIGN (0x200)
                0x0000000008000000                _vector_start = .
 *(SORT_BY_ALIGNMENT(.exc_vector_table))
 *(SORT_BY_ALIGNMENT(.exc_vector_table.*))
 .exc_vector_table._vector_table_section
                0x0000000008000000       0x40 zephyr/arch/arch/arm/core/aarch32/cortex_m/libarch__arm__core__aarch32__cortex_m.a(vector_table.S.obj)
                0x0000000008000000                _vector_table
 *(SORT_BY_ALIGNMENT(.vectors))
                0x0000000008000130                _vector_end = .
                0x0000000008000040                . = ALIGN (0x4)
 *(SORT_BY_ALIGNMENT(.gnu.linkonce.irq_vector_table*))
 .gnu.linkonce.irq_vector_table
                0x0000000008000040       0xf0 zephyr/arch/common/libisr_tables.a(isr_tables.c.obj)
                0x0000000008000040                _irq_vector_table
                0x0000000008000130                _vector_end = .

text            0x0000000008000130     0x2964
                0x0000000008000130                __text_region_start = .
 *(SORT_BY_ALIGNMENT(.text))
 .text          0x0000000008000130       0x30 d:/desktop/source/zephyr-sdk-0.16.1/arm-zephyr-eabi/bin/../lib/gcc/arm-zephyr-eabi/12.2.0/thumb/v7-m/nofp\libgcc.a(_aeabi_uldivmod.o)
                0x0000000008000130                __aeabi_uldivmod
 .text          0x0000000008000160        0x4 d:/desktop/source/zephyr-sdk-0.16.1/arm-zephyr-eabi/bin/../lib/gcc/arm-zephyr-eabi/12.2.0/thumb/v7-m/nofp\libgcc.a(_dvmd_tls.o)
                0x0000000008000160                __aeabi_idiv0
                0x0000000008000160                __aeabi_ldiv0
 .text          0x0000000008000164      0x2a0 d:/desktop/source/zephyr-sdk-0.16.1/arm-zephyr-eabi/bin/../lib/gcc/arm-zephyr-eabi/12.2.0/thumb/v7-m/nofp\libgcc.a(_udivmoddi4.o)
                0x0000000008000164                __udivmoddi4
 *(SORT_BY_ALIGNMENT(.text.*))
 .text.led3_control_thread
                0x0000000008000404       0x44 app/libapp.a(main.c.obj)
                0x0000000008000404                led3_control_thread
 .text.led1_control_thread
                0x0000000008000448       0x44 app/libapp.a(main.c.obj)
                0x0000000008000448                led1_control_thread
 .text.led2_control_thread
                0x000000000800048c       0x44 app/libapp.a(main.c.obj)
                0x000000000800048c                led2_control_thread
 .text.main     0x00000000080004d0       0xc4 app/libapp.a(main.c.obj)
                0x00000000080004d0                main
 .text.char_out
                0x0000000008000594        0xc zephyr/libzephyr.a(printk.c.obj)
 .text.vprintk  0x00000000080005a0       0x1c zephyr/libzephyr.a(printk.c.obj)
                0x00000000080005a0                vprintk
 .text.z_cbvprintf_impl
                0x00000000080005bc      0x764 zephyr/libzephyr.a(cbprintf_complete.c.obj)
                0x00000000080005bc                z_cbvprintf_impl
 .text.stm32f1_init
                0x0000000008000d20       0x14 zephyr/libzephyr.a(soc.c.obj)
 .text.z_arm_cpu_idle_init
                0x0000000008000d34        0xc zephyr/arch/arch/arm/core/aarch32/libarch__arm__core__aarch32.a(cpu_idle.S.obj)
                0x0000000008000d34                z_arm_cpu_idle_init
 .text.arch_cpu_idle
                0x0000000008000d40       0x1c zephyr/arch/arch/arm/core/aarch32/libarch__arm__core__aarch32.a(cpu_idle.S.obj)
                0x0000000008000d40                arch_cpu_idle
 .text.arch_irq_enable
                0x0000000008000d5c       0x1c zephyr/arch/arch/arm/core/aarch32/libarch__arm__core__aarch32.a(irq_manage.c.obj)
                0x0000000008000d5c                arch_irq_enable
 .text.z_arm_irq_priority_set
                0x0000000008000d78       0x2c zephyr/arch/arch/arm/core/aarch32/libarch__arm__core__aarch32.a(irq_manage.c.obj)
                0x0000000008000d78                z_arm_irq_priority_set
 .text.z_SysNmiOnReset
                0x0000000008000da4        0x8 zephyr/arch/arch/arm/core/aarch32/libarch__arm__core__aarch32.a(nmi_on_reset.S.obj)
                0x0000000008000da4                z_SysNmiOnReset
 .text.z_arm_prep_c
                0x0000000008000dac       0x30 zephyr/arch/arch/arm/core/aarch32/libarch__arm__core__aarch32.a(prep_c.c.obj)
                0x0000000008000dac                z_arm_prep_c
 .text.arch_swap
                0x0000000008000ddc       0x34 zephyr/arch/arch/arm/core/aarch32/libarch__arm__core__aarch32.a(swap.c.obj)
                0x0000000008000ddc                arch_swap
 .text.z_arm_pendsv
                0x0000000008000e10       0x48 zephyr/arch/arch/arm/core/aarch32/libarch__arm__core__aarch32.a(swap_helper.S.obj)
                0x0000000008000e10                z_arm_pendsv
 .text.z_arm_svc
                0x0000000008000e58       0x20 zephyr/arch/arch/arm/core/aarch32/libarch__arm__core__aarch32.a(swap_helper.S.obj)
                0x0000000008000e58                z_arm_svc
 .text.arch_new_thread
                0x0000000008000e78       0x38 zephyr/arch/arch/arm/core/aarch32/libarch__arm__core__aarch32.a(thread.c.obj)
                0x0000000008000e78                arch_new_thread
 .text.arch_switch_to_main_thread
                0x0000000008000eb0       0x24 zephyr/arch/arch/arm/core/aarch32/libarch__arm__core__aarch32.a(thread.c.obj)
                0x0000000008000eb0                arch_switch_to_main_thread
 .text._isr_wrapper
                0x0000000008000ed4       0x28 zephyr/arch/arch/arm/core/aarch32/libarch__arm__core__aarch32.a(isr_wrapper.S.obj)
                0x0000000008000ed4                _isr_wrapper
 .text._HandlerModeExit
                0x0000000008000efc       0x1c zephyr/arch/arch/arm/core/aarch32/cortex_m/libarch__arm__core__aarch32__cortex_m.a(exc_exit.S.obj)
                0x0000000008000efc                z_arm_int_exit
                0x0000000008000efc                z_arm_exc_exit
 .text.usage_fault.constprop.0
                0x0000000008000f18       0x54 zephyr/arch/arch/arm/core/aarch32/cortex_m/libarch__arm__core__aarch32__cortex_m.a(fault.c.obj)
 .text.bus_fault.constprop.0
                0x0000000008000f6c       0x60 zephyr/arch/arch/arm/core/aarch32/cortex_m/libarch__arm__core__aarch32__cortex_m.a(fault.c.obj)
 .text.mem_manage_fault.constprop.0
                0x0000000008000fcc       0x5c zephyr/arch/arch/arm/core/aarch32/cortex_m/libarch__arm__core__aarch32__cortex_m.a(fault.c.obj)
 .text.z_arm_fault
                0x0000000008001028      0x118 zephyr/arch/arch/arm/core/aarch32/cortex_m/libarch__arm__core__aarch32__cortex_m.a(fault.c.obj)
                0x0000000008001028                z_arm_fault
 .text.z_arm_fault_init
                0x0000000008001140       0x10 zephyr/arch/arch/arm/core/aarch32/cortex_m/libarch__arm__core__aarch32__cortex_m.a(fault.c.obj)
                0x0000000008001140                z_arm_fault_init
 .text.__fault  0x0000000008001150       0x14 zephyr/arch/arch/arm/core/aarch32/cortex_m/libarch__arm__core__aarch32__cortex_m.a(fault_s.S.obj)
                0x0000000008001150                z_arm_usage_fault
                0x0000000008001150                z_arm_mpu_fault
                0x0000000008001150                z_arm_exc_spurious
                0x0000000008001150                z_arm_debug_monitor
                0x0000000008001150                z_arm_hard_fault
                0x0000000008001150                z_arm_bus_fault
 .text.z_arm_interrupt_init
                0x0000000008001164       0x18 zephyr/arch/arch/arm/core/aarch32/cortex_m/libarch__arm__core__aarch32__cortex_m.a(irq_init.c.obj)
                0x0000000008001164                z_arm_interrupt_init
 .text._reset_section
                0x000000000800117c       0x2c zephyr/arch/arch/arm/core/aarch32/cortex_m/libarch__arm__core__aarch32__cortex_m.a(reset.S.obj)
                0x000000000800117c                __start
                0x000000000800117c                z_arm_reset
 .text.z_impl_k_thread_abort
                0x00000000080011a8       0x2c zephyr/arch/arch/arm/core/aarch32/cortex_m/libarch__arm__core__aarch32__cortex_m.a(thread_abort.c.obj)
                0x00000000080011a8                z_impl_k_thread_abort
 .text.stm32_exti_isr
                0x00000000080011d4       0x4c zephyr/drivers/interrupt_controller/libdrivers__interrupt_controller.a(intc_exti_stm32.c.obj)
 .text.stm32_fill_irq_table
                0x0000000008001220       0x18 zephyr/drivers/interrupt_controller/libdrivers__interrupt_controller.a(intc_exti_stm32.c.obj)
 .text.stm32_exti_enable
                0x0000000008001238       0x24 zephyr/drivers/interrupt_controller/libdrivers__interrupt_controller.a(intc_exti_stm32.c.obj)
                0x0000000008001238                stm32_exti_enable
 .text.stm32_exti_disable
                0x000000000800125c       0x18 zephyr/drivers/interrupt_controller/libdrivers__interrupt_controller.a(intc_exti_stm32.c.obj)
                0x000000000800125c                stm32_exti_disable
 .text.stm32_exti_trigger
                0x0000000008001274       0x60 zephyr/drivers/interrupt_controller/libdrivers__interrupt_controller.a(intc_exti_stm32.c.obj)
                0x0000000008001274                stm32_exti_trigger
 .text.stm32_exti_set_callback
                0x00000000080012d4       0x30 zephyr/drivers/interrupt_controller/libdrivers__interrupt_controller.a(intc_exti_stm32.c.obj)
                0x00000000080012d4                stm32_exti_set_callback
 .text.stm32_exti_unset_callback
                0x0000000008001304       0x14 zephyr/drivers/interrupt_controller/libdrivers__interrupt_controller.a(intc_exti_stm32.c.obj)
                0x0000000008001304                stm32_exti_unset_callback
 .text.stm32_clock_control_get_subsys_rate
                0x0000000008001318       0x44 zephyr/drivers/clock_control/libdrivers__clock_control.a(clock_stm32_ll_common.c.obj)
 .text.stm32_clock_control_init
                0x000000000800135c       0xe8 zephyr/drivers/clock_control/libdrivers__clock_control.a(clock_stm32_ll_common.c.obj)
                0x000000000800135c                stm32_clock_control_init
 .text.config_pll_sysclock
                0x0000000008001444       0x1c zephyr/drivers/clock_control/libdrivers__clock_control.a(clock_stm32f1.c.obj)
                0x0000000008001444                config_pll_sysclock
 .text.gpio_stm32_init
                0x0000000008001460       0x30 zephyr/drivers/gpio/libdrivers__gpio.a(gpio_stm32.c.obj)
 .text.gpio_stm32_pin_interrupt_configure
                0x0000000008001490       0xe0 zephyr/drivers/gpio/libdrivers__gpio.a(gpio_stm32.c.obj)
 .text.elapsed  0x0000000008001570       0x3c zephyr/drivers/timer/libdrivers__timer.a(cortex_m_systick.c.obj)
 .text.sys_clock_driver_init
                0x00000000080015ac       0x34 zephyr/drivers/timer/libdrivers__timer.a(cortex_m_systick.c.obj)
 .text.sys_clock_isr
                0x00000000080015e0       0x54 zephyr/drivers/timer/libdrivers__timer.a(cortex_m_systick.c.obj)
                0x00000000080015e0                sys_clock_isr
 .text.sys_clock_set_timeout
                0x0000000008001634       0xf4 zephyr/drivers/timer/libdrivers__timer.a(cortex_m_systick.c.obj)
                0x0000000008001634                sys_clock_set_timeout
 .text.sys_clock_elapsed
                0x0000000008001728       0x3c zephyr/drivers/timer/libdrivers__timer.a(cortex_m_systick.c.obj)
                0x0000000008001728                sys_clock_elapsed
 .text.HAL_RCC_GetSysClockFreq
                0x0000000008001764       0x74 modules/stm32/stm32cube/lib..__modules__hal__stm32__stm32cube.a(stm32f1xx_hal_rcc.c.obj)
                0x0000000008001764                HAL_RCC_GetSysClockFreq
 .text.LL_SetFlashLatency
                0x00000000080017d8       0x4c modules/stm32/stm32cube/lib..__modules__hal__stm32__stm32cube.a(stm32f1xx_ll_utils.c.obj)
                0x00000000080017d8                LL_SetFlashLatency
 .text.z_sys_init_run_level
                0x0000000008001824       0x48 zephyr/kernel/libkernel.a(init.c.obj)
 .text.bg_thread_main
                0x000000000800186c       0x34 zephyr/kernel/libkernel.a(init.c.obj)
 .text.z_bss_zero
                0x00000000080018a0       0x18 zephyr/kernel/libkernel.a(init.c.obj)
                0x00000000080018a0                z_bss_zero
 .text.z_init_cpu
                0x00000000080018b8       0x84 zephyr/kernel/libkernel.a(init.c.obj)
                0x00000000080018b8                z_init_cpu
 .text.z_cstart
                0x000000000800193c       0xcc zephyr/kernel/libkernel.a(init.c.obj)
                0x000000000800193c                z_cstart
 .text.z_setup_new_thread
                0x0000000008001a08       0x54 zephyr/kernel/libkernel.a(thread.c.obj)
                0x0000000008001a08                z_setup_new_thread
 .text.z_impl_k_thread_create
                0x0000000008001a5c       0x58 zephyr/kernel/libkernel.a(thread.c.obj)
                0x0000000008001a5c                z_impl_k_thread_create
 .text.z_init_static_threads
                0x0000000008001ab4       0x98 zephyr/kernel/libkernel.a(thread.c.obj)
                0x0000000008001ab4                z_init_static_threads
 .text.sliceable
                0x0000000008001b4c       0x3c zephyr/kernel/libkernel.a(sched.c.obj)
 .text.slice_timeout
                0x0000000008001b88       0x20 zephyr/kernel/libkernel.a(sched.c.obj)
 .text.z_reset_time_slice
                0x0000000008001ba8       0x50 zephyr/kernel/libkernel.a(sched.c.obj)
                0x0000000008001ba8                z_reset_time_slice
 .text.update_cache
                0x0000000008001bf8       0x3c zephyr/kernel/libkernel.a(sched.c.obj)
 .text.move_thread_to_end_of_prio_q
                0x0000000008001c34       0x74 zephyr/kernel/libkernel.a(sched.c.obj)
 .text.ready_thread
                0x0000000008001ca8       0x68 zephyr/kernel/libkernel.a(sched.c.obj)
 .text.unready_thread
                0x0000000008001d10       0x30 zephyr/kernel/libkernel.a(sched.c.obj)
 .text.z_time_slice
                0x0000000008001d40       0x60 zephyr/kernel/libkernel.a(sched.c.obj)
                0x0000000008001d40                z_time_slice
 .text.z_reschedule
                0x0000000008001da0       0x24 zephyr/kernel/libkernel.a(sched.c.obj)
                0x0000000008001da0                z_reschedule
 .text.z_sched_start
                0x0000000008001dc4       0x3c zephyr/kernel/libkernel.a(sched.c.obj)
                0x0000000008001dc4                z_sched_start
 .text.z_impl_k_thread_suspend
                0x0000000008001e00       0x64 zephyr/kernel/libkernel.a(sched.c.obj)
                0x0000000008001e00                z_impl_k_thread_suspend
 .text.k_sched_lock
                0x0000000008001e64       0x28 zephyr/kernel/libkernel.a(sched.c.obj)
                0x0000000008001e64                k_sched_lock
 .text.k_sched_unlock
                0x0000000008001e8c       0x38 zephyr/kernel/libkernel.a(sched.c.obj)
                0x0000000008001e8c                k_sched_unlock
 .text.z_sched_init
                0x0000000008001ec4       0x10 zephyr/kernel/libkernel.a(sched.c.obj)
                0x0000000008001ec4                z_sched_init
 .text.z_impl_k_yield
                0x0000000008001ed4       0x7c zephyr/kernel/libkernel.a(sched.c.obj)
                0x0000000008001ed4                z_impl_k_yield
 .text.z_tick_sleep
                0x0000000008001f50       0x88 zephyr/kernel/libkernel.a(sched.c.obj)
 .text.z_impl_k_sleep
                0x0000000008001fd8       0x30 zephyr/kernel/libkernel.a(sched.c.obj)
                0x0000000008001fd8                z_impl_k_sleep
 .text.z_impl_z_current_get
                0x0000000008002008        0xc zephyr/kernel/libkernel.a(sched.c.obj)
                0x0000000008002008                z_impl_z_current_get
 .text.z_thread_abort
                0x0000000008002014       0xc0 zephyr/kernel/libkernel.a(sched.c.obj)
                0x0000000008002014                z_thread_abort
 .text.z_data_copy
                0x00000000080020d4       0x34 zephyr/kernel/libkernel.a(xip.c.obj)
                0x00000000080020d4                z_data_copy
 .text.elapsed  0x0000000008002108       0x14 zephyr/kernel/libkernel.a(timeout.c.obj)
 .text.next_timeout
                0x000000000800211c       0x40 zephyr/kernel/libkernel.a(timeout.c.obj)
 .text.remove_timeout
                0x000000000800215c       0x38 zephyr/kernel/libkernel.a(timeout.c.obj)
 .text.z_add_timeout
                0x0000000008002194       0xec zephyr/kernel/libkernel.a(timeout.c.obj)
                0x0000000008002194                z_add_timeout
 .text.sys_clock_announce
                0x0000000008002280       0xd4 zephyr/kernel/libkernel.a(timeout.c.obj)
                0x0000000008002280                sys_clock_announce
 .text.sys_clock_tick_get
                0x0000000008002354       0x34 zephyr/kernel/libkernel.a(timeout.c.obj)
                0x0000000008002354                sys_clock_tick_get
 .text.boot_banner
                0x0000000008002388        0xc zephyr/kernel/libkernel.a(banner.c.obj)
                0x0000000008002388                boot_banner
 .text._OffsetAbsSyms
                0x0000000008002394        0x2 zephyr/CMakeFiles/offsets.dir/./arch/arm/core/offsets/offsets.c.obj
                0x0000000008002394                _OffsetAbsSyms
 .text.gpio_pin_configure_dt.constprop.0
                0x0000000008002396       0x34 app/libapp.a(main.c.obj)
 .text.gpio_pin_set_dt.isra.0
                0x00000000080023ca       0x28 app/libapp.a(main.c.obj)
 .text.k_msleep.isra.0
                0x00000000080023f2        0xa app/libapp.a(main.c.obj)
 .text.arch_printk_char_out
                0x00000000080023fc        0x4 zephyr/libzephyr.a(printk.c.obj)
                0x00000000080023fc                arch_printk_char_out
 .text.printk   0x0000000008002400       0x1a zephyr/libzephyr.a(printk.c.obj)
                0x0000000008002400                printk
 .text.z_thread_entry
                0x000000000800241a       0x14 zephyr/libzephyr.a(thread_entry.c.obj)
                0x000000000800241a                z_thread_entry
 .text.encode_uint
                0x000000000800242e       0x8c zephyr/libzephyr.a(cbprintf_complete.c.obj)
 .text.outs     0x00000000080024ba       0x2e zephyr/libzephyr.a(cbprintf_complete.c.obj)
 .text._ConfigAbsSyms
                0x00000000080024e8        0x2 zephyr/libzephyr.a(configs.c.obj)
                0x00000000080024e8                _ConfigAbsSyms
 .text.st_stm32_common_config
                0x00000000080024ea        0x4 zephyr/libzephyr.a(soc_config.c.obj)
 .text.z_arm_fatal_error
                0x00000000080024ee        0x4 zephyr/arch/arch/arm/core/aarch32/libarch__arm__core__aarch32.a(fatal.c.obj)
                0x00000000080024ee                z_arm_fatal_error
 .text.z_do_kernel_oops
                0x00000000080024f2        0x8 zephyr/arch/arch/arm/core/aarch32/libarch__arm__core__aarch32.a(fatal.c.obj)
                0x00000000080024f2                z_do_kernel_oops
 .text.z_irq_spurious
                0x00000000080024fa        0x8 zephyr/arch/arch/arm/core/aarch32/libarch__arm__core__aarch32.a(irq_manage.c.obj)
                0x00000000080024fa                z_irq_spurious
 .text.z_arm_nmi
                0x0000000008002502        0xe zephyr/arch/arch/arm/core/aarch32/libarch__arm__core__aarch32.a(nmi.c.obj)
                0x0000000008002502                z_arm_nmi
 .text.strlen   0x0000000008002510        0xe zephyr/lib/libc/minimal/liblib__libc__minimal.a(string.c.obj)
                0x0000000008002510                strlen
 .text.memcpy   0x000000000800251e       0x16 zephyr/lib/libc/minimal/liblib__libc__minimal.a(string.c.obj)
                0x000000000800251e                memcpy
 .text.memset   0x0000000008002534       0x12 zephyr/lib/libc/minimal/liblib__libc__minimal.a(string.c.obj)
                0x0000000008002534                memset
 .text.strnlen  0x0000000008002546       0x12 zephyr/lib/libc/common/liblib__libc__common.a(strnlen.c.obj)
                0x0000000008002546                strnlen
 .text.stm32_exti_init
                0x0000000008002558       0x92 zephyr/drivers/interrupt_controller/libdrivers__interrupt_controller.a(intc_exti_stm32.c.obj)
 .text.stm32_clock_control_on
                0x00000000080025ea       0x24 zephyr/drivers/clock_control/libdrivers__clock_control.a(clock_stm32_ll_common.c.obj)
 .text.stm32_clock_control_off
                0x000000000800260e       0x24 zephyr/drivers/clock_control/libdrivers__clock_control.a(clock_stm32_ll_common.c.obj)
 .text.stm32_clock_control_get_status
                0x0000000008002632       0x2e zephyr/drivers/clock_control/libdrivers__clock_control.a(clock_stm32_ll_common.c.obj)
 .text.stm32_clock_control_configure
                0x0000000008002660       0x56 zephyr/drivers/clock_control/libdrivers__clock_control.a(clock_stm32_ll_common.c.obj)
 .text.config_enable_default_clocks
                0x00000000080026b6        0x2 zephyr/drivers/clock_control/libdrivers__clock_control.a(clock_stm32f1.c.obj)
                0x00000000080026b6                config_enable_default_clocks
 .text.gpio_stm32_port_get_raw
                0x00000000080026b8        0xc zephyr/drivers/gpio/libdrivers__gpio.a(gpio_stm32.c.obj)
 .text.gpio_stm32_port_set_masked_raw
                0x00000000080026c4       0x12 zephyr/drivers/gpio/libdrivers__gpio.a(gpio_stm32.c.obj)
 .text.gpio_stm32_port_set_bits_raw
                0x00000000080026d6        0xa zephyr/drivers/gpio/libdrivers__gpio.a(gpio_stm32.c.obj)
 .text.gpio_stm32_port_clear_bits_raw
                0x00000000080026e0        0xa zephyr/drivers/gpio/libdrivers__gpio.a(gpio_stm32.c.obj)
 .text.gpio_stm32_port_toggle_bits
                0x00000000080026ea        0xe zephyr/drivers/gpio/libdrivers__gpio.a(gpio_stm32.c.obj)
 .text.gpio_stm32_manage_callback
                0x00000000080026f8       0x52 zephyr/drivers/gpio/libdrivers__gpio.a(gpio_stm32.c.obj)
 .text.LL_GPIO_SetPinMode
                0x000000000800274a       0x2c zephyr/drivers/gpio/libdrivers__gpio.a(gpio_stm32.c.obj)
 .text.LL_GPIO_SetPinSpeed
                0x0000000008002776       0x2c zephyr/drivers/gpio/libdrivers__gpio.a(gpio_stm32.c.obj)
 .text.LL_GPIO_SetPinOutputType
                0x00000000080027a2       0x2c zephyr/drivers/gpio/libdrivers__gpio.a(gpio_stm32.c.obj)
 .text.gpio_stm32_isr
                0x00000000080027ce       0x2e zephyr/drivers/gpio/libdrivers__gpio.a(gpio_stm32.c.obj)
 .text.gpio_stm32_configure_raw.constprop.0.isra.0
                0x00000000080027fc       0xaa zephyr/drivers/gpio/libdrivers__gpio.a(gpio_stm32.c.obj)
 .text.gpio_stm32_config
                0x00000000080028a6       0x72 zephyr/drivers/gpio/libdrivers__gpio.a(gpio_stm32.c.obj)
 .text.z_device_state_init
                0x0000000008002918        0x2 zephyr/kernel/libkernel.a(device.c.obj)
                0x0000000008002918                z_device_state_init
 .text.z_device_is_ready
                0x000000000800291a       0x16 zephyr/kernel/libkernel.a(device.c.obj)
                0x000000000800291a                z_device_is_ready
 .text.arch_system_halt
                0x0000000008002930       0x12 zephyr/kernel/libkernel.a(fatal.c.obj)
                0x0000000008002930                arch_system_halt
 .text.k_sys_fatal_error_handler
                0x0000000008002942        0x6 zephyr/kernel/libkernel.a(fatal.c.obj)
                0x0000000008002942                k_sys_fatal_error_handler
 .text.z_fatal_error
                0x0000000008002948       0x36 zephyr/kernel/libkernel.a(fatal.c.obj)
                0x0000000008002948                z_fatal_error
 .text.z_early_memset
                0x000000000800297e        0x4 zephyr/kernel/libkernel.a(init.c.obj)
                0x000000000800297e                z_early_memset
 .text.z_early_memcpy
                0x0000000008002982        0x4 zephyr/kernel/libkernel.a(init.c.obj)
                0x0000000008002982                z_early_memcpy
 .text.z_impl_k_thread_start
                0x0000000008002986        0x4 zephyr/kernel/libkernel.a(thread.c.obj)
                0x0000000008002986                z_impl_k_thread_start
 .text.idle     0x000000000800298a       0x18 zephyr/kernel/libkernel.a(idle.c.obj)
                0x000000000800298a                idle
 .text.sys_dlist_remove
                0x00000000080029a2       0x10 zephyr/kernel/libkernel.a(sched.c.obj)
 .text.unpend_thread_no_timeout
                0x00000000080029b2       0x14 zephyr/kernel/libkernel.a(sched.c.obj)
 .text.z_ready_thread
                0x00000000080029c6       0x20 zephyr/kernel/libkernel.a(sched.c.obj)
                0x00000000080029c6                z_ready_thread
 .text.z_sched_wake_thread
                0x00000000080029e6       0x44 zephyr/kernel/libkernel.a(sched.c.obj)
                0x00000000080029e6                z_sched_wake_thread
 .text.z_thread_timeout
                0x0000000008002a2a        0x8 zephyr/kernel/libkernel.a(sched.c.obj)
                0x0000000008002a2a                z_thread_timeout
 .text.z_reschedule_irqlock
                0x0000000008002a32       0x18 zephyr/kernel/libkernel.a(sched.c.obj)
                0x0000000008002a32                z_reschedule_irqlock
 .text.z_reschedule_unlocked
                0x0000000008002a4a       0x14 zephyr/kernel/libkernel.a(sched.c.obj)
 .text.z_abort_timeout
                0x0000000008002a5e       0x2c zephyr/kernel/libkernel.a(timeout.c.obj)
                0x0000000008002a5e                z_abort_timeout
 .text.sys_clock_tick_get_32
                0x0000000008002a8a        0x8 zephyr/kernel/libkernel.a(timeout.c.obj)
                0x0000000008002a8a                sys_clock_tick_get_32
 *(SORT_BY_ALIGNMENT(.TEXT.*))
 *(SORT_BY_ALIGNMENT(.gnu.linkonce.t.*))
 *(SORT_BY_ALIGNMENT(.glue_7t))
 .glue_7t       0x0000000008002a92        0x0 linker stubs
 *(SORT_BY_ALIGNMENT(.glue_7))
 .glue_7        0x0000000008002a92        0x0 linker stubs
 *(SORT_BY_ALIGNMENT(.vfp11_veneer))
 .vfp11_veneer  0x0000000008002a92        0x0 linker stubs
 *(SORT_BY_ALIGNMENT(.v4_bx))
 .v4_bx         0x0000000008002a92        0x0 linker stubs
                0x0000000008002a94                . = ALIGN (0x4)
 *fill*         0x0000000008002a92        0x2 
                0x0000000008002a94                __text_region_end = .

.ARM.exidx      0x0000000008002a94        0x8
                0x0000000008002a94                __exidx_start = .
 *(SORT_BY_ALIGNMENT(.ARM.exidx*) SORT_BY_ALIGNMENT(gnu.linkonce.armexidx.*))
 .ARM.exidx     0x0000000008002a94        0x8 d:/desktop/source/zephyr-sdk-0.16.1/arm-zephyr-eabi/bin/../lib/gcc/arm-zephyr-eabi/12.2.0/thumb/v7-m/nofp\libgcc.a(_udivmoddi4.o)
                0x0000000008002a9c                __exidx_end = .
                0x0000000008002a9c                __rodata_region_start = .

initlevel       0x0000000008002a9c       0x50
                0x0000000008002a9c                __init_start = .
                0x0000000008002a9c                __init_EARLY_start = .
 *(SORT_BY_NAME(SORT_BY_ALIGNMENT(.z_init_EARLY?_*)))
 *(SORT_BY_NAME(SORT_BY_ALIGNMENT(.z_init_EARLY??_*)))
                0x0000000008002a9c                __init_PRE_KERNEL_1_start = .
 *(SORT_BY_NAME(SORT_BY_ALIGNMENT(.z_init_PRE_KERNEL_1?_*)))
 .z_init_PRE_KERNEL_10_0_
                0x0000000008002a9c        0x8 zephyr/libzephyr.a(soc.c.obj)
 .z_init_PRE_KERNEL_11_00008_
                0x0000000008002aa4        0x8 zephyr/drivers/clock_control/libdrivers__clock_control.a(clock_stm32_ll_common.c.obj)
 .z_init_PRE_KERNEL_11_0_
                0x0000000008002aac        0x8 zephyr/libzephyr.a(soc_config.c.obj)
 *(SORT_BY_NAME(SORT_BY_ALIGNMENT(.z_init_PRE_KERNEL_1??_*)))
 .z_init_PRE_KERNEL_140_00019_
                0x0000000008002ab4        0x8 zephyr/drivers/gpio/libdrivers__gpio.a(gpio_stm32.c.obj)
 .z_init_PRE_KERNEL_140_00021_
                0x0000000008002abc        0x8 zephyr/drivers/gpio/libdrivers__gpio.a(gpio_stm32.c.obj)
 .z_init_PRE_KERNEL_140_00028_
                0x0000000008002ac4        0x8 zephyr/drivers/interrupt_controller/libdrivers__interrupt_controller.a(intc_exti_stm32.c.obj)
 .z_init_PRE_KERNEL_140_00043_
                0x0000000008002acc        0x8 zephyr/drivers/gpio/libdrivers__gpio.a(gpio_stm32.c.obj)
 .z_init_PRE_KERNEL_140_00044_
                0x0000000008002ad4        0x8 zephyr/drivers/gpio/libdrivers__gpio.a(gpio_stm32.c.obj)
 .z_init_PRE_KERNEL_140_00045_
                0x0000000008002adc        0x8 zephyr/drivers/gpio/libdrivers__gpio.a(gpio_stm32.c.obj)
                0x0000000008002ae4                __init_PRE_KERNEL_2_start = .
 *(SORT_BY_NAME(SORT_BY_ALIGNMENT(.z_init_PRE_KERNEL_2?_*)))
 .z_init_PRE_KERNEL_20_0_
                0x0000000008002ae4        0x8 zephyr/drivers/timer/libdrivers__timer.a(cortex_m_systick.c.obj)
 *(SORT_BY_NAME(SORT_BY_ALIGNMENT(.z_init_PRE_KERNEL_2??_*)))
                0x0000000008002aec                __init_POST_KERNEL_start = .
 *(SORT_BY_NAME(SORT_BY_ALIGNMENT(.z_init_POST_KERNEL?_*)))
 *(SORT_BY_NAME(SORT_BY_ALIGNMENT(.z_init_POST_KERNEL??_*)))
                0x0000000008002aec                __init_APPLICATION_start = .
 *(SORT_BY_NAME(SORT_BY_ALIGNMENT(.z_init_APPLICATION?_*)))
 *(SORT_BY_NAME(SORT_BY_ALIGNMENT(.z_init_APPLICATION??_*)))
                0x0000000008002aec                __init_SMP_start = .
 *(SORT_BY_NAME(SORT_BY_ALIGNMENT(.z_init_SMP?_*)))
 *(SORT_BY_NAME(SORT_BY_ALIGNMENT(.z_init_SMP??_*)))
                0x0000000008002aec                __init_end = .

device_area     0x0000000008002aec       0x8c
                0x0000000008002aec                _device_list_start = .
 *(SORT_BY_NAME(SORT_BY_ALIGNMENT(._device.static.*_?_*)))
 ._device.static.1_1_
                0x0000000008002aec       0x14 zephyr/drivers/clock_control/libdrivers__clock_control.a(clock_stm32_ll_common.c.obj)
                0x0000000008002aec                __device_dts_ord_8
 *(SORT_BY_NAME(SORT_BY_ALIGNMENT(._device.static.*_??_*)))
 ._device.static.1_40_
                0x0000000008002b00       0x14 zephyr/drivers/interrupt_controller/libdrivers__interrupt_controller.a(intc_exti_stm32.c.obj)
                0x0000000008002b00                __device_dts_ord_28
 ._device.static.1_40_
                0x0000000008002b14       0x64 zephyr/drivers/gpio/libdrivers__gpio.a(gpio_stm32.c.obj)
                0x0000000008002b14                __device_dts_ord_45
                0x0000000008002b28                __device_dts_ord_44
                0x0000000008002b3c                __device_dts_ord_19
                0x0000000008002b50                __device_dts_ord_43
                0x0000000008002b64                __device_dts_ord_21
                0x0000000008002b78                _device_list_end = .

sw_isr_table    0x0000000008002b78      0x1e0
                0x0000000008002b78                . = ALIGN (0x4)
 *(SORT_BY_ALIGNMENT(.gnu.linkonce.sw_isr_table*))
 .gnu.linkonce.sw_isr_table
                0x0000000008002b78      0x1e0 zephyr/arch/common/libisr_tables.a(isr_tables.c.obj)
                0x0000000008002b78                _sw_isr_table

initlevel_error
                0x0000000008002a9c        0x0
 *(SORT_BY_NAME(SORT_BY_ALIGNMENT(.z_init_[_A-Z0-9]*)))
                0x0000000000000001                ASSERT ((SIZEOF (initlevel_error) == 0x0), Undefined initialization levels used.)

app_shmem_regions
                0x0000000008002d58        0x0
                0x0000000008002d58                __app_shmem_regions_start = .
 *(SORT_BY_NAME(SORT_BY_ALIGNMENT(.app_regions.*)))
                0x0000000008002d58                __app_shmem_regions_end = .

k_p4wq_initparam_area
                0x0000000008002d58        0x0
                0x0000000008002d58                _k_p4wq_initparam_list_start = .
 *(SORT_BY_NAME(SORT_BY_ALIGNMENT(._k_p4wq_initparam.static.*)))
                0x0000000008002d58                _k_p4wq_initparam_list_end = .

_static_thread_data_area
                0x0000000008002d58        0x0
                0x0000000008002d58                __static_thread_data_list_start = .
 *(SORT_BY_NAME(SORT_BY_ALIGNMENT(.__static_thread_data.static.*)))
                0x0000000008002d58                __static_thread_data_list_end = .

device_deps     0x0000000008002d58        0x0
                0x0000000008002d58                __device_deps_start = .
 *(SORT_BY_NAME(SORT_BY_ALIGNMENT(.__device_deps_pass2*)))
                0x0000000008002d58                __device_deps_end = .

ztest           0x0000000008002d58        0x0
                0x0000000008002d58                _ztest_expected_result_entry_list_start = .
 *(SORT_BY_NAME(SORT_BY_ALIGNMENT(._ztest_expected_result_entry.static.*)))
                0x0000000008002d58                _ztest_expected_result_entry_list_end = .
                0x0000000008002d58                _ztest_suite_node_list_start = .
 *(SORT_BY_NAME(SORT_BY_ALIGNMENT(._ztest_suite_node.static.*)))
                0x0000000008002d58                _ztest_suite_node_list_end = .
                0x0000000008002d58                _ztest_unit_test_list_start = .
 *(SORT_BY_NAME(SORT_BY_ALIGNMENT(._ztest_unit_test.static.*)))
                0x0000000008002d58                _ztest_unit_test_list_end = .
                0x0000000008002d58                _ztest_test_rule_list_start = .
 *(SORT_BY_NAME(SORT_BY_ALIGNMENT(._ztest_test_rule.static.*)))
                0x0000000008002d58                _ztest_test_rule_list_end = .

bt_l2cap_fixed_chan_area
                0x0000000008002d58        0x0
                0x0000000008002d58                _bt_l2cap_fixed_chan_list_start = .
 *(SORT_BY_NAME(SORT_BY_ALIGNMENT(._bt_l2cap_fixed_chan.static.*)))
                0x0000000008002d58                _bt_l2cap_fixed_chan_list_end = .

bt_gatt_service_static_area
                0x0000000008002d58        0x0
                0x0000000008002d58                _bt_gatt_service_static_list_start = .
 *(SORT_BY_NAME(SORT_BY_ALIGNMENT(._bt_gatt_service_static.static.*)))
                0x0000000008002d58                _bt_gatt_service_static_list_end = .

log_strings_area
                0x0000000008002d58        0x0
                0x0000000008002d58                _log_strings_list_start = .
 *(SORT_BY_NAME(SORT_BY_ALIGNMENT(._log_strings.static.*)))
                0x0000000008002d58                _log_strings_list_end = .

log_const_area  0x0000000008002d58       0x10
                0x0000000008002d58                _log_const_list_start = .
 *(SORT_BY_NAME(SORT_BY_ALIGNMENT(._log_const.static.*)))
 ._log_const.static.log_const_cbprintf_package_
                0x0000000008002d58        0x8 zephyr/libzephyr.a(cbprintf_packaged.c.obj)
                0x0000000008002d58                log_const_cbprintf_package
 ._log_const.static.log_const_os_
                0x0000000008002d60        0x8 zephyr/kernel/libkernel.a(init.c.obj)
                0x0000000008002d60                log_const_os
                0x0000000008002d68                _log_const_list_end = .

log_backend_area
                0x0000000008002d68        0x0
                0x0000000008002d68                _log_backend_list_start = .
 *(SORT_BY_NAME(SORT_BY_ALIGNMENT(._log_backend.static.*)))
                0x0000000008002d68                _log_backend_list_end = .

log_link_area   0x0000000008002d68        0x0
                0x0000000008002d68                _log_link_list_start = .
 *(SORT_BY_NAME(SORT_BY_ALIGNMENT(._log_link.static.*)))
                0x0000000008002d68                _log_link_list_end = .

tracing_backend_area
                0x0000000008002d68        0x0
                0x0000000008002d68                _tracing_backend_list_start = .
 *(SORT_BY_NAME(SORT_BY_ALIGNMENT(._tracing_backend.static.*)))
                0x0000000008002d68                _tracing_backend_list_end = .

zephyr_dbg_info
 *(SORT_BY_ALIGNMENT(.dbg_thread_info))

symbol_to_keep  0x0000000008002d68        0x0
                0x0000000008002d68                __symbol_to_keep_start = .
 *(SORT_BY_NAME(SORT_BY_ALIGNMENT(.symbol_to_keep*)))
                0x0000000008002d68                __symbol_to_keep_end = .

shell_area      0x0000000008002d68        0x0
                0x0000000008002d68                _shell_list_start = .
 *(SORT_BY_NAME(SORT_BY_ALIGNMENT(._shell.static.*)))
                0x0000000008002d68                _shell_list_end = .

shell_root_cmds_area
                0x0000000008002d68        0x0
                0x0000000008002d68                _shell_root_cmds_list_start = .
 *(SORT_BY_NAME(SORT_BY_ALIGNMENT(._shell_root_cmds.static.*)))
                0x0000000008002d68                _shell_root_cmds_list_end = .

shell_subcmds_area
                0x0000000008002d68        0x0
                0x0000000008002d68                _shell_subcmds_list_start = .
 *(SORT_BY_NAME(SORT_BY_ALIGNMENT(._shell_subcmds.static.*)))
                0x0000000008002d68                _shell_subcmds_list_end = .

shell_dynamic_subcmds_area
                0x0000000008002d68        0x0
                0x0000000008002d68                _shell_dynamic_subcmds_list_start = .
 *(SORT_BY_NAME(SORT_BY_ALIGNMENT(._shell_dynamic_subcmds.static.*)))
                0x0000000008002d68                _shell_dynamic_subcmds_list_end = .

cfb_font_area   0x0000000008002d68        0x0
                0x0000000008002d68                _cfb_font_list_start = .
 *(SORT_BY_NAME(SORT_BY_ALIGNMENT(._cfb_font.static.*)))
                0x0000000008002d68                _cfb_font_list_end = .

rodata          0x0000000008002d68      0x1a0
 *(SORT_BY_ALIGNMENT(.rodata))
 *(SORT_BY_ALIGNMENT(.rodata.*))
 .rodata.led3   0x0000000008002d68        0x8 app/libapp.a(main.c.obj)
 .rodata.led2   0x0000000008002d70        0x8 app/libapp.a(main.c.obj)
 .rodata.led1   0x0000000008002d78        0x8 app/libapp.a(main.c.obj)
 .rodata.gpio_stm32_cfg_e
                0x0000000008002d80       0x14 zephyr/drivers/gpio/libdrivers__gpio.a(gpio_stm32.c.obj)
 .rodata.gpio_stm32_cfg_d
                0x0000000008002d94       0x14 zephyr/drivers/gpio/libdrivers__gpio.a(gpio_stm32.c.obj)
 .rodata.gpio_stm32_cfg_c
                0x0000000008002da8       0x14 zephyr/drivers/gpio/libdrivers__gpio.a(gpio_stm32.c.obj)
 .rodata.gpio_stm32_cfg_b
                0x0000000008002dbc       0x14 zephyr/drivers/gpio/libdrivers__gpio.a(gpio_stm32.c.obj)
 .rodata.gpio_stm32_cfg_a
                0x0000000008002dd0       0x14 zephyr/drivers/gpio/libdrivers__gpio.a(gpio_stm32.c.obj)
 .rodata.gpio_stm32_driver
                0x0000000008002de4       0x24 zephyr/drivers/gpio/libdrivers__gpio.a(gpio_stm32.c.obj)
 .rodata._k_neg_eagain
                0x0000000008002e08        0x4 zephyr/kernel/libkernel.a(errno.c.obj)
                0x0000000008002e08                _k_neg_eagain
 .rodata.levels.0
                0x0000000008002e0c       0x18 zephyr/kernel/libkernel.a(init.c.obj)
 .rodata.str1.1
                0x0000000008002e24       0x11 zephyr/libzephyr.a(cbprintf_packaged.c.obj)
 .rodata.z_cbvprintf_impl.str1.1
                0x0000000008002e35        0x6 zephyr/libzephyr.a(cbprintf_complete.c.obj)
 .rodata.line_range_6.0
                0x0000000008002e3b        0x2 zephyr/drivers/interrupt_controller/libdrivers__interrupt_controller.a(intc_exti_stm32.c.obj)
 .rodata.line_range_5.1
                0x0000000008002e3d        0x2 zephyr/drivers/interrupt_controller/libdrivers__interrupt_controller.a(intc_exti_stm32.c.obj)
 .rodata.line_range_4.2
                0x0000000008002e3f        0x2 zephyr/drivers/interrupt_controller/libdrivers__interrupt_controller.a(intc_exti_stm32.c.obj)
 .rodata.line_range_3.3
                0x0000000008002e41        0x2 zephyr/drivers/interrupt_controller/libdrivers__interrupt_controller.a(intc_exti_stm32.c.obj)
 .rodata.line_range_2.4
                0x0000000008002e43        0x2 zephyr/drivers/interrupt_controller/libdrivers__interrupt_controller.a(intc_exti_stm32.c.obj)
 .rodata.line_range_1.5
                0x0000000008002e45        0x2 zephyr/drivers/interrupt_controller/libdrivers__interrupt_controller.a(intc_exti_stm32.c.obj)
 .rodata.line_range_0.6
                0x0000000008002e47        0x2 zephyr/drivers/interrupt_controller/libdrivers__interrupt_controller.a(intc_exti_stm32.c.obj)
 .rodata.str1.1
                0x0000000008002e49       0x1e zephyr/drivers/interrupt_controller/libdrivers__interrupt_controller.a(intc_exti_stm32.c.obj)
 .rodata.str1.1
                0x0000000008002e67        0xd zephyr/drivers/clock_control/libdrivers__clock_control.a(clock_stm32_ll_common.c.obj)
 .rodata.str1.1
                0x0000000008002e74       0x46 zephyr/drivers/gpio/libdrivers__gpio.a(gpio_stm32.c.obj)
 .rodata.AHBPrescTable
                0x0000000008002eba       0x10 modules/stm32/stm32cube/lib..__modules__hal__stm32__stm32cube.a(system_stm32f1xx.c.obj)
                0x0000000008002eba                AHBPrescTable
 .rodata.HAL_RCC_GetSysClockFreq.str1.1
                0x0000000008002eca       0x11 modules/stm32/stm32cube/lib..__modules__hal__stm32__stm32cube.a(stm32f1xx_hal_rcc.c.obj)
 .rodata.z_cstart.str1.1
                0x0000000008002edb        0x5 zephyr/kernel/libkernel.a(init.c.obj)
 .rodata.str1.1
                0x0000000008002ee0        0x3 zephyr/kernel/libkernel.a(init.c.obj)
 .rodata.boot_banner.str1.1
                0x0000000008002ee3       0x22 zephyr/kernel/libkernel.a(banner.c.obj)
 *(SORT_BY_ALIGNMENT(.gnu.linkonce.r.*))
                0x0000000008002f08                . = ALIGN (0x4)
 *fill*         0x0000000008002f05        0x3 
                0x0000000008002f08                __rodata_region_end = .
                0x0000000008002f08                . = ALIGN (_region_min_align)
                0x0000000008002f08                __rom_region_end = ((__rom_region_start + .) - ADDR (rom_start))

/DISCARD/
 *(SORT_BY_ALIGNMENT(.got.plt))
 *(SORT_BY_ALIGNMENT(.igot.plt))
 *(SORT_BY_ALIGNMENT(.got))
 *(SORT_BY_ALIGNMENT(.igot))
                0x0000000020000000                . = 0x20000000
                0x0000000020000000                . = ALIGN (_region_min_align)
                0x0000000020000000                _image_ram_start = .

.ramfunc        0x0000000020000000        0x0 load address 0x0000000008002f08
                0x0000000020000000                . = ALIGN (_region_min_align)
                0x0000000020000000                __ramfunc_start = .
 *(SORT_BY_ALIGNMENT(.ramfunc))
 *(SORT_BY_ALIGNMENT(.ramfunc.*))
                0x0000000020000000                . = ALIGN (_region_min_align)
                0x0000000020000000                __ramfunc_end = .
                0x0000000000000000                __ramfunc_size = (__ramfunc_end - __ramfunc_start)
                0x0000000008002f08                __ramfunc_load_start = LOADADDR (.ramfunc)

datas           0x0000000020000000       0x3c load address 0x0000000008002f08
                0x0000000020000000                __data_region_start = .
                0x0000000020000000                __data_start = .
 *(SORT_BY_ALIGNMENT(.data))
 *(SORT_BY_ALIGNMENT(.data.*))
 .data._char_out
                0x0000000020000000        0x4 zephyr/libzephyr.a(printk.c.obj)
                0x0000000020000000                _char_out
 .data.stm32_clock_control_api
                0x0000000020000004       0x1c zephyr/drivers/clock_control/libdrivers__clock_control.a(clock_stm32_ll_common.c.obj)
 .data.SystemCoreClock
                0x0000000020000020        0x4 modules/stm32/stm32cube/lib..__modules__hal__stm32__stm32cube.a(system_stm32f1xx.c.obj)
                0x0000000020000020                SystemCoreClock
 .data.timeout_list
                0x0000000020000024        0x8 zephyr/kernel/libkernel.a(timeout.c.obj)
 .data.exti_irq_table
                0x000000002000002c       0x10 zephyr/drivers/interrupt_controller/libdrivers__interrupt_controller.a(intc_exti_stm32.c.obj)
 *(SORT_BY_ALIGNMENT(.kernel.*))
                0x000000002000003c                __data_end = .
                0x000000000000003c                __data_size = (__data_end - __data_start)
                0x0000000008002f08                __data_load_start = LOADADDR (datas)
                0x0000000008002f08                __data_region_load_start = LOADADDR (datas)

device_states   0x000000002000003c        0xe load address 0x0000000008002f44
                0x000000002000003c                __device_states_start = .
 *(SORT_BY_ALIGNMENT(.z_devstate))
 .z_devstate    0x000000002000003c        0x2 zephyr/drivers/interrupt_controller/libdrivers__interrupt_controller.a(intc_exti_stm32.c.obj)
 .z_devstate    0x000000002000003e        0x2 zephyr/drivers/clock_control/libdrivers__clock_control.a(clock_stm32_ll_common.c.obj)
 .z_devstate    0x0000000020000040        0xa zephyr/drivers/gpio/libdrivers__gpio.a(gpio_stm32.c.obj)
 *(SORT_BY_ALIGNMENT(.z_devstate.*))
                0x000000002000004a                __device_states_end = .

log_mpsc_pbuf_area
                0x000000002000004a        0x0 load address 0x0000000008002f52
                0x000000002000004a                _log_mpsc_pbuf_list_start = .
 *(SORT_BY_NAME(SORT_BY_ALIGNMENT(._log_mpsc_pbuf.static.*)))
                0x000000002000004a                _log_mpsc_pbuf_list_end = .

log_msg_ptr_area
                0x000000002000004a        0x0 load address 0x0000000008002f52
                0x000000002000004a                _log_msg_ptr_list_start = .
 *(SORT_BY_NAME(SORT_BY_ALIGNMENT(._log_msg_ptr.static.*)))
                0x000000002000004a                _log_msg_ptr_list_end = .

log_dynamic_area
                0x000000002000004a        0x0 load address 0x0000000008002f52
                0x000000002000004a                _log_dynamic_list_start = .
 *(SORT_BY_NAME(SORT_BY_ALIGNMENT(._log_dynamic.static.*)))
                0x000000002000004a                _log_dynamic_list_end = .

k_timer_area    0x000000002000004a        0x0 load address 0x0000000008002f52
                0x000000002000004a                _k_timer_list_start = .
 *(SORT_BY_NAME(SORT_BY_ALIGNMENT(._k_timer.static.*)))
                0x000000002000004a                _k_timer_list_end = .

k_mem_slab_area
                0x000000002000004a        0x0 load address 0x0000000008002f52
                0x000000002000004a                _k_mem_slab_list_start = .
 *(SORT_BY_NAME(SORT_BY_ALIGNMENT(._k_mem_slab.static.*)))
                0x000000002000004a                _k_mem_slab_list_end = .

k_heap_area     0x000000002000004a        0x0 load address 0x0000000008002f52
                0x000000002000004a                _k_heap_list_start = .
 *(SORT_BY_NAME(SORT_BY_ALIGNMENT(._k_heap.static.*)))
                0x000000002000004a                _k_heap_list_end = .

k_mutex_area    0x000000002000004a        0x0 load address 0x0000000008002f52
                0x000000002000004a                _k_mutex_list_start = .
 *(SORT_BY_NAME(SORT_BY_ALIGNMENT(._k_mutex.static.*)))
                0x000000002000004a                _k_mutex_list_end = .

k_stack_area    0x000000002000004a        0x0 load address 0x0000000008002f52
                0x000000002000004a                _k_stack_list_start = .
 *(SORT_BY_NAME(SORT_BY_ALIGNMENT(._k_stack.static.*)))
                0x000000002000004a                _k_stack_list_end = .

k_msgq_area     0x000000002000004a        0x0 load address 0x0000000008002f52
                0x000000002000004a                _k_msgq_list_start = .
 *(SORT_BY_NAME(SORT_BY_ALIGNMENT(._k_msgq.static.*)))
                0x000000002000004a                _k_msgq_list_end = .

k_mbox_area     0x000000002000004a        0x0 load address 0x0000000008002f52
                0x000000002000004a                _k_mbox_list_start = .
 *(SORT_BY_NAME(SORT_BY_ALIGNMENT(._k_mbox.static.*)))
                0x000000002000004a                _k_mbox_list_end = .

k_pipe_area     0x000000002000004a        0x0 load address 0x0000000008002f52
                0x000000002000004a                _k_pipe_list_start = .
 *(SORT_BY_NAME(SORT_BY_ALIGNMENT(._k_pipe.static.*)))
                0x000000002000004a                _k_pipe_list_end = .

k_sem_area      0x000000002000004a        0x0 load address 0x0000000008002f52
                0x000000002000004a                _k_sem_list_start = .
 *(SORT_BY_NAME(SORT_BY_ALIGNMENT(._k_sem.static.*)))
                0x000000002000004a                _k_sem_list_end = .

k_event_area    0x000000002000004a        0x0 load address 0x0000000008002f52
                0x000000002000004a                _k_event_list_start = .
 *(SORT_BY_NAME(SORT_BY_ALIGNMENT(._k_event.static.*)))
                0x000000002000004a                _k_event_list_end = .

k_queue_area    0x000000002000004a        0x0 load address 0x0000000008002f52
                0x000000002000004a                _k_queue_list_start = .
 *(SORT_BY_NAME(SORT_BY_ALIGNMENT(._k_queue.static.*)))
                0x000000002000004a                _k_queue_list_end = .

k_condvar_area  0x000000002000004a        0x0 load address 0x0000000008002f52
                0x000000002000004a                _k_condvar_list_start = .
 *(SORT_BY_NAME(SORT_BY_ALIGNMENT(._k_condvar.static.*)))
                0x000000002000004a                _k_condvar_list_end = .

net_buf_pool_area
                0x000000002000004a        0x0 load address 0x0000000008002f52
                0x000000002000004a                _net_buf_pool_list_start = .
 *(SORT_BY_NAME(SORT_BY_ALIGNMENT(._net_buf_pool.static.*)))
                0x000000002000004a                _net_buf_pool_list_end = .
                0x000000002000004a                __data_region_end = .

bss             0x0000000020000050      0x37a
                0x0000000020000050                . = ALIGN (0x4)
                0x0000000020000050                __bss_start = .
                0x0000000020000050                __kernel_ram_start = .
 *(SORT_BY_ALIGNMENT(.bss))
 *(SORT_BY_ALIGNMENT(.bss.*))
 .bss.led3_thread_data
                0x0000000020000050       0x70 app/libapp.a(main.c.obj)
                0x0000000020000050                led3_thread_data
 .bss.led2_thread_data
                0x00000000200000c0       0x70 app/libapp.a(main.c.obj)
                0x00000000200000c0                led2_thread_data
 .bss.led1_thread_data
                0x0000000020000130       0x70 app/libapp.a(main.c.obj)
                0x0000000020000130                led1_thread_data
 .bss.announced_cycles
                0x00000000200001a0        0x8 zephyr/drivers/timer/libdrivers__timer.a(cortex_m_systick.c.obj)
 .bss.cycle_count
                0x00000000200001a8        0x8 zephyr/drivers/timer/libdrivers__timer.a(cortex_m_systick.c.obj)
 .bss.z_idle_threads
                0x00000000200001b0       0x70 zephyr/kernel/libkernel.a(init.c.obj)
                0x00000000200001b0                z_idle_threads
 .bss.z_main_thread
                0x0000000020000220       0x70 zephyr/kernel/libkernel.a(init.c.obj)
                0x0000000020000220                z_main_thread
 .bss.slice_timeouts
                0x0000000020000290       0x18 zephyr/kernel/libkernel.a(sched.c.obj)
 .bss.curr_tick
                0x00000000200002a8        0x8 zephyr/kernel/libkernel.a(timeout.c.obj)
 .bss.led3_threadid
                0x00000000200002b0        0x4 app/libapp.a(main.c.obj)
                0x00000000200002b0                led3_threadid
 .bss.led2_threadid
                0x00000000200002b4        0x4 app/libapp.a(main.c.obj)
                0x00000000200002b4                led2_threadid
 .bss.led1_threadid
                0x00000000200002b8        0x4 app/libapp.a(main.c.obj)
                0x00000000200002b8                led1_threadid
 .bss.exti_data
                0x00000000200002bc       0x80 zephyr/drivers/interrupt_controller/libdrivers__interrupt_controller.a(intc_exti_stm32.c.obj)
 .bss.gpio_stm32_data_e
                0x000000002000033c       0x10 zephyr/drivers/gpio/libdrivers__gpio.a(gpio_stm32.c.obj)
 .bss.gpio_stm32_data_d
                0x000000002000034c       0x10 zephyr/drivers/gpio/libdrivers__gpio.a(gpio_stm32.c.obj)
 .bss.gpio_stm32_data_c
                0x000000002000035c       0x10 zephyr/drivers/gpio/libdrivers__gpio.a(gpio_stm32.c.obj)
 .bss.gpio_stm32_data_b
                0x000000002000036c       0x10 zephyr/drivers/gpio/libdrivers__gpio.a(gpio_stm32.c.obj)
 .bss.gpio_stm32_data_a
                0x000000002000037c       0x10 zephyr/drivers/gpio/libdrivers__gpio.a(gpio_stm32.c.obj)
 .bss.overflow_cyc
                0x000000002000038c        0x4 zephyr/drivers/timer/libdrivers__timer.a(cortex_m_systick.c.obj)
 .bss.last_load
                0x0000000020000390        0x4 zephyr/drivers/timer/libdrivers__timer.a(cortex_m_systick.c.obj)
 .bss._cpus_active
                0x0000000020000394        0x4 zephyr/kernel/libkernel.a(init.c.obj)
                0x0000000020000394                _cpus_active
 .bss._kernel   0x0000000020000398       0x20 zephyr/kernel/libkernel.a(init.c.obj)
                0x0000000020000398                _kernel
 .bss.pending_current
                0x00000000200003b8        0x4 zephyr/kernel/libkernel.a(sched.c.obj)
 .bss.slice_max_prio
                0x00000000200003bc        0x4 zephyr/kernel/libkernel.a(sched.c.obj)
 .bss.slice_ticks
                0x00000000200003c0        0x4 zephyr/kernel/libkernel.a(sched.c.obj)
 .bss.announce_remaining
                0x00000000200003c4        0x4 zephyr/kernel/libkernel.a(timeout.c.obj)
 .bss.z_sys_post_kernel
                0x00000000200003c8        0x1 zephyr/kernel/libkernel.a(init.c.obj)
                0x00000000200003c8                z_sys_post_kernel
 .bss.slice_expired
                0x00000000200003c9        0x1 zephyr/kernel/libkernel.a(sched.c.obj)
 .bss.sched_spinlock
                0x00000000200003ca        0x0 zephyr/kernel/libkernel.a(sched.c.obj)
                0x00000000200003ca                sched_spinlock
 *(SORT_BY_ALIGNMENT(COMMON))
 *(SORT_BY_ALIGNMENT(.kernel_bss.*))
                0x00000000200003cc                __bss_end = ALIGN (0x4)

noinit          0x00000000200003d0     0x12e8
 *(SORT_BY_ALIGNMENT(.noinit))
 *(SORT_BY_ALIGNMENT(.noinit.*))
 .noinit."CMAKE_SOURCE_DIR/src/main.c".2
                0x00000000200003d0      0x1f8 app/libapp.a(main.c.obj)
                0x00000000200003d0                led3_thread_stack_area
 .noinit."CMAKE_SOURCE_DIR/src/main.c".1
                0x00000000200005c8      0x1f8 app/libapp.a(main.c.obj)
                0x00000000200005c8                led2_thread_stack_area
 .noinit."CMAKE_SOURCE_DIR/src/main.c".0
                0x00000000200007c0      0x1f8 app/libapp.a(main.c.obj)
                0x00000000200007c0                led1_thread_stack_area
 .noinit."WEST_TOPDIR/zephyr/kernel/init.c".2
                0x00000000200009b8      0x800 zephyr/kernel/libkernel.a(init.c.obj)
                0x00000000200009b8                z_interrupt_stacks
 .noinit."WEST_TOPDIR/zephyr/kernel/init.c".1
                0x00000000200011b8      0x100 zephyr/kernel/libkernel.a(init.c.obj)
 .noinit."WEST_TOPDIR/zephyr/kernel/init.c".0
                0x00000000200012b8      0x400 zephyr/kernel/libkernel.a(init.c.obj)
                0x00000000200012b8                z_main_stack
 *(SORT_BY_ALIGNMENT(.kernel_noinit.*))
                0x0000000020005000                __kernel_ram_end = 0x20005000
                0x0000000000004fb0                __kernel_ram_size = (__kernel_ram_end - __kernel_ram_start)

.intList        0x00000000fffff800       0x78
 *(SORT_BY_ALIGNMENT(.irq_info*))
 .irq_info      0x00000000fffff800        0x8 zephyr/arch/common/libisr_tables.a(isr_tables.c.obj)
                0x00000000fffff800                _iheader
 *(SORT_BY_ALIGNMENT(.intList*))
 .intList       0x00000000fffff808       0x70 zephyr/drivers/interrupt_controller/libdrivers__interrupt_controller.a(intc_exti_stm32.c.obj)

.last_ram_section
                0x00000000200016b8        0x0
                0x00000000200016b8                _image_ram_end = .
                0x00000000200016b8                _end = .
                0x00000000200016b8                z_mapped_end = .

.stab
 *(SORT_BY_ALIGNMENT(.stab))

.stabstr
 *(SORT_BY_ALIGNMENT(.stabstr))

.stab.excl
 *(SORT_BY_ALIGNMENT(.stab.excl))

.stab.exclstr
 *(SORT_BY_ALIGNMENT(.stab.exclstr))

.stab.index
 *(SORT_BY_ALIGNMENT(.stab.index))

.stab.indexstr
 *(SORT_BY_ALIGNMENT(.stab.indexstr))

.gnu.build.attributes
 *(SORT_BY_ALIGNMENT(.gnu.build.attributes) SORT_BY_ALIGNMENT(.gnu.build.attributes.*))

.comment        0x0000000000000000       0x20
 *(SORT_BY_ALIGNMENT(.comment))
 .comment       0x0000000000000000       0x20 zephyr/CMakeFiles/offsets.dir/./arch/arm/core/offsets/offsets.c.obj
                                         0x21 (size before relaxing)
 .comment       0x0000000000000020       0x21 app/libapp.a(main.c.obj)
 .comment       0x0000000000000020       0x21 zephyr/libzephyr.a(cbprintf_packaged.c.obj)
 .comment       0x0000000000000020       0x21 zephyr/libzephyr.a(printk.c.obj)
 .comment       0x0000000000000020       0x21 zephyr/libzephyr.a(thread_entry.c.obj)
 .comment       0x0000000000000020       0x21 zephyr/libzephyr.a(cbprintf_complete.c.obj)
 .comment       0x0000000000000020       0x21 zephyr/libzephyr.a(configs.c.obj)
 .comment       0x0000000000000020       0x21 zephyr/libzephyr.a(soc.c.obj)
 .comment       0x0000000000000020       0x21 zephyr/libzephyr.a(soc_config.c.obj)
 .comment       0x0000000000000020       0x21 zephyr/arch/arch/arm/core/aarch32/libarch__arm__core__aarch32.a(fatal.c.obj)
 .comment       0x0000000000000020       0x21 zephyr/arch/arch/arm/core/aarch32/libarch__arm__core__aarch32.a(irq_manage.c.obj)
 .comment       0x0000000000000020       0x21 zephyr/arch/arch/arm/core/aarch32/libarch__arm__core__aarch32.a(nmi.c.obj)
 .comment       0x0000000000000020       0x21 zephyr/arch/arch/arm/core/aarch32/libarch__arm__core__aarch32.a(prep_c.c.obj)
 .comment       0x0000000000000020       0x21 zephyr/arch/arch/arm/core/aarch32/libarch__arm__core__aarch32.a(swap.c.obj)
 .comment       0x0000000000000020       0x21 zephyr/arch/arch/arm/core/aarch32/libarch__arm__core__aarch32.a(thread.c.obj)
 .comment       0x0000000000000020       0x21 zephyr/arch/arch/arm/core/aarch32/cortex_m/libarch__arm__core__aarch32__cortex_m.a(fault.c.obj)
 .comment       0x0000000000000020       0x21 zephyr/arch/arch/arm/core/aarch32/cortex_m/libarch__arm__core__aarch32__cortex_m.a(irq_init.c.obj)
 .comment       0x0000000000000020       0x21 zephyr/arch/arch/arm/core/aarch32/cortex_m/libarch__arm__core__aarch32__cortex_m.a(thread_abort.c.obj)
 .comment       0x0000000000000020       0x21 zephyr/lib/libc/minimal/liblib__libc__minimal.a(string.c.obj)
 .comment       0x0000000000000020       0x21 zephyr/lib/libc/common/liblib__libc__common.a(strnlen.c.obj)
 .comment       0x0000000000000020       0x21 zephyr/drivers/interrupt_controller/libdrivers__interrupt_controller.a(intc_exti_stm32.c.obj)
 .comment       0x0000000000000020       0x21 zephyr/drivers/clock_control/libdrivers__clock_control.a(clock_stm32_ll_common.c.obj)
 .comment       0x0000000000000020       0x21 zephyr/drivers/clock_control/libdrivers__clock_control.a(clock_stm32f1.c.obj)
 .comment       0x0000000000000020       0x21 zephyr/drivers/gpio/libdrivers__gpio.a(gpio_stm32.c.obj)
 .comment       0x0000000000000020       0x21 zephyr/drivers/timer/libdrivers__timer.a(cortex_m_systick.c.obj)
 .comment       0x0000000000000020       0x21 modules/stm32/stm32cube/lib..__modules__hal__stm32__stm32cube.a(system_stm32f1xx.c.obj)
 .comment       0x0000000000000020       0x21 modules/stm32/stm32cube/lib..__modules__hal__stm32__stm32cube.a(stm32f1xx_hal_rcc.c.obj)
 .comment       0x0000000000000020       0x21 modules/stm32/stm32cube/lib..__modules__hal__stm32__stm32cube.a(stm32f1xx_ll_utils.c.obj)
 .comment       0x0000000000000020       0x21 zephyr/kernel/libkernel.a(device.c.obj)
 .comment       0x0000000000000020       0x21 zephyr/kernel/libkernel.a(errno.c.obj)
 .comment       0x0000000000000020       0x21 zephyr/kernel/libkernel.a(fatal.c.obj)
 .comment       0x0000000000000020       0x21 zephyr/kernel/libkernel.a(init.c.obj)
 .comment       0x0000000000000020       0x21 zephyr/kernel/libkernel.a(thread.c.obj)
 .comment       0x0000000000000020       0x21 zephyr/kernel/libkernel.a(idle.c.obj)
 .comment       0x0000000000000020       0x21 zephyr/kernel/libkernel.a(sched.c.obj)
 .comment       0x0000000000000020       0x21 zephyr/kernel/libkernel.a(xip.c.obj)
 .comment       0x0000000000000020       0x21 zephyr/kernel/libkernel.a(timeout.c.obj)
 .comment       0x0000000000000020       0x21 zephyr/kernel/libkernel.a(banner.c.obj)
 .comment       0x0000000000000020       0x21 zephyr/arch/common/libisr_tables.a(isr_tables.c.obj)

.debug
 *(SORT_BY_ALIGNMENT(.debug))

.line
 *(SORT_BY_ALIGNMENT(.line))

.debug_srcinfo
 *(SORT_BY_ALIGNMENT(.debug_srcinfo))

.debug_sfnames
 *(SORT_BY_ALIGNMENT(.debug_sfnames))

.debug_aranges  0x0000000000000000      0xc78
 *(SORT_BY_ALIGNMENT(.debug_aranges))
 .debug_aranges
                0x0000000000000000       0x30 zephyr/arch/arch/arm/core/aarch32/libarch__arm__core__aarch32.a(cpu_idle.S.obj)
 .debug_aranges
                0x0000000000000030       0x20 zephyr/arch/arch/arm/core/aarch32/libarch__arm__core__aarch32.a(nmi_on_reset.S.obj)
 .debug_aranges
                0x0000000000000050       0x28 zephyr/arch/arch/arm/core/aarch32/libarch__arm__core__aarch32.a(swap_helper.S.obj)
 .debug_aranges
                0x0000000000000078       0x20 zephyr/arch/arch/arm/core/aarch32/libarch__arm__core__aarch32.a(isr_wrapper.S.obj)
 .debug_aranges
                0x0000000000000098       0x20 zephyr/arch/arch/arm/core/aarch32/cortex_m/libarch__arm__core__aarch32__cortex_m.a(exc_exit.S.obj)
 .debug_aranges
                0x00000000000000b8       0x20 zephyr/arch/arch/arm/core/aarch32/cortex_m/libarch__arm__core__aarch32__cortex_m.a(fault_s.S.obj)
 .debug_aranges
                0x00000000000000d8       0x20 zephyr/arch/arch/arm/core/aarch32/cortex_m/libarch__arm__core__aarch32__cortex_m.a(reset.S.obj)
 .debug_aranges
                0x00000000000000f8       0x20 zephyr/CMakeFiles/offsets.dir/./arch/arm/core/offsets/offsets.c.obj
 .debug_aranges
                0x0000000000000118       0x50 app/libapp.a(main.c.obj)
 .debug_aranges
                0x0000000000000168       0x40 zephyr/libzephyr.a(cbprintf_packaged.c.obj)
 .debug_aranges
                0x00000000000001a8       0x68 zephyr/libzephyr.a(printk.c.obj)
 .debug_aranges
                0x0000000000000210       0x20 zephyr/libzephyr.a(thread_entry.c.obj)
 .debug_aranges
                0x0000000000000230       0x30 zephyr/libzephyr.a(cbprintf_complete.c.obj)
 .debug_aranges
                0x0000000000000260       0x20 zephyr/libzephyr.a(configs.c.obj)
 .debug_aranges
                0x0000000000000280       0x20 zephyr/libzephyr.a(soc.c.obj)
 .debug_aranges
                0x00000000000002a0       0x20 zephyr/libzephyr.a(soc_config.c.obj)
 .debug_aranges
                0x00000000000002c0       0x30 zephyr/arch/arch/arm/core/aarch32/libarch__arm__core__aarch32.a(fatal.c.obj)
 .debug_aranges
                0x00000000000002f0       0x40 zephyr/arch/arch/arm/core/aarch32/libarch__arm__core__aarch32.a(irq_manage.c.obj)
 .debug_aranges
                0x0000000000000330       0x20 zephyr/arch/arch/arm/core/aarch32/libarch__arm__core__aarch32.a(nmi.c.obj)
 .debug_aranges
                0x0000000000000350       0x20 zephyr/arch/arch/arm/core/aarch32/libarch__arm__core__aarch32.a(prep_c.c.obj)
 .debug_aranges
                0x0000000000000370       0x20 zephyr/arch/arch/arm/core/aarch32/libarch__arm__core__aarch32.a(swap.c.obj)
 .debug_aranges
                0x0000000000000390       0x28 zephyr/arch/arch/arm/core/aarch32/libarch__arm__core__aarch32.a(thread.c.obj)
 .debug_aranges
                0x00000000000003b8       0x40 zephyr/arch/arch/arm/core/aarch32/cortex_m/libarch__arm__core__aarch32__cortex_m.a(fault.c.obj)
 .debug_aranges
                0x00000000000003f8       0x20 zephyr/arch/arch/arm/core/aarch32/cortex_m/libarch__arm__core__aarch32__cortex_m.a(irq_init.c.obj)
 .debug_aranges
                0x0000000000000418       0x20 zephyr/arch/arch/arm/core/aarch32/cortex_m/libarch__arm__core__aarch32__cortex_m.a(thread_abort.c.obj)
 .debug_aranges
                0x0000000000000438       0x90 zephyr/lib/libc/minimal/liblib__libc__minimal.a(string.c.obj)
 .debug_aranges
                0x00000000000004c8       0x20 zephyr/lib/libc/common/liblib__libc__common.a(strnlen.c.obj)
 .debug_aranges
                0x00000000000004e8       0x58 zephyr/drivers/interrupt_controller/libdrivers__interrupt_controller.a(intc_exti_stm32.c.obj)
 .debug_aranges
                0x0000000000000540       0x48 zephyr/drivers/clock_control/libdrivers__clock_control.a(clock_stm32_ll_common.c.obj)
 .debug_aranges
                0x0000000000000588       0x28 zephyr/drivers/clock_control/libdrivers__clock_control.a(clock_stm32f1.c.obj)
 .debug_aranges
                0x00000000000005b0       0x90 zephyr/drivers/gpio/libdrivers__gpio.a(gpio_stm32.c.obj)
 .debug_aranges
                0x0000000000000640       0x60 zephyr/drivers/timer/libdrivers__timer.a(cortex_m_systick.c.obj)
 .debug_aranges
                0x00000000000006a0       0x28 modules/stm32/stm32cube/lib..__modules__hal__stm32__stm32cube.a(system_stm32f1xx.c.obj)
 .debug_aranges
                0x00000000000006c8       0x88 modules/stm32/stm32cube/lib..__modules__hal__stm32__stm32cube.a(stm32f1xx_hal_rcc.c.obj)
 .debug_aranges
                0x0000000000000750       0x50 modules/stm32/stm32cube/lib..__modules__hal__stm32__stm32cube.a(stm32f1xx_ll_utils.c.obj)
 .debug_aranges
                0x00000000000007a0       0x38 zephyr/kernel/libkernel.a(device.c.obj)
 .debug_aranges
                0x00000000000007d8       0x20 zephyr/kernel/libkernel.a(errno.c.obj)
 .debug_aranges
                0x00000000000007f8       0x60 zephyr/kernel/libkernel.a(fatal.c.obj)
 .debug_aranges
                0x0000000000000858       0x50 zephyr/kernel/libkernel.a(init.c.obj)
 .debug_aranges
                0x00000000000008a8       0xb8 zephyr/kernel/libkernel.a(thread.c.obj)
 .debug_aranges
                0x0000000000000960       0x30 zephyr/kernel/libkernel.a(idle.c.obj)
 .debug_aranges
                0x0000000000000990      0x200 zephyr/kernel/libkernel.a(sched.c.obj)
 .debug_aranges
                0x0000000000000b90       0x20 zephyr/kernel/libkernel.a(xip.c.obj)
 .debug_aranges
                0x0000000000000bb0       0x90 zephyr/kernel/libkernel.a(timeout.c.obj)
 .debug_aranges
                0x0000000000000c40       0x20 zephyr/kernel/libkernel.a(banner.c.obj)
 .debug_aranges
                0x0000000000000c60       0x18 zephyr/arch/common/libisr_tables.a(isr_tables.c.obj)

.debug_pubnames
 *(SORT_BY_ALIGNMENT(.debug_pubnames))

.debug_info     0x0000000000000000    0x2d136
 *(SORT_BY_ALIGNMENT(.debug_info) SORT_BY_ALIGNMENT(.gnu.linkonce.wi.*))
 .debug_info    0x0000000000000000       0xdc zephyr/CMakeFiles/offsets.dir/./arch/arm/core/offsets/offsets.c.obj
 .debug_info    0x00000000000000dc     0x1a5e app/libapp.a(main.c.obj)
 .debug_info    0x0000000000001b3a     0x1e0c zephyr/libzephyr.a(cbprintf_packaged.c.obj)
 .debug_info    0x0000000000003946      0x6de zephyr/libzephyr.a(printk.c.obj)
 .debug_info    0x0000000000004024      0x5d2 zephyr/libzephyr.a(thread_entry.c.obj)
 .debug_info    0x00000000000045f6     0x1063 zephyr/libzephyr.a(cbprintf_complete.c.obj)
 .debug_info    0x0000000000005659       0x38 zephyr/libzephyr.a(configs.c.obj)
 .debug_info    0x0000000000005691      0x1e9 zephyr/libzephyr.a(soc.c.obj)
 .debug_info    0x000000000000587a      0x208 zephyr/libzephyr.a(soc_config.c.obj)
 .debug_info    0x0000000000005a82       0x22 zephyr/arch/arch/arm/core/aarch32/libarch__arm__core__aarch32.a(cpu_idle.S.obj)
 .debug_info    0x0000000000005aa4     0x253e zephyr/arch/arch/arm/core/aarch32/libarch__arm__core__aarch32.a(fatal.c.obj)
 .debug_info    0x0000000000007fe2      0x923 zephyr/arch/arch/arm/core/aarch32/libarch__arm__core__aarch32.a(irq_manage.c.obj)
 .debug_info    0x0000000000008905       0xb6 zephyr/arch/arch/arm/core/aarch32/libarch__arm__core__aarch32.a(nmi.c.obj)
 .debug_info    0x00000000000089bb       0x23 zephyr/arch/arch/arm/core/aarch32/libarch__arm__core__aarch32.a(nmi_on_reset.S.obj)
 .debug_info    0x00000000000089de      0x3b6 zephyr/arch/arch/arm/core/aarch32/libarch__arm__core__aarch32.a(prep_c.c.obj)
 .debug_info    0x0000000000008d94      0x76e zephyr/arch/arch/arm/core/aarch32/libarch__arm__core__aarch32.a(swap.c.obj)
 .debug_info    0x0000000000009502       0x22 zephyr/arch/arch/arm/core/aarch32/libarch__arm__core__aarch32.a(swap_helper.S.obj)
 .debug_info    0x0000000000009524      0x7cc zephyr/arch/arch/arm/core/aarch32/libarch__arm__core__aarch32.a(thread.c.obj)
 .debug_info    0x0000000000009cf0       0x23 zephyr/arch/arch/arm/core/aarch32/libarch__arm__core__aarch32.a(isr_wrapper.S.obj)
 .debug_info    0x0000000000009d13       0x23 zephyr/arch/arch/arm/core/aarch32/cortex_m/libarch__arm__core__aarch32__cortex_m.a(exc_exit.S.obj)
 .debug_info    0x0000000000009d36     0xb089 zephyr/arch/arch/arm/core/aarch32/cortex_m/libarch__arm__core__aarch32__cortex_m.a(fault.c.obj)
 .debug_info    0x0000000000014dbf       0x23 zephyr/arch/arch/arm/core/aarch32/cortex_m/libarch__arm__core__aarch32__cortex_m.a(fault_s.S.obj)
 .debug_info    0x0000000000014de2      0x5cc zephyr/arch/arch/arm/core/aarch32/cortex_m/libarch__arm__core__aarch32__cortex_m.a(irq_init.c.obj)
 .debug_info    0x00000000000153ae       0x23 zephyr/arch/arch/arm/core/aarch32/cortex_m/libarch__arm__core__aarch32__cortex_m.a(reset.S.obj)
 .debug_info    0x00000000000153d1      0x7ae zephyr/arch/arch/arm/core/aarch32/cortex_m/libarch__arm__core__aarch32__cortex_m.a(thread_abort.c.obj)
 .debug_info    0x0000000000015b7f      0x6de zephyr/lib/libc/minimal/liblib__libc__minimal.a(string.c.obj)
 .debug_info    0x000000000001625d       0xd7 zephyr/lib/libc/common/liblib__libc__common.a(strnlen.c.obj)
 .debug_info    0x0000000000016334      0xf0b zephyr/drivers/interrupt_controller/libdrivers__interrupt_controller.a(intc_exti_stm32.c.obj)
 .debug_info    0x000000000001723f      0xed8 zephyr/drivers/clock_control/libdrivers__clock_control.a(clock_stm32_ll_common.c.obj)
 .debug_info    0x0000000000018117      0x223 zephyr/drivers/clock_control/libdrivers__clock_control.a(clock_stm32f1.c.obj)
 .debug_info    0x000000000001833a     0x2975 zephyr/drivers/gpio/libdrivers__gpio.a(gpio_stm32.c.obj)
 .debug_info    0x000000000001acaf      0xe2d zephyr/drivers/timer/libdrivers__timer.a(cortex_m_systick.c.obj)
 .debug_info    0x000000000001badc      0x229 modules/stm32/stm32cube/lib..__modules__hal__stm32__stm32cube.a(system_stm32f1xx.c.obj)
 .debug_info    0x000000000001bd05      0xa55 modules/stm32/stm32cube/lib..__modules__hal__stm32__stm32cube.a(stm32f1xx_hal_rcc.c.obj)
 .debug_info    0x000000000001c75a      0xb98 modules/stm32/stm32cube/lib..__modules__hal__stm32__stm32cube.a(stm32f1xx_ll_utils.c.obj)
 .debug_info    0x000000000001d2f2      0x32b zephyr/kernel/libkernel.a(device.c.obj)
 .debug_info    0x000000000001d61d      0x621 zephyr/kernel/libkernel.a(errno.c.obj)
 .debug_info    0x000000000001dc3e     0x27a5 zephyr/kernel/libkernel.a(fatal.c.obj)
 .debug_info    0x00000000000203e3     0x1947 zephyr/kernel/libkernel.a(init.c.obj)
 .debug_info    0x0000000000021d2a     0x26f7 zephyr/kernel/libkernel.a(thread.c.obj)
 .debug_info    0x0000000000024421      0x269 zephyr/kernel/libkernel.a(idle.c.obj)
 .debug_info    0x000000000002468a     0x7129 zephyr/kernel/libkernel.a(sched.c.obj)
 .debug_info    0x000000000002b7b3      0x136 zephyr/kernel/libkernel.a(xip.c.obj)
 .debug_info    0x000000000002b8e9     0x15d1 zephyr/kernel/libkernel.a(timeout.c.obj)
 .debug_info    0x000000000002ceba       0xc5 zephyr/kernel/libkernel.a(banner.c.obj)
 .debug_info    0x000000000002cf7f      0x1b7 zephyr/arch/common/libisr_tables.a(isr_tables.c.obj)

.debug_abbrev   0x0000000000000000     0x6abd
 *(SORT_BY_ALIGNMENT(.debug_abbrev))
 .debug_abbrev  0x0000000000000000       0x62 zephyr/CMakeFiles/offsets.dir/./arch/arm/core/offsets/offsets.c.obj
 .debug_abbrev  0x0000000000000062      0x494 app/libapp.a(main.c.obj)
 .debug_abbrev  0x00000000000004f6      0x4eb zephyr/libzephyr.a(cbprintf_packaged.c.obj)
 .debug_abbrev  0x00000000000009e1      0x322 zephyr/libzephyr.a(printk.c.obj)
 .debug_abbrev  0x0000000000000d03      0x23a zephyr/libzephyr.a(thread_entry.c.obj)
 .debug_abbrev  0x0000000000000f3d      0x3f1 zephyr/libzephyr.a(cbprintf_complete.c.obj)
 .debug_abbrev  0x000000000000132e       0x2e zephyr/libzephyr.a(configs.c.obj)
 .debug_abbrev  0x000000000000135c      0x14e zephyr/libzephyr.a(soc.c.obj)
 .debug_abbrev  0x00000000000014aa      0x159 zephyr/libzephyr.a(soc_config.c.obj)
 .debug_abbrev  0x0000000000001603       0x12 zephyr/arch/arch/arm/core/aarch32/libarch__arm__core__aarch32.a(cpu_idle.S.obj)
 .debug_abbrev  0x0000000000001615      0x2c9 zephyr/arch/arch/arm/core/aarch32/libarch__arm__core__aarch32.a(fatal.c.obj)
 .debug_abbrev  0x00000000000018de      0x28c zephyr/arch/arch/arm/core/aarch32/libarch__arm__core__aarch32.a(irq_manage.c.obj)
 .debug_abbrev  0x0000000000001b6a       0x70 zephyr/arch/arch/arm/core/aarch32/libarch__arm__core__aarch32.a(nmi.c.obj)
 .debug_abbrev  0x0000000000001bda       0x14 zephyr/arch/arch/arm/core/aarch32/libarch__arm__core__aarch32.a(nmi_on_reset.S.obj)
 .debug_abbrev  0x0000000000001bee      0x17d zephyr/arch/arch/arm/core/aarch32/libarch__arm__core__aarch32.a(prep_c.c.obj)
 .debug_abbrev  0x0000000000001d6b      0x1d9 zephyr/arch/arch/arm/core/aarch32/libarch__arm__core__aarch32.a(swap.c.obj)
 .debug_abbrev  0x0000000000001f44       0x12 zephyr/arch/arch/arm/core/aarch32/libarch__arm__core__aarch32.a(swap_helper.S.obj)
 .debug_abbrev  0x0000000000001f56      0x207 zephyr/arch/arch/arm/core/aarch32/libarch__arm__core__aarch32.a(thread.c.obj)
 .debug_abbrev  0x000000000000215d       0x14 zephyr/arch/arch/arm/core/aarch32/libarch__arm__core__aarch32.a(isr_wrapper.S.obj)
 .debug_abbrev  0x0000000000002171       0x14 zephyr/arch/arch/arm/core/aarch32/cortex_m/libarch__arm__core__aarch32__cortex_m.a(exc_exit.S.obj)
 .debug_abbrev  0x0000000000002185      0x45c zephyr/arch/arch/arm/core/aarch32/cortex_m/libarch__arm__core__aarch32__cortex_m.a(fault.c.obj)
 .debug_abbrev  0x00000000000025e1       0x14 zephyr/arch/arch/arm/core/aarch32/cortex_m/libarch__arm__core__aarch32__cortex_m.a(fault_s.S.obj)
 .debug_abbrev  0x00000000000025f5      0x168 zephyr/arch/arch/arm/core/aarch32/cortex_m/libarch__arm__core__aarch32__cortex_m.a(irq_init.c.obj)
 .debug_abbrev  0x000000000000275d       0x14 zephyr/arch/arch/arm/core/aarch32/cortex_m/libarch__arm__core__aarch32__cortex_m.a(reset.S.obj)
 .debug_abbrev  0x0000000000002771      0x227 zephyr/arch/arch/arm/core/aarch32/cortex_m/libarch__arm__core__aarch32__cortex_m.a(thread_abort.c.obj)
 .debug_abbrev  0x0000000000002998      0x171 zephyr/lib/libc/minimal/liblib__libc__minimal.a(string.c.obj)
 .debug_abbrev  0x0000000000002b09       0xa0 zephyr/lib/libc/common/liblib__libc__common.a(strnlen.c.obj)
 .debug_abbrev  0x0000000000002ba9      0x482 zephyr/drivers/interrupt_controller/libdrivers__interrupt_controller.a(intc_exti_stm32.c.obj)
 .debug_abbrev  0x000000000000302b      0x4c3 zephyr/drivers/clock_control/libdrivers__clock_control.a(clock_stm32_ll_common.c.obj)
 .debug_abbrev  0x00000000000034ee      0x145 zephyr/drivers/clock_control/libdrivers__clock_control.a(clock_stm32f1.c.obj)
 .debug_abbrev  0x0000000000003633      0x581 zephyr/drivers/gpio/libdrivers__gpio.a(gpio_stm32.c.obj)
 .debug_abbrev  0x0000000000003bb4      0x48c zephyr/drivers/timer/libdrivers__timer.a(cortex_m_systick.c.obj)
 .debug_abbrev  0x0000000000004040      0x13e modules/stm32/stm32cube/lib..__modules__hal__stm32__stm32cube.a(system_stm32f1xx.c.obj)
 .debug_abbrev  0x000000000000417e      0x2f2 modules/stm32/stm32cube/lib..__modules__hal__stm32__stm32cube.a(stm32f1xx_hal_rcc.c.obj)
 .debug_abbrev  0x0000000000004470      0x325 modules/stm32/stm32cube/lib..__modules__hal__stm32__stm32cube.a(stm32f1xx_ll_utils.c.obj)
 .debug_abbrev  0x0000000000004795      0x1bc zephyr/kernel/libkernel.a(device.c.obj)
 .debug_abbrev  0x0000000000004951      0x191 zephyr/kernel/libkernel.a(errno.c.obj)
 .debug_abbrev  0x0000000000004ae2      0x424 zephyr/kernel/libkernel.a(fatal.c.obj)
 .debug_abbrev  0x0000000000004f06      0x678 zephyr/kernel/libkernel.a(init.c.obj)
 .debug_abbrev  0x000000000000557e      0x5c9 zephyr/kernel/libkernel.a(thread.c.obj)
 .debug_abbrev  0x0000000000005b47      0x18d zephyr/kernel/libkernel.a(idle.c.obj)
 .debug_abbrev  0x0000000000005cd4      0x6d6 zephyr/kernel/libkernel.a(sched.c.obj)
 .debug_abbrev  0x00000000000063aa       0xbe zephyr/kernel/libkernel.a(xip.c.obj)
 .debug_abbrev  0x0000000000006468      0x4ac zephyr/kernel/libkernel.a(timeout.c.obj)
 .debug_abbrev  0x0000000000006914       0x8f zephyr/kernel/libkernel.a(banner.c.obj)
 .debug_abbrev  0x00000000000069a3      0x11a zephyr/arch/common/libisr_tables.a(isr_tables.c.obj)

.debug_line     0x0000000000000000     0xfd16
 *(SORT_BY_ALIGNMENT(.debug_line) SORT_BY_ALIGNMENT(.debug_line.*) SORT_BY_ALIGNMENT(.debug_line_end))
 .debug_line    0x0000000000000000      0x13b zephyr/CMakeFiles/offsets.dir/./arch/arm/core/offsets/offsets.c.obj
 .debug_line    0x000000000000013b      0x7a6 app/libapp.a(main.c.obj)
 .debug_line    0x00000000000008e1      0xfe3 zephyr/libzephyr.a(cbprintf_packaged.c.obj)
 .debug_line    0x00000000000018c4      0x444 zephyr/libzephyr.a(printk.c.obj)
 .debug_line    0x0000000000001d08      0x323 zephyr/libzephyr.a(thread_entry.c.obj)
 .debug_line    0x000000000000202b      0xc77 zephyr/libzephyr.a(cbprintf_complete.c.obj)
 .debug_line    0x0000000000002ca2      0x1cb zephyr/libzephyr.a(configs.c.obj)
 .debug_line    0x0000000000002e6d      0x178 zephyr/libzephyr.a(soc.c.obj)
 .debug_line    0x0000000000002fe5      0x126 zephyr/libzephyr.a(soc_config.c.obj)
 .debug_line    0x000000000000310b       0xaa zephyr/arch/arch/arm/core/aarch32/libarch__arm__core__aarch32.a(cpu_idle.S.obj)
 .debug_line    0x00000000000031b5      0x2f6 zephyr/arch/arch/arm/core/aarch32/libarch__arm__core__aarch32.a(fatal.c.obj)
 .debug_line    0x00000000000034ab      0x34a zephyr/arch/arch/arm/core/aarch32/libarch__arm__core__aarch32.a(irq_manage.c.obj)
 .debug_line    0x00000000000037f5       0xd1 zephyr/arch/arch/arm/core/aarch32/libarch__arm__core__aarch32.a(nmi.c.obj)
 .debug_line    0x00000000000038c6       0x7a zephyr/arch/arch/arm/core/aarch32/libarch__arm__core__aarch32.a(nmi_on_reset.S.obj)
 .debug_line    0x0000000000003940      0x2c0 zephyr/arch/arch/arm/core/aarch32/libarch__arm__core__aarch32.a(prep_c.c.obj)
 .debug_line    0x0000000000003c00      0x35d zephyr/arch/arch/arm/core/aarch32/libarch__arm__core__aarch32.a(swap.c.obj)
 .debug_line    0x0000000000003f5d       0xcb zephyr/arch/arch/arm/core/aarch32/libarch__arm__core__aarch32.a(swap_helper.S.obj)
 .debug_line    0x0000000000004028      0x39a zephyr/arch/arch/arm/core/aarch32/libarch__arm__core__aarch32.a(thread.c.obj)
 .debug_line    0x00000000000043c2       0x91 zephyr/arch/arch/arm/core/aarch32/libarch__arm__core__aarch32.a(isr_wrapper.S.obj)
 .debug_line    0x0000000000004453       0x8d zephyr/arch/arch/arm/core/aarch32/cortex_m/libarch__arm__core__aarch32__cortex_m.a(exc_exit.S.obj)
 .debug_line    0x00000000000044e0      0x80a zephyr/arch/arch/arm/core/aarch32/cortex_m/libarch__arm__core__aarch32__cortex_m.a(fault.c.obj)
 .debug_line    0x0000000000004cea       0x87 zephyr/arch/arch/arm/core/aarch32/cortex_m/libarch__arm__core__aarch32__cortex_m.a(fault_s.S.obj)
 .debug_line    0x0000000000004d71      0x1ef zephyr/arch/arch/arm/core/aarch32/cortex_m/libarch__arm__core__aarch32__cortex_m.a(irq_init.c.obj)
 .debug_line    0x0000000000004f60       0x8c zephyr/arch/arch/arm/core/aarch32/cortex_m/libarch__arm__core__aarch32__cortex_m.a(reset.S.obj)
 .debug_line    0x0000000000004fec      0x401 zephyr/arch/arch/arm/core/aarch32/cortex_m/libarch__arm__core__aarch32__cortex_m.a(thread_abort.c.obj)
 .debug_line    0x00000000000053ed      0x528 zephyr/lib/libc/minimal/liblib__libc__minimal.a(string.c.obj)
 .debug_line    0x0000000000005915      0x14f zephyr/lib/libc/common/liblib__libc__common.a(strnlen.c.obj)
 .debug_line    0x0000000000005a64      0x6ec zephyr/drivers/interrupt_controller/libdrivers__interrupt_controller.a(intc_exti_stm32.c.obj)
 .debug_line    0x0000000000006150      0x8e8 zephyr/drivers/clock_control/libdrivers__clock_control.a(clock_stm32_ll_common.c.obj)
 .debug_line    0x0000000000006a38      0x1ea zephyr/drivers/clock_control/libdrivers__clock_control.a(clock_stm32f1.c.obj)
 .debug_line    0x0000000000006c22      0xfc1 zephyr/drivers/gpio/libdrivers__gpio.a(gpio_stm32.c.obj)
 .debug_line    0x0000000000007be3      0x7ff zephyr/drivers/timer/libdrivers__timer.a(cortex_m_systick.c.obj)
 .debug_line    0x00000000000083e2      0x1a3 modules/stm32/stm32cube/lib..__modules__hal__stm32__stm32cube.a(system_stm32f1xx.c.obj)
 .debug_line    0x0000000000008585      0xba0 modules/stm32/stm32cube/lib..__modules__hal__stm32__stm32cube.a(stm32f1xx_hal_rcc.c.obj)
 .debug_line    0x0000000000009125      0x7dc modules/stm32/stm32cube/lib..__modules__hal__stm32__stm32cube.a(stm32f1xx_ll_utils.c.obj)
 .debug_line    0x0000000000009901      0x2b3 zephyr/kernel/libkernel.a(device.c.obj)
 .debug_line    0x0000000000009bb4      0x32c zephyr/kernel/libkernel.a(errno.c.obj)
 .debug_line    0x0000000000009ee0      0x597 zephyr/kernel/libkernel.a(fatal.c.obj)
 .debug_line    0x000000000000a477      0xa37 zephyr/kernel/libkernel.a(init.c.obj)
 .debug_line    0x000000000000aeae      0xb55 zephyr/kernel/libkernel.a(thread.c.obj)
 .debug_line    0x000000000000ba03      0x2ba zephyr/kernel/libkernel.a(idle.c.obj)
 .debug_line    0x000000000000bcbd     0x2f9a zephyr/kernel/libkernel.a(sched.c.obj)
 .debug_line    0x000000000000ec57      0x1be zephyr/kernel/libkernel.a(xip.c.obj)
 .debug_line    0x000000000000ee15      0xd5a zephyr/kernel/libkernel.a(timeout.c.obj)
 .debug_line    0x000000000000fb6f       0xab zephyr/kernel/libkernel.a(banner.c.obj)
 .debug_line    0x000000000000fc1a       0xfc zephyr/arch/common/libisr_tables.a(isr_tables.c.obj)

.debug_frame    0x0000000000000000     0x1a34
 *(SORT_BY_ALIGNMENT(.debug_frame))
 .debug_frame   0x0000000000000000       0x20 zephyr/CMakeFiles/offsets.dir/./arch/arm/core/offsets/offsets.c.obj
 .debug_frame   0x0000000000000020       0xc0 app/libapp.a(main.c.obj)
 .debug_frame   0x00000000000000e0       0xec zephyr/libzephyr.a(cbprintf_packaged.c.obj)
 .debug_frame   0x00000000000001cc      0x118 zephyr/libzephyr.a(printk.c.obj)
 .debug_frame   0x00000000000002e4       0x28 zephyr/libzephyr.a(thread_entry.c.obj)
 .debug_frame   0x000000000000030c       0x88 zephyr/libzephyr.a(cbprintf_complete.c.obj)
 .debug_frame   0x0000000000000394       0x20 zephyr/libzephyr.a(configs.c.obj)
 .debug_frame   0x00000000000003b4       0x20 zephyr/libzephyr.a(soc.c.obj)
 .debug_frame   0x00000000000003d4       0x20 zephyr/libzephyr.a(soc_config.c.obj)
 .debug_frame   0x00000000000003f4       0x48 zephyr/arch/arch/arm/core/aarch32/libarch__arm__core__aarch32.a(fatal.c.obj)
 .debug_frame   0x000000000000043c       0x60 zephyr/arch/arch/arm/core/aarch32/libarch__arm__core__aarch32.a(irq_manage.c.obj)
 .debug_frame   0x000000000000049c       0x2c zephyr/arch/arch/arm/core/aarch32/libarch__arm__core__aarch32.a(nmi.c.obj)
 .debug_frame   0x00000000000004c8       0x28 zephyr/arch/arch/arm/core/aarch32/libarch__arm__core__aarch32.a(prep_c.c.obj)
 .debug_frame   0x00000000000004f0       0x20 zephyr/arch/arch/arm/core/aarch32/libarch__arm__core__aarch32.a(swap.c.obj)
 .debug_frame   0x0000000000000510       0x30 zephyr/arch/arch/arm/core/aarch32/libarch__arm__core__aarch32.a(thread.c.obj)
 .debug_frame   0x0000000000000540       0x84 zephyr/arch/arch/arm/core/aarch32/cortex_m/libarch__arm__core__aarch32__cortex_m.a(fault.c.obj)
 .debug_frame   0x00000000000005c4       0x20 zephyr/arch/arch/arm/core/aarch32/cortex_m/libarch__arm__core__aarch32__cortex_m.a(irq_init.c.obj)
 .debug_frame   0x00000000000005e4       0x20 zephyr/arch/arch/arm/core/aarch32/cortex_m/libarch__arm__core__aarch32__cortex_m.a(thread_abort.c.obj)
 .debug_frame   0x0000000000000604      0x160 zephyr/lib/libc/minimal/liblib__libc__minimal.a(string.c.obj)
 .debug_frame   0x0000000000000764       0x20 zephyr/lib/libc/common/liblib__libc__common.a(strnlen.c.obj)
 .debug_frame   0x0000000000000784       0xc0 zephyr/drivers/interrupt_controller/libdrivers__interrupt_controller.a(intc_exti_stm32.c.obj)
 .debug_frame   0x0000000000000844       0x84 zephyr/drivers/clock_control/libdrivers__clock_control.a(clock_stm32_ll_common.c.obj)
 .debug_frame   0x00000000000008c8       0x30 zephyr/drivers/clock_control/libdrivers__clock_control.a(clock_stm32f1.c.obj)
 .debug_frame   0x00000000000008f8      0x18c zephyr/drivers/gpio/libdrivers__gpio.a(gpio_stm32.c.obj)
 .debug_frame   0x0000000000000a84       0xe4 zephyr/drivers/timer/libdrivers__timer.a(cortex_m_systick.c.obj)
 .debug_frame   0x0000000000000b68       0x30 modules/stm32/stm32cube/lib..__modules__hal__stm32__stm32cube.a(system_stm32f1xx.c.obj)
 .debug_frame   0x0000000000000b98      0x150 modules/stm32/stm32cube/lib..__modules__hal__stm32__stm32cube.a(stm32f1xx_hal_rcc.c.obj)
 .debug_frame   0x0000000000000ce8       0xc8 modules/stm32/stm32cube/lib..__modules__hal__stm32__stm32cube.a(stm32f1xx_ll_utils.c.obj)
 .debug_frame   0x0000000000000db0       0x5c zephyr/kernel/libkernel.a(device.c.obj)
 .debug_frame   0x0000000000000e0c       0x20 zephyr/kernel/libkernel.a(errno.c.obj)
 .debug_frame   0x0000000000000e2c       0xc8 zephyr/kernel/libkernel.a(fatal.c.obj)
 .debug_frame   0x0000000000000ef4       0xbc zephyr/kernel/libkernel.a(init.c.obj)
 .debug_frame   0x0000000000000fb0      0x1c4 zephyr/kernel/libkernel.a(thread.c.obj)
 .debug_frame   0x0000000000001174       0x48 zephyr/kernel/libkernel.a(idle.c.obj)
 .debug_frame   0x00000000000011bc      0x628 zephyr/kernel/libkernel.a(sched.c.obj)
 .debug_frame   0x00000000000017e4       0x2c zephyr/kernel/libkernel.a(xip.c.obj)
 .debug_frame   0x0000000000001810      0x1a4 zephyr/kernel/libkernel.a(timeout.c.obj)
 .debug_frame   0x00000000000019b4       0x20 zephyr/kernel/libkernel.a(banner.c.obj)
 .debug_frame   0x00000000000019d4       0x2c d:/desktop/source/zephyr-sdk-0.16.1/arm-zephyr-eabi/bin/../lib/gcc/arm-zephyr-eabi/12.2.0/thumb/v7-m/nofp\libgcc.a(_aeabi_uldivmod.o)
 .debug_frame   0x0000000000001a00       0x34 d:/desktop/source/zephyr-sdk-0.16.1/arm-zephyr-eabi/bin/../lib/gcc/arm-zephyr-eabi/12.2.0/thumb/v7-m/nofp\libgcc.a(_udivmoddi4.o)

.debug_str      0x0000000000000000     0x5f51
 *(SORT_BY_ALIGNMENT(.debug_str))
 .debug_str     0x0000000000000000      0x318 zephyr/CMakeFiles/offsets.dir/./arch/arm/core/offsets/offsets.c.obj
                                        0x351 (size before relaxing)
 .debug_str     0x0000000000000318      0x859 app/libapp.a(main.c.obj)
                                        0xc8b (size before relaxing)
 .debug_str     0x0000000000000b71      0x6ac zephyr/libzephyr.a(cbprintf_packaged.c.obj)
                                        0xa52 (size before relaxing)
 .debug_str     0x000000000000121d      0x104 zephyr/libzephyr.a(printk.c.obj)
                                        0x5a9 (size before relaxing)
 .debug_str     0x0000000000001321       0x82 zephyr/libzephyr.a(thread_entry.c.obj)
                                        0x4b8 (size before relaxing)
 .debug_str     0x00000000000013a3      0x36b zephyr/libzephyr.a(cbprintf_complete.c.obj)
                                        0x639 (size before relaxing)
 .debug_str     0x000000000000170e       0x60 zephyr/libzephyr.a(configs.c.obj)
                                        0x1cb (size before relaxing)
 .debug_str     0x000000000000176e       0x78 zephyr/libzephyr.a(soc.c.obj)
                                        0x2ec (size before relaxing)
 .debug_str     0x00000000000017e6       0x67 zephyr/libzephyr.a(soc_config.c.obj)
                                        0x374 (size before relaxing)
 .debug_str     0x000000000000184d       0x51 zephyr/arch/arch/arm/core/aarch32/libarch__arm__core__aarch32.a(cpu_idle.S.obj)
                                         0x82 (size before relaxing)
 .debug_str     0x000000000000189e       0xf1 zephyr/arch/arch/arm/core/aarch32/libarch__arm__core__aarch32.a(fatal.c.obj)
                                        0x7ce (size before relaxing)
 .debug_str     0x000000000000198f      0x56f zephyr/arch/arch/arm/core/aarch32/libarch__arm__core__aarch32.a(irq_manage.c.obj)
                                        0x860 (size before relaxing)
 .debug_str     0x0000000000001efe       0x69 zephyr/arch/arch/arm/core/aarch32/libarch__arm__core__aarch32.a(nmi.c.obj)
                                        0x26f (size before relaxing)
 .debug_str     0x0000000000001f67       0x49 zephyr/arch/arch/arm/core/aarch32/libarch__arm__core__aarch32.a(nmi_on_reset.S.obj)
                                         0x86 (size before relaxing)
 .debug_str     0x0000000000001fb0       0xdf zephyr/arch/arch/arm/core/aarch32/libarch__arm__core__aarch32.a(prep_c.c.obj)
                                        0x39c (size before relaxing)
 .debug_str     0x000000000000208f       0x92 zephyr/arch/arch/arm/core/aarch32/libarch__arm__core__aarch32.a(swap.c.obj)
                                        0x520 (size before relaxing)
 .debug_str     0x0000000000002121       0x48 zephyr/arch/arch/arm/core/aarch32/libarch__arm__core__aarch32.a(swap_helper.S.obj)
                                         0x85 (size before relaxing)
 .debug_str     0x0000000000002169       0x9c zephyr/arch/arch/arm/core/aarch32/libarch__arm__core__aarch32.a(thread.c.obj)
                                        0x577 (size before relaxing)
 .debug_str     0x0000000000002205       0x48 zephyr/arch/arch/arm/core/aarch32/libarch__arm__core__aarch32.a(isr_wrapper.S.obj)
                                         0x85 (size before relaxing)
 .debug_str     0x000000000000224d       0x4e zephyr/arch/arch/arm/core/aarch32/cortex_m/libarch__arm__core__aarch32__cortex_m.a(exc_exit.S.obj)
                                         0x8b (size before relaxing)
 .debug_str     0x000000000000229b      0x64e zephyr/arch/arch/arm/core/aarch32/cortex_m/libarch__arm__core__aarch32__cortex_m.a(fault.c.obj)
                                        0xe79 (size before relaxing)
 .debug_str     0x00000000000028e9       0x4d zephyr/arch/arch/arm/core/aarch32/cortex_m/libarch__arm__core__aarch32__cortex_m.a(fault_s.S.obj)
                                         0x8a (size before relaxing)
 .debug_str     0x0000000000002936       0x4e zephyr/arch/arch/arm/core/aarch32/cortex_m/libarch__arm__core__aarch32__cortex_m.a(irq_init.c.obj)
                                        0x71e (size before relaxing)
 .debug_str     0x0000000000002984       0x4b zephyr/arch/arch/arm/core/aarch32/cortex_m/libarch__arm__core__aarch32__cortex_m.a(reset.S.obj)
                                         0x88 (size before relaxing)
 .debug_str     0x00000000000029cf       0x82 zephyr/arch/arch/arm/core/aarch32/cortex_m/libarch__arm__core__aarch32__cortex_m.a(thread_abort.c.obj)
                                        0x55e (size before relaxing)
 .debug_str     0x0000000000002a51      0x213 zephyr/lib/libc/minimal/liblib__libc__minimal.a(string.c.obj)
                                        0x2fa (size before relaxing)
 .debug_str     0x0000000000002c64       0x53 zephyr/lib/libc/common/liblib__libc__common.a(strnlen.c.obj)